../Core/Src/main.c:262:6:PID_control	16	static
../Core/Src/main.c:300:6:PID_control_line_gap	16	static
../Core/Src/main.c:331:6:PID_Forward_Rotation	16	static
../Core/Src/main.c:377:6:PID_Motor_Turn_Left	16	static
../Core/Src/main.c:419:6:PID_Motor_Turn_Right	16	static
../Core/Src/main.c:463:6:PID_Motor_All_Break	8	static
../Core/Src/main.c:485:6:AGV_waiting	4	static
../Core/Src/main.c:831:6:AGV_Turn_Detection_Completion	32	static
../Core/Src/main.c:978:6:HAL_GPIO_EXTI_Callback	16	static
../Core/Src/main.c:1008:6:HAL_UARTEx_RxEventCallback	16	static
../Core/Src/main.c:1022:6:HAL_TIM_PeriodElapsedCallback	16	static
../Core/Src/main.c:1034:6:debug_led	8	static
../Core/Src/main.c:1158:5:main	96	static
../Core/Src/main.c:1422:6:SystemClock_Config	120	static
../Core/Src/main.c:1482:6:PeriphCommonClock_Config	192	static
../Core/Src/main.c:1510:13:MX_ADC1_Init	56	static
../Core/Src/main.c:1660:13:MX_ADC3_Init	48	static
../Core/Src/main.c:1804:13:MX_SPI1_Init	8	static
../Core/Src/main.c:1852:13:MX_TIM2_Init	48	static
../Core/Src/main.c:1907:13:MX_TIM3_Init	40	static
../Core/Src/main.c:1952:13:MX_TIM4_Init	40	static
../Core/Src/main.c:1997:13:MX_USART1_UART_Init	8	static
../Core/Src/main.c:2045:13:MX_USART3_UART_Init	8	static
../Core/Src/main.c:2091:13:MX_DMA_Init	16	static
../Core/Src/main.c:2112:13:MX_GPIO_Init	64	static
../Core/Src/main.c:2253:6:Error_Handler	4	static,ignoring_inline_asm
