../Core/Src/main.c:265:6:PID_control	16	static
../Core/Src/main.c:303:6:PID_control_line_gap	16	static
../Core/Src/main.c:334:6:PID_Forward_Rotation	16	static
../Core/Src/main.c:380:6:PID_Motor_Turn_Left	16	static
../Core/Src/main.c:422:6:PID_Motor_Turn_Right	16	static
../Core/Src/main.c:466:6:PID_Motor_All_Break	8	static
../Core/Src/main.c:488:6:AGV_waiting	4	static
../Core/Src/main.c:834:6:AGV_Turn_Detection_Completion	32	static
../Core/Src/main.c:981:6:HAL_GPIO_EXTI_Callback	16	static
../Core/Src/main.c:1011:6:HAL_UARTEx_RxEventCallback	16	static
../Core/Src/main.c:1025:6:HAL_TIM_PeriodElapsedCallback	16	static
../Core/Src/main.c:1037:6:debug_led	8	static
../Core/Src/main.c:1161:5:main	96	static
../Core/Src/main.c:1389:6:SystemClock_Config	120	static
../Core/Src/main.c:1449:6:PeriphCommonClock_Config	192	static
../Core/Src/main.c:1477:13:MX_ADC1_Init	56	static
../Core/Src/main.c:1627:13:MX_ADC3_Init	48	static
../Core/Src/main.c:1771:13:MX_SPI1_Init	8	static
../Core/Src/main.c:1819:13:MX_TIM2_Init	48	static
../Core/Src/main.c:1874:13:MX_TIM3_Init	40	static
../Core/Src/main.c:1919:13:MX_TIM4_Init	40	static
../Core/Src/main.c:1964:13:MX_USART1_UART_Init	8	static
../Core/Src/main.c:2012:13:MX_USART3_UART_Init	8	static
../Core/Src/main.c:2058:13:MX_DMA_Init	16	static
../Core/Src/main.c:2079:13:MX_GPIO_Init	64	static
../Core/Src/main.c:2220:6:Error_Handler	4	static,ignoring_inline_asm
