../Core/Src/main.c:241:6:PID_control	16	static
../Core/Src/main.c:279:6:PID_control_line_gap	16	static
../Core/Src/main.c:310:6:PID_Forward_Rotation	16	static
../Core/Src/main.c:356:6:PID_Motor_Turn_Left	16	static
../Core/Src/main.c:398:6:PID_Motor_Turn_Right	16	static
../Core/Src/main.c:442:6:PID_Motor_All_Break	8	static
../Core/Src/main.c:464:6:AGV_waiting	4	static
../Core/Src/main.c:827:6:HAL_GPIO_EXTI_Callback	16	static
../Core/Src/main.c:857:6:HAL_UARTEx_RxEventCallback	16	static
../Core/Src/main.c:876:6:rs485_send_data	16	static
../Core/Src/main.c:910:6:motor_enable_velocity_mode	24	static
../Core/Src/main.c:940:6:set_speed	24	static
../Core/Src/main.c:965:5:map	24	static
../Core/Src/main.c:976:5:main	104	static
../Core/Src/main.c:1358:6:SystemClock_Config	120	static
../Core/Src/main.c:1418:6:PeriphCommonClock_Config	192	static
../Core/Src/main.c:1446:13:MX_ADC1_Init	56	static
../Core/Src/main.c:1596:13:MX_ADC3_Init	48	static
../Core/Src/main.c:1740:13:MX_SPI1_Init	8	static
../Core/Src/main.c:1788:13:MX_TIM2_Init	48	static
../Core/Src/main.c:1841:13:MX_USART1_UART_Init	8	static
../Core/Src/main.c:1887:13:MX_DMA_Init	16	static
../Core/Src/main.c:1908:13:MX_GPIO_Init	64	static
../Core/Src/main.c:2029:6:Error_Handler	4	static,ignoring_inline_asm
