../Core/Src/main.c:253:6:PID_control	16	static
../Core/Src/main.c:291:6:PID_control_line_gap	16	static
../Core/Src/main.c:322:6:PID_Forward_Rotation	16	static
../Core/Src/main.c:368:6:PID_Motor_Turn_Left	16	static
../Core/Src/main.c:410:6:PID_Motor_Turn_Right	16	static
../Core/Src/main.c:454:6:PID_Motor_All_Break	8	static
../Core/Src/main.c:476:6:AGV_waiting	4	static
../Core/Src/main.c:539:6:AGV_Turn_Detection_Completion	32	static
../Core/Src/main.c:805:6:HAL_GPIO_EXTI_Callback	16	static
../Core/Src/main.c:835:6:HAL_UARTEx_RxEventCallback	16	static
../Core/Src/main.c:957:5:main	96	static
../Core/Src/main.c:1213:6:SystemClock_Config	120	static
../Core/Src/main.c:1273:6:PeriphCommonClock_Config	192	static
../Core/Src/main.c:1301:13:MX_ADC1_Init	56	static
../Core/Src/main.c:1451:13:MX_ADC3_Init	48	static
../Core/Src/main.c:1595:13:MX_SPI1_Init	8	static
../Core/Src/main.c:1643:13:MX_TIM2_Init	48	static
../Core/Src/main.c:1696:13:MX_USART1_UART_Init	8	static
../Core/Src/main.c:1744:13:MX_USART3_UART_Init	8	static
../Core/Src/main.c:1790:13:MX_DMA_Init	16	static
../Core/Src/main.c:1811:13:MX_GPIO_Init	64	static
../Core/Src/main.c:1939:6:Error_Handler	4	static,ignoring_inline_asm
