../Core/Src/main.c:317:6:PID_control	16	static
../Core/Src/main.c:355:6:PID_control_line_gap	16	static
../Core/Src/main.c:386:6:PID_Forward_Rotation	16	static
../Core/Src/main.c:436:6:PID_Motor_Turn_Left	16	static
../Core/Src/main.c:482:6:PID_Motor_Turn_Right	16	static
../Core/Src/main.c:530:6:PID_Motor_All_Break	8	static
../Core/Src/main.c:556:6:AGV_waiting	4	static
../Core/Src/main.c:919:6:HAL_GPIO_EXTI_Callback	16	static
../Core/Src/main.c:949:6:HAL_UARTEx_RxEventCallback	16	static
../Core/Src/main.c:958:6:sendData	16	static
../Core/Src/main.c:965:6:motor_enable_velocity_mode	24	static
../Core/Src/main.c:1003:6:set_speed	24	static
../Core/Src/main.c:1034:5:map	24	static
../Core/Src/main.c:1045:5:main	96	static
../Core/Src/main.c:1394:6:SystemClock_Config	120	static
../Core/Src/main.c:1454:6:PeriphCommonClock_Config	192	static
../Core/Src/main.c:1482:13:MX_ADC1_Init	56	static
../Core/Src/main.c:1632:13:MX_ADC3_Init	48	static
../Core/Src/main.c:1776:13:MX_SPI1_Init	8	static
../Core/Src/main.c:1824:13:MX_TIM2_Init	48	static
../Core/Src/main.c:1877:13:MX_USART1_UART_Init	8	static
../Core/Src/main.c:1923:13:MX_DMA_Init	16	static
../Core/Src/main.c:1944:13:MX_GPIO_Init	64	static
../Core/Src/main.c:2065:6:Error_Handler	4	static,ignoring_inline_asm
