../Core/Src/main.c:260:6:PID_control	16	static
../Core/Src/main.c:298:6:PID_control_line_gap	16	static
../Core/Src/main.c:329:6:PID_Forward_Rotation	16	static
../Core/Src/main.c:375:6:PID_Motor_Turn_Left	16	static
../Core/Src/main.c:417:6:PID_Motor_Turn_Right	16	static
../Core/Src/main.c:461:6:PID_Motor_All_Break	8	static
../Core/Src/main.c:483:6:AGV_waiting	4	static
../Core/Src/main.c:546:6:AGV_Turn_Detection_Completion	32	static
../Core/Src/main.c:812:6:HAL_GPIO_EXTI_Callback	16	static
../Core/Src/main.c:842:6:HAL_UARTEx_RxEventCallback	16	static
../Core/Src/main.c:856:6:HAL_TIM_PeriodElapsedCallback	16	static
../Core/Src/main.c:972:5:main	96	static
../Core/Src/main.c:1233:6:SystemClock_Config	120	static
../Core/Src/main.c:1293:6:PeriphCommonClock_Config	192	static
../Core/Src/main.c:1321:13:MX_ADC1_Init	56	static
../Core/Src/main.c:1471:13:MX_ADC3_Init	48	static
../Core/Src/main.c:1615:13:MX_SPI1_Init	8	static
../Core/Src/main.c:1663:13:MX_TIM2_Init	48	static
../Core/Src/main.c:1718:13:MX_TIM3_Init	40	static
../Core/Src/main.c:1763:13:MX_TIM4_Init	40	static
../Core/Src/main.c:1808:13:MX_USART1_UART_Init	8	static
../Core/Src/main.c:1856:13:MX_USART3_UART_Init	8	static
../Core/Src/main.c:1902:13:MX_DMA_Init	16	static
../Core/Src/main.c:1923:13:MX_GPIO_Init	64	static
../Core/Src/main.c:2061:6:Error_Handler	4	static,ignoring_inline_asm
