../Core/Src/main.c:226:6:Line_Sensor_Calculation	56	static
../Core/Src/main.c:314:6:PID_control	16	static
../Core/Src/main.c:352:6:PID_control_line_gap	16	static
../Core/Src/main.c:383:6:PID_Forward_Rotation	16	static
../Core/Src/main.c:433:6:PID_Motor_Turn_Left	16	static
../Core/Src/main.c:479:6:PID_Motor_Turn_Right	16	static
../Core/Src/main.c:527:6:PID_Motor_All_Break	8	static
../Core/Src/main.c:553:6:AGV_waiting	4	static
../Core/Src/main.c:616:6:AGV_Turn_Detection_Completion	56	static
../Core/Src/main.c:916:6:HAL_GPIO_EXTI_Callback	16	static
../Core/Src/main.c:946:6:HAL_UARTEx_RxEventCallback	16	static
../Core/Src/main.c:955:6:sendData	16	static
../Core/Src/main.c:962:6:motor_enable_velocity_mode	24	static
../Core/Src/main.c:1000:6:set_speed	24	static
../Core/Src/main.c:1031:5:map	24	static
../Core/Src/main.c:1042:5:main	88	static
../Core/Src/main.c:1361:6:SystemClock_Config	120	static
../Core/Src/main.c:1421:6:PeriphCommonClock_Config	192	static
../Core/Src/main.c:1449:13:MX_ADC1_Init	56	static
../Core/Src/main.c:1598:13:MX_ADC3_Init	48	static
../Core/Src/main.c:1741:13:MX_SPI1_Init	8	static
../Core/Src/main.c:1789:13:MX_TIM2_Init	48	static
../Core/Src/main.c:1842:13:MX_USART1_UART_Init	8	static
../Core/Src/main.c:1888:13:MX_DMA_Init	16	static
../Core/Src/main.c:1909:13:MX_GPIO_Init	64	static
../Core/Src/main.c:2030:6:Error_Handler	4	static,ignoring_inline_asm
