Archive member included to satisfy reference by file (symbol)

C:/ST/STM32CubeIDE_1.13.2/STM32CubeIDE/plugins/com.st.stm32cube.ide.mcu.externaltools.gnu-tools-for-stm32.12.3.rel1.win32_1.0.200.202406191623/tools/bin/../lib/gcc/arm-none-eabi/12.3.1/../../../../arm-none-eabi/lib/thumb/v7e-m+fp/hard\libc_nano.a(libc_a-exit.o)
                              C:/ST/STM32CubeIDE_1.13.2/STM32CubeIDE/plugins/com.st.stm32cube.ide.mcu.externaltools.gnu-tools-for-stm32.12.3.rel1.win32_1.0.200.202406191623/tools/bin/../lib/gcc/arm-none-eabi/12.3.1/../../../../arm-none-eabi/lib/thumb/v7e-m+fp/hard/crt0.o (exit)
C:/ST/STM32CubeIDE_1.13.2/STM32CubeIDE/plugins/com.st.stm32cube.ide.mcu.externaltools.gnu-tools-for-stm32.12.3.rel1.win32_1.0.200.202406191623/tools/bin/../lib/gcc/arm-none-eabi/12.3.1/../../../../arm-none-eabi/lib/thumb/v7e-m+fp/hard\libc_nano.a(libc_a-random.o)
                              ./Core/Src/App/appLcdSpeedTest.o (random)
C:/ST/STM32CubeIDE_1.13.2/STM32CubeIDE/plugins/com.st.stm32cube.ide.mcu.externaltools.gnu-tools-for-stm32.12.3.rel1.win32_1.0.200.202406191623/tools/bin/../lib/gcc/arm-none-eabi/12.3.1/../../../../arm-none-eabi/lib/thumb/v7e-m+fp/hard\libc_nano.a(libc_a-findfp.o)
                              C:/ST/STM32CubeIDE_1.13.2/STM32CubeIDE/plugins/com.st.stm32cube.ide.mcu.externaltools.gnu-tools-for-stm32.12.3.rel1.win32_1.0.200.202406191623/tools/bin/../lib/gcc/arm-none-eabi/12.3.1/../../../../arm-none-eabi/lib/thumb/v7e-m+fp/hard\libc_nano.a(libc_a-exit.o) (__stdio_exit_handler)
C:/ST/STM32CubeIDE_1.13.2/STM32CubeIDE/plugins/com.st.stm32cube.ide.mcu.externaltools.gnu-tools-for-stm32.12.3.rel1.win32_1.0.200.202406191623/tools/bin/../lib/gcc/arm-none-eabi/12.3.1/../../../../arm-none-eabi/lib/thumb/v7e-m+fp/hard\libc_nano.a(libc_a-fwalk.o)
                              C:/ST/STM32CubeIDE_1.13.2/STM32CubeIDE/plugins/com.st.stm32cube.ide.mcu.externaltools.gnu-tools-for-stm32.12.3.rel1.win32_1.0.200.202406191623/tools/bin/../lib/gcc/arm-none-eabi/12.3.1/../../../../arm-none-eabi/lib/thumb/v7e-m+fp/hard\libc_nano.a(libc_a-findfp.o) (_fwalk_sglue)
C:/ST/STM32CubeIDE_1.13.2/STM32CubeIDE/plugins/com.st.stm32cube.ide.mcu.externaltools.gnu-tools-for-stm32.12.3.rel1.win32_1.0.200.202406191623/tools/bin/../lib/gcc/arm-none-eabi/12.3.1/../../../../arm-none-eabi/lib/thumb/v7e-m+fp/hard\libc_nano.a(libc_a-printf.o)
                              ./Core/Src/App/appLcdSpeedTest.o (printf)
C:/ST/STM32CubeIDE_1.13.2/STM32CubeIDE/plugins/com.st.stm32cube.ide.mcu.externaltools.gnu-tools-for-stm32.12.3.rel1.win32_1.0.200.202406191623/tools/bin/../lib/gcc/arm-none-eabi/12.3.1/../../../../arm-none-eabi/lib/thumb/v7e-m+fp/hard\libc_nano.a(libc_a-puts.o)
                              ./Core/Src/App/appLcdSpeedTest.o (puts)
C:/ST/STM32CubeIDE_1.13.2/STM32CubeIDE/plugins/com.st.stm32cube.ide.mcu.externaltools.gnu-tools-for-stm32.12.3.rel1.win32_1.0.200.202406191623/tools/bin/../lib/gcc/arm-none-eabi/12.3.1/../../../../arm-none-eabi/lib/thumb/v7e-m+fp/hard\libc_nano.a(libc_a-sprintf.o)
                              ./Core/Src/main.o (sprintf)
C:/ST/STM32CubeIDE_1.13.2/STM32CubeIDE/plugins/com.st.stm32cube.ide.mcu.externaltools.gnu-tools-for-stm32.12.3.rel1.win32_1.0.200.202406191623/tools/bin/../lib/gcc/arm-none-eabi/12.3.1/../../../../arm-none-eabi/lib/thumb/v7e-m+fp/hard\libc_nano.a(libc_a-stdio.o)
                              C:/ST/STM32CubeIDE_1.13.2/STM32CubeIDE/plugins/com.st.stm32cube.ide.mcu.externaltools.gnu-tools-for-stm32.12.3.rel1.win32_1.0.200.202406191623/tools/bin/../lib/gcc/arm-none-eabi/12.3.1/../../../../arm-none-eabi/lib/thumb/v7e-m+fp/hard\libc_nano.a(libc_a-findfp.o) (__sread)
C:/ST/STM32CubeIDE_1.13.2/STM32CubeIDE/plugins/com.st.stm32cube.ide.mcu.externaltools.gnu-tools-for-stm32.12.3.rel1.win32_1.0.200.202406191623/tools/bin/../lib/gcc/arm-none-eabi/12.3.1/../../../../arm-none-eabi/lib/thumb/v7e-m+fp/hard\libc_nano.a(libc_a-wbuf.o)
                              C:/ST/STM32CubeIDE_1.13.2/STM32CubeIDE/plugins/com.st.stm32cube.ide.mcu.externaltools.gnu-tools-for-stm32.12.3.rel1.win32_1.0.200.202406191623/tools/bin/../lib/gcc/arm-none-eabi/12.3.1/../../../../arm-none-eabi/lib/thumb/v7e-m+fp/hard\libc_nano.a(libc_a-puts.o) (__swbuf_r)
C:/ST/STM32CubeIDE_1.13.2/STM32CubeIDE/plugins/com.st.stm32cube.ide.mcu.externaltools.gnu-tools-for-stm32.12.3.rel1.win32_1.0.200.202406191623/tools/bin/../lib/gcc/arm-none-eabi/12.3.1/../../../../arm-none-eabi/lib/thumb/v7e-m+fp/hard\libc_nano.a(libc_a-wsetup.o)
                              C:/ST/STM32CubeIDE_1.13.2/STM32CubeIDE/plugins/com.st.stm32cube.ide.mcu.externaltools.gnu-tools-for-stm32.12.3.rel1.win32_1.0.200.202406191623/tools/bin/../lib/gcc/arm-none-eabi/12.3.1/../../../../arm-none-eabi/lib/thumb/v7e-m+fp/hard\libc_nano.a(libc_a-puts.o) (__swsetup_r)
[...]
Memory Configuration

Name             Origin             Length             Attributes
RAM              0x20000000         0x00020000         xrw
FLASH            0x08000000         0x00080000         xr
*default*        0x00000000         0xffffffff

Linker script and memory map

LOAD C:/ST/STM32CubeIDE_1.13.2/STM32CubeIDE/plugins/com.st.stm32cube.ide.mcu.externaltools.gnu-tools-for-stm32.12.3.rel1.win32_1.0.200.202406191623/tools/bin/../lib/gcc/arm-none-eabi/12.3.1/thumb/v7e-m+fp/hard/crti.o
LOAD C:/ST/STM32CubeIDE_1.13.2/STM32CubeIDE/plugins/com.st.stm32cube.ide.mcu.externaltools.gnu-tools-for-stm32.12.3.rel1.win32_1.0.200.202406191623/tools/bin/../lib/gcc/arm-none-eabi/12.3.1/thumb/v7e-m+fp/hard/crtbegin.o
LOAD C:/ST/STM32CubeIDE_1.13.2/STM32CubeIDE/plugins/com.st.stm32cube.ide.mcu.externaltools.gnu-tools-for-stm32.12.3.rel1.win32_1.0.200.202406191623/tools/bin/../lib/gcc/arm-none-eabi/12.3.1/../../../../arm-none-eabi/lib/thumb/v7e-m+fp/hard/crt0.o
LOAD ./Core/Src/App/appLcdSpeedTest.o
LOAD ./Core/Src/App/beer_60x100_16.o
LOAD ./Core/Src/App/testbitmap.o
LOAD ./Core/Src/Lcd/Fonts/font12.o
LOAD ./Core/Src/Lcd/Fonts/font16.o
LOAD ./Core/Src/Lcd/Fonts/font20.o
LOAD ./Core/Src/Lcd/Fonts/font24.o
LOAD ./Core/Src/Lcd/Fonts/font8.o
LOAD ./Core/Src/Lcd/ili9486.o
LOAD ./Core/Src/Lcd/lcd_io_gpio8.o
LOAD ./Core/Src/Lcd/stm32_adafruit_lcd.o
LOAD ./Core/Src/LoRa.o
LOAD ./Core/Src/main.o
LOAD ./Core/Src/stm32f4xx_hal_msp.o
LOAD ./Core/Src/stm32f4xx_it.o
LOAD ./Core/Src/syscalls.o
LOAD ./Core/Src/sysmem.o
LOAD ./Core/Src/system_stm32f4xx.o
LOAD ./Core/Startup/startup_stm32f411ceux.o
LOAD ./Drivers/STM32F4xx_HAL_Driver/Src/stm32f4xx_hal.o
LOAD ./Drivers/STM32F4xx_HAL_Driver/Src/stm32f4xx_hal_cortex.o
LOAD ./Drivers/STM32F4xx_HAL_Driver/Src/stm32f4xx_hal_dma.o
LOAD ./Drivers/STM32F4xx_HAL_Driver/Src/stm32f4xx_hal_dma_ex.o
LOAD ./Drivers/STM32F4xx_HAL_Driver/Src/stm32f4xx_hal_exti.o
LOAD ./Drivers/STM32F4xx_HAL_Driver/Src/stm32f4xx_hal_flash.o
LOAD ./Drivers/STM32F4xx_HAL_Driver/Src/stm32f4xx_hal_flash_ex.o
LOAD ./Drivers/STM32F4xx_HAL_Driver/Src/stm32f4xx_hal_flash_ramfunc.o
LOAD ./Drivers/STM32F4xx_HAL_Driver/Src/stm32f4xx_hal_gpio.o
LOAD ./Drivers/STM32F4xx_HAL_Driver/Src/stm32f4xx_hal_pwr.o
LOAD ./Drivers/STM32F4xx_HAL_Driver/Src/stm32f4xx_hal_pwr_ex.o
LOAD ./Drivers/STM32F4xx_HAL_Driver/Src/stm32f4xx_hal_rcc.o
LOAD ./Drivers/STM32F4xx_HAL_Driver/Src/stm32f4xx_hal_rcc_ex.o
LOAD ./Drivers/STM32F4xx_HAL_Driver/Src/stm32f4xx_hal_spi.o
LOAD ./Drivers/STM32F4xx_HAL_Driver/Src/stm32f4xx_hal_tim.o
LOAD ./Drivers/STM32F4xx_HAL_Driver/Src/stm32f4xx_hal_tim_ex.o
START GROUP
LOAD C:/ST/STM32CubeIDE_1.13.2/STM32CubeIDE/plugins/com.st.stm32cube.ide.mcu.externaltools.gnu-tools-for-stm32.12.3.rel1.win32_1.0.200.202406191623/tools/bin/../lib/gcc/arm-none-eabi/12.3.1/../../../../arm-none-eabi/lib/thumb/v7e-m+fp/hard\libc_nano.a
LOAD C:/ST/STM32CubeIDE_1.13.2/STM32CubeIDE/plugins/com.st.stm32cube.ide.mcu.externaltools.gnu-tools-for-stm32.12.3.rel1.win32_1.0.200.202406191623/tools/bin/../lib/gcc/arm-none-eabi/12.3.1/../../../../arm-none-eabi/lib/thumb/v7e-m+fp/hard\libm.a
END GROUP
START GROUP
LOAD C:/ST/STM32CubeIDE_1.13.2/STM32CubeIDE/plugins/com.st.stm32cube.ide.mcu.externaltools.gnu-tools-for-stm32.12.3.rel1.win32_1.0.200.202406191623/tools/bin/../lib/gcc/arm-none-eabi/12.3.1/thumb/v7e-m+fp/hard\libgcc.a
LOAD C:/ST/STM32CubeIDE_1.13.2/STM32CubeIDE/plugins/com.st.stm32cube.ide.mcu.externaltools.gnu-tools-for-stm32.12.3.rel1.win32_1.0.200.202406191623/tools/bin/../lib/gcc/arm-none-eabi/12.3.1/../../../../arm-none-eabi/lib/thumb/v7e-m+fp/hard\libc_nano.a
END GROUP
START GROUP
LOAD C:/ST/STM32CubeIDE_1.13.2/STM32CubeIDE/plugins/com.st.stm32cube.ide.mcu.externaltools.gnu-tools-for-stm32.12.3.rel1.win32_1.0.200.202406191623/tools/bin/../lib/gcc/arm-none-eabi/12.3.1/thumb/v7e-m+fp/hard\libgcc.a
LOAD C:/ST/STM32CubeIDE_1.13.2/STM32CubeIDE/plugins/com.st.stm32cube.ide.mcu.externaltools.gnu-tools-for-stm32.12.3.rel1.win32_1.0.200.202406191623/tools/bin/../lib/gcc/arm-none-eabi/12.3.1/../../../../arm-none-eabi/lib/thumb/v7e-m+fp/hard\libc_nano.a
LOAD C:/ST/STM32CubeIDE_1.13.2/STM32CubeIDE/plugins/com.st.stm32cube.ide.mcu.externaltools.gnu-tools-for-stm32.12.3.rel1.win32_1.0.200.202406191623/tools/bin/../lib/gcc/arm-none-eabi/12.3.1/../../../../arm-none-eabi/lib/thumb/v7e-m+fp/hard\libnosys.a
END GROUP
START GROUP
LOAD C:/ST/STM32CubeIDE_1.13.2/STM32CubeIDE/plugins/com.st.stm32cube.ide.mcu.externaltools.gnu-tools-for-stm32.12.3.rel1.win32_1.0.200.202406191623/tools/bin/../lib/gcc/arm-none-eabi/12.3.1/thumb/v7e-m+fp/hard\libgcc.a
LOAD C:/ST/STM32CubeIDE_1.13.2/STM32CubeIDE/plugins/com.st.stm32cube.ide.mcu.externaltools.gnu-tools-for-stm32.12.3.rel1.win32_1.0.200.202406191623/tools/bin/../lib/gcc/arm-none-eabi/12.3.1/../../../../arm-none-eabi/lib/thumb/v7e-m+fp/hard\libc_nano.a
LOAD C:/ST/STM32CubeIDE_1.13.2/STM32CubeIDE/plugins/com.st.stm32cube.ide.mcu.externaltools.gnu-tools-for-stm32.12.3.rel1.win32_1.0.200.202406191623/tools/bin/../lib/gcc/arm-none-eabi/12.3.1/../../../../arm-none-eabi/lib/thumb/v7e-m+fp/hard\libnosys.a
END GROUP
LOAD C:/ST/STM32CubeIDE_1.13.2/STM32CubeIDE/plugins/com.st.stm32cube.ide.mcu.externaltools.gnu-tools-for-stm32.12.3.rel1.win32_1.0.200.202406191623/tools/bin/../lib/gcc/arm-none-eabi/12.3.1/thumb/v7e-m+fp/hard/crtend.o
LOAD C:/ST/STM32CubeIDE_1.13.2/STM32CubeIDE/plugins/com.st.stm32cube.ide.mcu.externaltools.gnu-tools-for-stm32.12.3.rel1.win32_1.0.200.202406191623/tools/bin/../lib/gcc/arm-none-eabi/12.3.1/thumb/v7e-m+fp/hard/crtn.o
                0x20020000                        _estack = (ORIGIN (RAM) + LENGTH (RAM))
                0x00000200                        _Min_Heap_Size = 0x200
                0x00000400                        _Min_Stack_Size = 0x400

.isr_vector     0x08000000      0x198
                0x08000000                        . = ALIGN (0x4)
 *(.isr_vector)
 .isr_vector    0x08000000      0x198 ./Core/Startup/startup_stm32f411ceux.o
                0x08000000                g_pfnVectors
                0x08000198                        . = ALIGN (0x4)

.text           0x080001a0     0x5dc8
                0x080001a0                        . = ALIGN (0x4)
 *(.text)
 .text          0x080001a0       0x40 C:/ST/STM32CubeIDE_1.13.2/STM32CubeIDE/plugins/com.st.stm32cube.ide.mcu.externaltools.gnu-tools-for-stm32.12.3.rel1.win32_1.0.200.202406191623/tools/bin/../lib/gcc/arm-none-eabi/12.3.1/thumb/v7e-m+fp/hard/crtbegin.o
 .text          0x080001e0       0xa0 C:/ST/STM32CubeIDE_1.13.2/STM32CubeIDE/plugins/com.st.stm32cube.ide.mcu.externaltools.gnu-tools-for-stm32.12.3.rel1.win32_1.0.200.202406191623/tools/bin/../lib/gcc/arm-none-eabi/12.3.1/../../../../arm-none-eabi/lib/thumb/v7e-m+fp/hard\libc_nano.a(libc_a-memchr.o)
                0x080001e0                memchr
 .text          0x08000280      0x378 C:/ST/STM32CubeIDE_1.13.2/STM32CubeIDE/plugins/com.st.stm32cube.ide.mcu.externaltools.gnu-tools-for-stm32.12.3.rel1.win32_1.0.200.202406191623/tools/bin/../lib/gcc/arm-none-eabi/12.3.1/thumb/v7e-m+fp/hard\libgcc.a(_arm_addsubdf3.o)
                0x08000280                __aeabi_drsub
                0x08000288                __aeabi_dsub
                0x08000288                __subdf3
                0x0800028c                __aeabi_dadd
                0x0800028c                __adddf3
                0x08000504                __floatunsidf
                0x08000504                __aeabi_ui2d
                0x08000524                __floatsidf
                0x08000524                __aeabi_i2d
                0x08000548                __aeabi_f2d
                0x08000548                __extendsfdf2
                0x0800058c                __floatundidf
                0x0800058c                __aeabi_ul2d
                0x0800059c                __floatdidf
                0x0800059c                __aeabi_l2d
 .text          0x080005f8      0x424 C:/ST/STM32CubeIDE_1.13.2/STM32CubeIDE/plugins/com.st.stm32cube.ide.mcu.externaltools.gnu-tools-for-stm32.12.3.rel1.win32_1.0.200.202406191623/tools/bin/../lib/gcc/arm-none-eabi/12.3.1/thumb/v7e-m+fp/hard\libgcc.a(_arm_muldivdf3.o)
                0x080005f8                __aeabi_dmul
                0x080005f8                __muldf3
                0x0800084c                __divdf3
                0x0800084c                __aeabi_ddiv
 .text          0x08000a1c       0x50 C:/ST/STM32CubeIDE_1.13.2/STM32CubeIDE/plugins/com.st.stm32cube.ide.mcu.externaltools.gnu-tools-for-stm32.12.3.rel1.win32_1.0.200.202406191623/tools/bin/../lib/gcc/arm-none-eabi/12.3.1/thumb/v7e-m+fp/hard\libgcc.a(_arm_fixdfsi.o)
                0x08000a1c                __aeabi_d2iz
                0x08000a1c                __fixdfsi
 .text          0x08000a6c       0x30 C:/ST/STM32CubeIDE_1.13.2/STM32CubeIDE/plugins/com.st.stm32cube.ide.mcu.externaltools.gnu-tools-for-stm32.12.3.rel1.win32_1.0.200.202406191623/tools/bin/../lib/gcc/arm-none-eabi/12.3.1/thumb/v7e-m+fp/hard\libgcc.a(_aeabi_uldivmod.o)
                0x08000a6c                __aeabi_uldivmod
 .text          0x08000a9c      0x2bc C:/ST/STM32CubeIDE_1.13.2/STM32CubeIDE/plugins/com.st.stm32cube.ide.mcu.externaltools.gnu-tools-for-stm32.12.3.rel1.win32_1.0.200.202406191623/tools/bin/../lib/gcc/arm-none-eabi/12.3.1/thumb/v7e-m+fp/hard\libgcc.a(_udivmoddi4.o)
                0x08000a9c                __udivmoddi4
 .text          0x08000d58        0x4 C:/ST/STM32CubeIDE_1.13.2/STM32CubeIDE/plugins/com.st.stm32cube.ide.mcu.externaltools.gnu-tools-for-stm32.12.3.rel1.win32_1.0.200.202406191623/tools/bin/../lib/gcc/arm-none-eabi/12.3.1/thumb/v7e-m+fp/hard\libgcc.a(_dvmd_tls.o)
                0x08000d58                __aeabi_idiv0
                0x08000d58                __aeabi_ldiv0
 *(.text*)
 .text.ili9486_DisplayOn
                0x08000d5c       0x14 ./Core/Src/Lcd/ili9486.o
                0x08000d5c                ili9486_DisplayOn
 .text.ili9486_DisplayOff
                0x08000d70       0x14 ./Core/Src/Lcd/ili9486.o
                0x08000d70                ili9486_DisplayOff
 .text.ili9486_GetLcdPixelWidth
                0x08000d84       0x12 ./Core/Src/Lcd/ili9486.o
                0x08000d84                ili9486_GetLcdPixelWidth
 .text.ili9486_GetLcdPixelHeight
                0x08000d96       0x12 ./Core/Src/Lcd/ili9486.o
                0x08000d96                ili9486_GetLcdPixelHeight
 .text.ili9486_ReadID
                0x08000da8       0x34 ./Core/Src/Lcd/ili9486.o
                0x08000da8                ili9486_ReadID
 .text.ili9486_Init
                0x08000ddc       0xf0 ./Core/Src/Lcd/ili9486.o
                0x08000ddc                ili9486_Init
 .text.ili9486_SetCursor
                0x08000ecc       0x84 ./Core/Src/Lcd/ili9486.o
                0x08000ecc                ili9486_SetCursor
 .text.ili9486_WritePixel
                0x08000f50       0x94 ./Core/Src/Lcd/ili9486.o
                0x08000f50                ili9486_WritePixel
 .text.ili9486_ReadPixel
                0x08000fe4       0xb0 ./Core/Src/Lcd/ili9486.o
                0x08000fe4                ili9486_ReadPixel
 .text.ili9486_SetDisplayWindow
                0x08001094       0xd0 ./Core/Src/Lcd/ili9486.o
                0x08001094                ili9486_SetDisplayWindow
 .text.ili9486_DrawHLine
                0x08001164       0xae ./Core/Src/Lcd/ili9486.o
                0x08001164                ili9486_DrawHLine
 .text.ili9486_DrawVLine
                0x08001212       0xae ./Core/Src/Lcd/ili9486.o
                0x08001212                ili9486_DrawVLine
 .text.ili9486_FillRect
                0x080012c0       0xc6 ./Core/Src/Lcd/ili9486.o
                0x080012c0                ili9486_FillRect
 *fill*         0x08001386        0x2 
 .text.ili9486_DrawBitmap
                0x08001388       0xb8 ./Core/Src/Lcd/ili9486.o
                0x08001388                ili9486_DrawBitmap
 .text.ili9486_DrawRGBImage
                0x08001440       0x44 ./Core/Src/Lcd/ili9486.o
                0x08001440                ili9486_DrawRGBImage
 .text.ili9486_ReadRGBImage
                0x08001484       0x64 ./Core/Src/Lcd/ili9486.o
                0x08001484                ili9486_ReadRGBImage
 .text.ili9486_Scroll
                0x080014e8       0xc0 ./Core/Src/Lcd/ili9486.o
                0x080014e8                ili9486_Scroll
 .text.LCD_IO_Delay
                0x080015a8       0x22 ./Core/Src/Lcd/lcd_io_gpio8.o
                0x080015a8                LCD_IO_Delay
 .text.LCD_Delay
                0x080015ca       0x16 ./Core/Src/Lcd/lcd_io_gpio8.o
                0x080015ca                LCD_Delay
 .text.LCD_IO_Bl_OnOff
                0x080015e0       0x16 ./Core/Src/Lcd/lcd_io_gpio8.o
                0x080015e0                LCD_IO_Bl_OnOff
 *fill*         0x080015f6        0x2 
 .text.LCD_IO_Init
                0x080015f8      0x164 ./Core/Src/Lcd/lcd_io_gpio8.o
                0x080015f8                LCD_IO_Init
 .text.LCD_IO_WriteCmd8
                0x0800175c       0x64 ./Core/Src/Lcd/lcd_io_gpio8.o
                0x0800175c                LCD_IO_WriteCmd8
 .text.LCD_IO_WriteData8
                0x080017c0       0x54 ./Core/Src/Lcd/lcd_io_gpio8.o
                0x080017c0                LCD_IO_WriteData8
 .text.LCD_IO_WriteData16
                0x08001814       0x80 ./Core/Src/Lcd/lcd_io_gpio8.o
                0x08001814                LCD_IO_WriteData16
 .text.LCD_IO_WriteCmd8DataFill16
                0x08001894       0xc4 ./Core/Src/Lcd/lcd_io_gpio8.o
                0x08001894                LCD_IO_WriteCmd8DataFill16
 .text.LCD_IO_WriteCmd8MultipleData8
                0x08001958       0xa0 ./Core/Src/Lcd/lcd_io_gpio8.o
                0x08001958                LCD_IO_WriteCmd8MultipleData8
 .text.LCD_IO_WriteCmd8MultipleData16
                0x080019f8       0xcc ./Core/Src/Lcd/lcd_io_gpio8.o
                0x080019f8                LCD_IO_WriteCmd8MultipleData16
 .text.LCD_IO_ReadCmd8MultipleData8
                0x08001ac4       0xdc ./Core/Src/Lcd/lcd_io_gpio8.o
                0x08001ac4                LCD_IO_ReadCmd8MultipleData8
 .text.LCD_IO_ReadCmd8MultipleData24to16
                0x08001ba0      0x13c ./Core/Src/Lcd/lcd_io_gpio8.o
                0x08001ba0                LCD_IO_ReadCmd8MultipleData24to16
 .text.BSP_LCD_Init
                0x08001cdc       0x48 ./Core/Src/Lcd/stm32_adafruit_lcd.o
                0x08001cdc                BSP_LCD_Init
 .text.BSP_LCD_GetXSize
                0x08001d24       0x18 ./Core/Src/Lcd/stm32_adafruit_lcd.o
                0x08001d24                BSP_LCD_GetXSize
 .text.BSP_LCD_GetYSize
                0x08001d3c       0x18 ./Core/Src/Lcd/stm32_adafruit_lcd.o
                0x08001d3c                BSP_LCD_GetYSize
 .text.BSP_LCD_SetTextColor
                0x08001d54       0x20 ./Core/Src/Lcd/stm32_adafruit_lcd.o
                0x08001d54                BSP_LCD_SetTextColor
 .text.BSP_LCD_SetFont
                0x08001d74       0x20 ./Core/Src/Lcd/stm32_adafruit_lcd.o
                0x08001d74                BSP_LCD_SetFont
 .text.BSP_LCD_Clear
                0x08001d94       0x3c ./Core/Src/Lcd/stm32_adafruit_lcd.o
                0x08001d94                BSP_LCD_Clear
 .text.BSP_LCD_DisplayChar
                0x08001dd0       0x54 ./Core/Src/Lcd/stm32_adafruit_lcd.o
                0x08001dd0                BSP_LCD_DisplayChar
 .text.BSP_LCD_DisplayStringAt
                0x08001e24      0x120 ./Core/Src/Lcd/stm32_adafruit_lcd.o
                0x08001e24                BSP_LCD_DisplayStringAt
 .text.BSP_LCD_DrawBitmap
                0x08001f44       0xb4 ./Core/Src/Lcd/stm32_adafruit_lcd.o
                0x08001f44                BSP_LCD_DrawBitmap
 .text.DrawChar
                0x08001ff8      0x1e4 ./Core/Src/Lcd/stm32_adafruit_lcd.o
 .text.SetDisplayWindow
                0x080021dc       0x44 ./Core/Src/Lcd/stm32_adafruit_lcd.o
 .text.newLoRa  0x08002220       0x52 ./Core/Src/LoRa.o
                0x08002220                newLoRa
 .text.LoRa_gotoMode
                0x08002272       0xc2 ./Core/Src/LoRa.o
                0x08002272                LoRa_gotoMode
 .text.LoRa_readReg
                0x08002334       0x7c ./Core/Src/LoRa.o
                0x08002334                LoRa_readReg
 .text.LoRa_writeReg
                0x080023b0       0x7c ./Core/Src/LoRa.o
                0x080023b0                LoRa_writeReg
 .text.LoRa_setLowDaraRateOptimization
                0x0800242c       0x4a ./Core/Src/LoRa.o
                0x0800242c                LoRa_setLowDaraRateOptimization
 *fill*         0x08002476        0x2 
 .text.LoRa_setAutoLDO
                0x08002478       0x6c ./Core/Src/LoRa.o
                0x08002478                LoRa_setAutoLDO
 .text.LoRa_setFrequency
                0x080024e4       0x60 ./Core/Src/LoRa.o
                0x080024e4                LoRa_setFrequency
 .text.LoRa_setSpreadingFactor
                0x08002544       0x64 ./Core/Src/LoRa.o
                0x08002544                LoRa_setSpreadingFactor
 .text.LoRa_setPower
                0x080025a8       0x26 ./Core/Src/LoRa.o
                0x080025a8                LoRa_setPower
 *fill*         0x080025ce        0x2 
 .text.LoRa_setOCP
                0x080025d0       0x7c ./Core/Src/LoRa.o
                0x080025d0                LoRa_setOCP
 .text.LoRa_setTOMsb_setCRCon
                0x0800264c       0x36 ./Core/Src/LoRa.o
                0x0800264c                LoRa_setTOMsb_setCRCon
 .text.LoRa_read
                0x08002682       0x34 ./Core/Src/LoRa.o
                0x08002682                LoRa_read
 .text.LoRa_write
                0x080026b6       0x3a ./Core/Src/LoRa.o
                0x080026b6                LoRa_write
 .text.LoRa_BurstWrite
                0x080026f0       0x8e ./Core/Src/LoRa.o
                0x080026f0                LoRa_BurstWrite
 .text.LoRa_isvalid
                0x0800277e       0x16 ./Core/Src/LoRa.o
                0x0800277e                LoRa_isvalid
 .text.LoRa_transmit
                0x08002794       0xb0 ./Core/Src/LoRa.o
                0x08002794                LoRa_transmit
 .text.LoRa_startReceiving
                0x08002844       0x18 ./Core/Src/LoRa.o
                0x08002844                LoRa_startReceiving
 .text.LoRa_receive
                0x0800285c       0xc0 ./Core/Src/LoRa.o
                0x0800285c                LoRa_receive
 .text.LoRa_init
                0x0800291c      0x14e ./Core/Src/LoRa.o
                0x0800291c                LoRa_init
 *fill*         0x08002a6a        0x2 
 .text.HAL_TIM_PeriodElapsedCallback
                0x08002a6c       0x2c ./Core/Src/main.o
                0x08002a6c                HAL_TIM_PeriodElapsedCallback
 .text.HAL_GPIO_EXTI_Callback
                0x08002a98       0x44 ./Core/Src/main.o
                0x08002a98                HAL_GPIO_EXTI_Callback
 .text.main     0x08002adc      0x244 ./Core/Src/main.o
                0x08002adc                main
 .text.SystemClock_Config
                0x08002d20       0xd0 ./Core/Src/main.o
                0x08002d20                SystemClock_Config
 .text.MX_SPI1_Init
                0x08002df0       0x6c ./Core/Src/main.o
 .text.MX_TIM4_Init
                0x08002e5c       0x9c ./Core/Src/main.o
 .text.MX_GPIO_Init
                0x08002ef8      0x104 ./Core/Src/main.o
 .text.Error_Handler
                0x08002ffc        0xc ./Core/Src/main.o
                0x08002ffc                Error_Handler
 .text.HAL_MspInit
                0x08003008       0x50 ./Core/Src/stm32f4xx_hal_msp.o
                0x08003008                HAL_MspInit
 .text.HAL_SPI_MspInit
                0x08003058       0x90 ./Core/Src/stm32f4xx_hal_msp.o
                0x08003058                HAL_SPI_MspInit
 .text.HAL_TIM_Base_MspInit
                0x080030e8       0x50 ./Core/Src/stm32f4xx_hal_msp.o
                0x080030e8                HAL_TIM_Base_MspInit
 .text.NMI_Handler
                0x08003138        0x8 ./Core/Src/stm32f4xx_it.o
                0x08003138                NMI_Handler
 .text.HardFault_Handler
                0x08003140        0x8 ./Core/Src/stm32f4xx_it.o
                0x08003140                HardFault_Handler
 .text.MemManage_Handler
                0x08003148        0x8 ./Core/Src/stm32f4xx_it.o
                0x08003148                MemManage_Handler
 .text.BusFault_Handler
                0x08003150        0x8 ./Core/Src/stm32f4xx_it.o
                0x08003150                BusFault_Handler
 .text.UsageFault_Handler
                0x08003158        0x8 ./Core/Src/stm32f4xx_it.o
                0x08003158                UsageFault_Handler
 .text.SVC_Handler
                0x08003160        0xe ./Core/Src/stm32f4xx_it.o
                0x08003160                SVC_Handler
 .text.DebugMon_Handler
                0x0800316e        0xe ./Core/Src/stm32f4xx_it.o
                0x0800316e                DebugMon_Handler
 .text.PendSV_Handler
                0x0800317c        0xe ./Core/Src/stm32f4xx_it.o
                0x0800317c                PendSV_Handler
 .text.SysTick_Handler
                0x0800318a        0xc ./Core/Src/stm32f4xx_it.o
                0x0800318a                SysTick_Handler
 .text.EXTI2_IRQHandler
                0x08003196        0xe ./Core/Src/stm32f4xx_it.o
                0x08003196                EXTI2_IRQHandler
 .text.TIM4_IRQHandler
                0x080031a4       0x14 ./Core/Src/stm32f4xx_it.o
                0x080031a4                TIM4_IRQHandler
 .text._sbrk    0x080031b8       0x6c ./Core/Src/sysmem.o
                0x080031b8                _sbrk
 .text.SystemInit
                0x08003224       0x24 ./Core/Src/system_stm32f4xx.o
                0x08003224                SystemInit
 .text.Reset_Handler
                0x08003248       0x50 ./Core/Startup/startup_stm32f411ceux.o
                0x08003248                Reset_Handler
 .text.Default_Handler
                0x08003298        0x2 ./Core/Startup/startup_stm32f411ceux.o
                0x08003298                RTC_Alarm_IRQHandler
                0x08003298                SPI4_IRQHandler
                0x08003298                TIM1_CC_IRQHandler
                0x08003298                DMA2_Stream5_IRQHandler
                0x08003298                DMA1_Stream5_IRQHandler
                0x08003298                PVD_IRQHandler
                0x08003298                SDIO_IRQHandler
                0x08003298                TAMP_STAMP_IRQHandler
                0x08003298                EXTI3_IRQHandler
                0x08003298                TIM1_UP_TIM10_IRQHandler
                0x08003298                I2C3_ER_IRQHandler
                0x08003298                EXTI0_IRQHandler
                0x08003298                I2C2_EV_IRQHandler
                0x08003298                DMA1_Stream2_IRQHandler
                0x08003298                FPU_IRQHandler
                0x08003298                DMA2_Stream2_IRQHandler
                0x08003298                SPI1_IRQHandler
                0x08003298                TIM1_BRK_TIM9_IRQHandler
                0x08003298                DMA2_Stream3_IRQHandler
                0x08003298                USART6_IRQHandler
                0x08003298                DMA2_Stream0_IRQHandler
                0x08003298                I2C1_EV_IRQHandler
                0x08003298                DMA1_Stream6_IRQHandler
                0x08003298                DMA1_Stream1_IRQHandler
                0x08003298                TIM3_IRQHandler
                0x08003298                RCC_IRQHandler
                0x08003298                Default_Handler
                0x08003298                EXTI15_10_IRQHandler
                0x08003298                ADC_IRQHandler
                0x08003298                DMA1_Stream7_IRQHandler
                0x08003298                SPI5_IRQHandler
                0x08003298                TIM5_IRQHandler
                0x08003298                DMA2_Stream7_IRQHandler
                0x08003298                I2C3_EV_IRQHandler
                0x08003298                EXTI9_5_IRQHandler
                0x08003298                RTC_WKUP_IRQHandler
                0x08003298                SPI2_IRQHandler
                0x08003298                DMA1_Stream0_IRQHandler
                0x08003298                EXTI4_IRQHandler
                0x08003298                WWDG_IRQHandler
                0x08003298                TIM2_IRQHandler
                0x08003298                OTG_FS_WKUP_IRQHandler
                0x08003298                TIM1_TRG_COM_TIM11_IRQHandler
                0x08003298                EXTI1_IRQHandler
                0x08003298                USART2_IRQHandler
                0x08003298                I2C2_ER_IRQHandler
                0x08003298                DMA2_Stream1_IRQHandler
                0x08003298                FLASH_IRQHandler
                0x08003298                DMA2_Stream4_IRQHandler
                0x08003298                USART1_IRQHandler
                0x08003298                OTG_FS_IRQHandler
                0x08003298                SPI3_IRQHandler
                0x08003298                DMA1_Stream4_IRQHandler
                0x08003298                I2C1_ER_IRQHandler
                0x08003298                DMA2_Stream6_IRQHandler
                0x08003298                DMA1_Stream3_IRQHandler
 *fill*         0x0800329a        0x2 
 .text.HAL_Init
                0x0800329c       0x44 ./Drivers/STM32F4xx_HAL_Driver/Src/stm32f4xx_hal.o
                0x0800329c                HAL_Init
 .text.HAL_InitTick
                0x080032e0       0x60 ./Drivers/STM32F4xx_HAL_Driver/Src/stm32f4xx_hal.o
                0x080032e0                HAL_InitTick
 .text.HAL_IncTick
                0x08003340       0x28 ./Drivers/STM32F4xx_HAL_Driver/Src/stm32f4xx_hal.o
                0x08003340                HAL_IncTick
 .text.HAL_GetTick
                0x08003368       0x18 ./Drivers/STM32F4xx_HAL_Driver/Src/stm32f4xx_hal.o
                0x08003368                HAL_GetTick
 .text.HAL_Delay
                0x08003380       0x48 ./Drivers/STM32F4xx_HAL_Driver/Src/stm32f4xx_hal.o
                0x08003380                HAL_Delay
 .text.__NVIC_SetPriorityGrouping
                0x080033c8       0x48 ./Drivers/STM32F4xx_HAL_Driver/Src/stm32f4xx_hal_cortex.o
 .text.__NVIC_GetPriorityGrouping
                0x08003410       0x1c ./Drivers/STM32F4xx_HAL_Driver/Src/stm32f4xx_hal_cortex.o
 .text.__NVIC_EnableIRQ
                0x0800342c       0x3c ./Drivers/STM32F4xx_HAL_Driver/Src/stm32f4xx_hal_cortex.o
 .text.__NVIC_SetPriority
                0x08003468       0x54 ./Drivers/STM32F4xx_HAL_Driver/Src/stm32f4xx_hal_cortex.o
 .text.NVIC_EncodePriority
                0x080034bc       0x66 ./Drivers/STM32F4xx_HAL_Driver/Src/stm32f4xx_hal_cortex.o
 *fill*         0x08003522        0x2 
 .text.SysTick_Config
                0x08003524       0x44 ./Drivers/STM32F4xx_HAL_Driver/Src/stm32f4xx_hal_cortex.o
 .text.HAL_NVIC_SetPriorityGrouping
                0x08003568       0x16 ./Drivers/STM32F4xx_HAL_Driver/Src/stm32f4xx_hal_cortex.o
                0x08003568                HAL_NVIC_SetPriorityGrouping
 .text.HAL_NVIC_SetPriority
                0x0800357e       0x38 ./Drivers/STM32F4xx_HAL_Driver/Src/stm32f4xx_hal_cortex.o
                0x0800357e                HAL_NVIC_SetPriority
 .text.HAL_NVIC_EnableIRQ
                0x080035b6       0x1c ./Drivers/STM32F4xx_HAL_Driver/Src/stm32f4xx_hal_cortex.o
                0x080035b6                HAL_NVIC_EnableIRQ
 .text.HAL_SYSTICK_Config
                0x080035d2       0x18 ./Drivers/STM32F4xx_HAL_Driver/Src/stm32f4xx_hal_cortex.o
                0x080035d2                HAL_SYSTICK_Config
 *fill*         0x080035ea        0x2 
 .text.HAL_GPIO_Init
                0x080035ec      0x308 ./Drivers/STM32F4xx_HAL_Driver/Src/stm32f4xx_hal_gpio.o
                0x080035ec                HAL_GPIO_Init
 .text.HAL_GPIO_WritePin
                0x080038f4       0x32 ./Drivers/STM32F4xx_HAL_Driver/Src/stm32f4xx_hal_gpio.o
                0x080038f4                HAL_GPIO_WritePin
 .text.HAL_GPIO_TogglePin
                0x08003926       0x34 ./Drivers/STM32F4xx_HAL_Driver/Src/stm32f4xx_hal_gpio.o
                0x08003926                HAL_GPIO_TogglePin
 *fill*         0x0800395a        0x2 
 .text.HAL_GPIO_EXTI_IRQHandler
                0x0800395c       0x30 ./Drivers/STM32F4xx_HAL_Driver/Src/stm32f4xx_hal_gpio.o
                0x0800395c                HAL_GPIO_EXTI_IRQHandler
 .text.HAL_RCC_OscConfig
                0x0800398c      0x4f0 ./Drivers/STM32F4xx_HAL_Driver/Src/stm32f4xx_hal_rcc.o
                0x0800398c                HAL_RCC_OscConfig
 .text.HAL_RCC_ClockConfig
                0x08003e7c      0x1cc ./Drivers/STM32F4xx_HAL_Driver/Src/stm32f4xx_hal_rcc.o
                0x08003e7c                HAL_RCC_ClockConfig
 .text.HAL_RCC_GetSysClockFreq
                0x08004048      0x18c ./Drivers/STM32F4xx_HAL_Driver/Src/stm32f4xx_hal_rcc.o
                0x08004048                HAL_RCC_GetSysClockFreq
 .text.HAL_SPI_Init
                0x080041d4      0x112 ./Drivers/STM32F4xx_HAL_Driver/Src/stm32f4xx_hal_spi.o
                0x080041d4                HAL_SPI_Init
 .text.HAL_SPI_Transmit
                0x080042e6      0x286 ./Drivers/STM32F4xx_HAL_Driver/Src/stm32f4xx_hal_spi.o
                0x080042e6                HAL_SPI_Transmit
 .text.HAL_SPI_Receive
                0x0800456c      0x230 ./Drivers/STM32F4xx_HAL_Driver/Src/stm32f4xx_hal_spi.o
                0x0800456c                HAL_SPI_Receive
 .text.HAL_SPI_TransmitReceive
                0x0800479c      0x360 ./Drivers/STM32F4xx_HAL_Driver/Src/stm32f4xx_hal_spi.o
                0x0800479c                HAL_SPI_TransmitReceive
 .text.HAL_SPI_GetState
                0x08004afc       0x1c ./Drivers/STM32F4xx_HAL_Driver/Src/stm32f4xx_hal_spi.o
                0x08004afc                HAL_SPI_GetState
 .text.SPI_WaitFlagStateUntilTimeout
                0x08004b18      0x110 ./Drivers/STM32F4xx_HAL_Driver/Src/stm32f4xx_hal_spi.o
 .text.SPI_EndRxTransaction
                0x08004c28       0xca ./Drivers/STM32F4xx_HAL_Driver/Src/stm32f4xx_hal_spi.o
 *fill*         0x08004cf2        0x2 
 .text.SPI_EndRxTxTransaction
                0x08004cf4       0xa8 ./Drivers/STM32F4xx_HAL_Driver/Src/stm32f4xx_hal_spi.o
 .text.HAL_TIM_Base_Init
                0x08004d9c       0x9e ./Drivers/STM32F4xx_HAL_Driver/Src/stm32f4xx_hal_tim.o
                0x08004d9c                HAL_TIM_Base_Init
 *fill*         0x08004e3a        0x2 
 .text.HAL_TIM_Base_Start_IT
                0x08004e3c       0xc4 ./Drivers/STM32F4xx_HAL_Driver/Src/stm32f4xx_hal_tim.o
                0x08004e3c                HAL_TIM_Base_Start_IT
 .text.HAL_TIM_IRQHandler
                0x08004f00      0x1e0 ./Drivers/STM32F4xx_HAL_Driver/Src/stm32f4xx_hal_tim.o
                0x08004f00                HAL_TIM_IRQHandler
 .text.HAL_TIM_ConfigClockSource
                0x080050e0      0x18e ./Drivers/STM32F4xx_HAL_Driver/Src/stm32f4xx_hal_tim.o
                0x080050e0                HAL_TIM_ConfigClockSource
 .text.HAL_TIM_OC_DelayElapsedCallback
                0x0800526e       0x14 ./Drivers/STM32F4xx_HAL_Driver/Src/stm32f4xx_hal_tim.o
                0x0800526e                HAL_TIM_OC_DelayElapsedCallback
 .text.HAL_TIM_IC_CaptureCallback
                0x08005282       0x14 ./Drivers/STM32F4xx_HAL_Driver/Src/stm32f4xx_hal_tim.o
                0x08005282                HAL_TIM_IC_CaptureCallback
 .text.HAL_TIM_PWM_PulseFinishedCallback
                0x08005296       0x14 ./Drivers/STM32F4xx_HAL_Driver/Src/stm32f4xx_hal_tim.o
                0x08005296                HAL_TIM_PWM_PulseFinishedCallback
 .text.HAL_TIM_TriggerCallback
                0x080052aa       0x14 ./Drivers/STM32F4xx_HAL_Driver/Src/stm32f4xx_hal_tim.o
                0x080052aa                HAL_TIM_TriggerCallback
 *fill*         0x080052be        0x2 
 .text.TIM_Base_SetConfig
                0x080052c0      0x118 ./Drivers/STM32F4xx_HAL_Driver/Src/stm32f4xx_hal_tim.o
                0x080052c0                TIM_Base_SetConfig
 .text.TIM_TI1_ConfigInputStage
                0x080053d8       0x5e ./Drivers/STM32F4xx_HAL_Driver/Src/stm32f4xx_hal_tim.o
 .text.TIM_TI2_ConfigInputStage
                0x08005436       0x60 ./Drivers/STM32F4xx_HAL_Driver/Src/stm32f4xx_hal_tim.o
 .text.TIM_ITRx_SetConfig
                0x08005496       0x36 ./Drivers/STM32F4xx_HAL_Driver/Src/stm32f4xx_hal_tim.o
 .text.TIM_ETR_SetConfig
                0x080054cc       0x40 ./Drivers/STM32F4xx_HAL_Driver/Src/stm32f4xx_hal_tim.o
                0x080054cc                TIM_ETR_SetConfig
 .text.HAL_TIMEx_MasterConfigSynchronization
                0x0800550c       0xdc ./Drivers/STM32F4xx_HAL_Driver/Src/stm32f4xx_hal_tim_ex.o
                0x0800550c                HAL_TIMEx_MasterConfigSynchronization
 .text.HAL_TIMEx_CommutCallback
                0x080055e8       0x14 ./Drivers/STM32F4xx_HAL_Driver/Src/stm32f4xx_hal_tim_ex.o
                0x080055e8                HAL_TIMEx_CommutCallback
 .text.HAL_TIMEx_BreakCallback
                0x080055fc       0x14 ./Drivers/STM32F4xx_HAL_Driver/Src/stm32f4xx_hal_tim_ex.o
                0x080055fc                HAL_TIMEx_BreakCallback
 .text.sprintf  0x08005610       0x40 C:/ST/STM32CubeIDE_1.13.2/STM32CubeIDE/plugins/com.st.stm32cube.ide.mcu.externaltools.gnu-tools-for-stm32.12.3.rel1.win32_1.0.200.202406191623/tools/bin/../lib/gcc/arm-none-eabi/12.3.1/../../../../arm-none-eabi/lib/thumb/v7e-m+fp/hard\libc_nano.a(libc_a-sprintf.o)
                0x08005610                siprintf
                0x08005610                sprintf
 .text.memset   0x08005650       0x10 C:/ST/STM32CubeIDE_1.13.2/STM32CubeIDE/plugins/com.st.stm32cube.ide.mcu.externaltools.gnu-tools-for-stm32.12.3.rel1.win32_1.0.200.202406191623/tools/bin/../lib/gcc/arm-none-eabi/12.3.1/../../../../arm-none-eabi/lib/thumb/v7e-m+fp/hard\libc_nano.a(libc_a-memset.o)
                0x08005650                memset
 .text.__errno  0x08005660        0xc C:/ST/STM32CubeIDE_1.13.2/STM32CubeIDE/plugins/com.st.stm32cube.ide.mcu.externaltools.gnu-tools-for-stm32.12.3.rel1.win32_1.0.200.202406191623/tools/bin/../lib/gcc/arm-none-eabi/12.3.1/../../../../arm-none-eabi/lib/thumb/v7e-m+fp/hard\libc_nano.a(libc_a-errno.o)
                0x08005660                __errno
 .text.__libc_init_array
                0x0800566c       0x48 C:/ST/STM32CubeIDE_1.13.2/STM32CubeIDE/plugins/com.st.stm32cube.ide.mcu.externaltools.gnu-tools-for-stm32.12.3.rel1.win32_1.0.200.202406191623/tools/bin/../lib/gcc/arm-none-eabi/12.3.1/../../../../arm-none-eabi/lib/thumb/v7e-m+fp/hard\libc_nano.a(libc_a-init.o)
                0x0800566c                __libc_init_array
 .text.__retarget_lock_acquire_recursive
                0x080056b4        0x2 C:/ST/STM32CubeIDE_1.13.2/STM32CubeIDE/plugins/com.st.stm32cube.ide.mcu.externaltools.gnu-tools-for-stm32.12.3.rel1.win32_1.0.200.202406191623/tools/bin/../lib/gcc/arm-none-eabi/12.3.1/../../../../arm-none-eabi/lib/thumb/v7e-m+fp/hard\libc_nano.a(libc_a-lock.o)
                0x080056b4                __retarget_lock_acquire_recursive
 .text.__retarget_lock_release_recursive
                0x080056b6        0x2 C:/ST/STM32CubeIDE_1.13.2/STM32CubeIDE/plugins/com.st.stm32cube.ide.mcu.externaltools.gnu-tools-for-stm32.12.3.rel1.win32_1.0.200.202406191623/tools/bin/../lib/gcc/arm-none-eabi/12.3.1/../../../../arm-none-eabi/lib/thumb/v7e-m+fp/hard\libc_nano.a(libc_a-lock.o)
                0x080056b6                __retarget_lock_release_recursive
 .text.memcpy   0x080056b8       0x1c C:/ST/STM32CubeIDE_1.13.2/STM32CubeIDE/plugins/com.st.stm32cube.ide.mcu.externaltools.gnu-tools-for-stm32.12.3.rel1.win32_1.0.200.202406191623/tools/bin/../lib/gcc/arm-none-eabi/12.3.1/../../../../arm-none-eabi/lib/thumb/v7e-m+fp/hard\libc_nano.a(libc_a-memcpy-stub.o)
                0x080056b8                memcpy
 .text._free_r  0x080056d4       0x94 C:/ST/STM32CubeIDE_1.13.2/STM32CubeIDE/plugins/com.st.stm32cube.ide.mcu.externaltools.gnu-tools-for-stm32.12.3.rel1.win32_1.0.200.202406191623/tools/bin/../lib/gcc/arm-none-eabi/12.3.1/../../../../arm-none-eabi/lib/thumb/v7e-m+fp/hard\libc_nano.a(libc_a-freer.o)
                0x080056d4                _free_r
 .text.sbrk_aligned
                0x08005768       0x44 C:/ST/STM32CubeIDE_1.13.2/STM32CubeIDE/plugins/com.st.stm32cube.ide.mcu.externaltools.gnu-tools-for-stm32.12.3.rel1.win32_1.0.200.202406191623/tools/bin/../lib/gcc/arm-none-eabi/12.3.1/../../../../arm-none-eabi/lib/thumb/v7e-m+fp/hard\libc_nano.a(libc_a-mallocr.o)
 .text._malloc_r
                0x080057ac      0x100 C:/ST/STM32CubeIDE_1.13.2/STM32CubeIDE/plugins/com.st.stm32cube.ide.mcu.externaltools.gnu-tools-for-stm32.12.3.rel1.win32_1.0.200.202406191623/tools/bin/../lib/gcc/arm-none-eabi/12.3.1/../../../../arm-none-eabi/lib/thumb/v7e-m+fp/hard\libc_nano.a(libc_a-mallocr.o)
                0x080057ac                _malloc_r
 .text.__malloc_lock
                0x080058ac        0xc C:/ST/STM32CubeIDE_1.13.2/STM32CubeIDE/plugins/com.st.stm32cube.ide.mcu.externaltools.gnu-tools-for-stm32.12.3.rel1.win32_1.0.200.202406191623/tools/bin/../lib/gcc/arm-none-eabi/12.3.1/../../../../arm-none-eabi/lib/thumb/v7e-m+fp/hard\libc_nano.a(libc_a-mlock.o)
                0x080058ac                __malloc_lock
 .text.__malloc_unlock
                0x080058b8        0xc C:/ST/STM32CubeIDE_1.13.2/STM32CubeIDE/plugins/com.st.stm32cube.ide.mcu.externaltools.gnu-tools-for-stm32.12.3.rel1.win32_1.0.200.202406191623/tools/bin/../lib/gcc/arm-none-eabi/12.3.1/../../../../arm-none-eabi/lib/thumb/v7e-m+fp/hard\libc_nano.a(libc_a-mlock.o)
                0x080058b8                __malloc_unlock
 .text.__ssputs_r
                0x080058c4       0xb6 C:/ST/STM32CubeIDE_1.13.2/STM32CubeIDE/plugins/com.st.stm32cube.ide.mcu.externaltools.gnu-tools-for-stm32.12.3.rel1.win32_1.0.200.202406191623/tools/bin/../lib/gcc/arm-none-eabi/12.3.1/../../../../arm-none-eabi/lib/thumb/v7e-m+fp/hard\libc_nano.a(libc_a-nano-svfprintf.o)
                0x080058c4                __ssputs_r
 *fill*         0x0800597a        0x2 
 .text._svfprintf_r
                0x0800597c      0x1f8 C:/ST/STM32CubeIDE_1.13.2/STM32CubeIDE/plugins/com.st.stm32cube.ide.mcu.externaltools.gnu-tools-for-stm32.12.3.rel1.win32_1.0.200.202406191623/tools/bin/../lib/gcc/arm-none-eabi/12.3.1/../../../../arm-none-eabi/lib/thumb/v7e-m+fp/hard\libc_nano.a(libc_a-nano-svfprintf.o)
                0x0800597c                _svfiprintf_r
                0x0800597c                _svfprintf_r
 .text._printf_common
                0x08005b74       0xda C:/ST/STM32CubeIDE_1.13.2/STM32CubeIDE/plugins/com.st.stm32cube.ide.mcu.externaltools.gnu-tools-for-stm32.12.3.rel1.win32_1.0.200.202406191623/tools/bin/../lib/gcc/arm-none-eabi/12.3.1/../../../../arm-none-eabi/lib/thumb/v7e-m+fp/hard\libc_nano.a(libc_a-nano-vfprintf_i.o)
                0x08005b74                _printf_common
 *fill*         0x08005c4e        0x2 
 .text._printf_i
                0x08005c50      0x240 C:/ST/STM32CubeIDE_1.13.2/STM32CubeIDE/plugins/com.st.stm32cube.ide.mcu.externaltools.gnu-tools-for-stm32.12.3.rel1.win32_1.0.200.202406191623/tools/bin/../lib/gcc/arm-none-eabi/12.3.1/../../../../arm-none-eabi/lib/thumb/v7e-m+fp/hard\libc_nano.a(libc_a-nano-vfprintf_i.o)
                0x08005c50                _printf_i
 .text.memmove  0x08005e90       0x34 C:/ST/STM32CubeIDE_1.13.2/STM32CubeIDE/plugins/com.st.stm32cube.ide.mcu.externaltools.gnu-tools-for-stm32.12.3.rel1.win32_1.0.200.202406191623/tools/bin/../lib/gcc/arm-none-eabi/12.3.1/../../../../arm-none-eabi/lib/thumb/v7e-m+fp/hard\libc_nano.a(libc_a-memmove.o)
                0x08005e90                memmove
 .text._sbrk_r  0x08005ec4       0x20 C:/ST/STM32CubeIDE_1.13.2/STM32CubeIDE/plugins/com.st.stm32cube.ide.mcu.externaltools.gnu-tools-for-stm32.12.3.rel1.win32_1.0.200.202406191623/tools/bin/../lib/gcc/arm-none-eabi/12.3.1/../../../../arm-none-eabi/lib/thumb/v7e-m+fp/hard\libc_nano.a(libc_a-sbrkr.o)
                0x08005ec4                _sbrk_r
 .text._realloc_r
                0x08005ee4       0x5c C:/ST/STM32CubeIDE_1.13.2/STM32CubeIDE/plugins/com.st.stm32cube.ide.mcu.externaltools.gnu-tools-for-stm32.12.3.rel1.win32_1.0.200.202406191623/tools/bin/../lib/gcc/arm-none-eabi/12.3.1/../../../../arm-none-eabi/lib/thumb/v7e-m+fp/hard\libc_nano.a(libc_a-reallocr.o)
                0x08005ee4                _realloc_r
 .text._malloc_usable_size_r
                0x08005f40       0x10 C:/ST/STM32CubeIDE_1.13.2/STM32CubeIDE/plugins/com.st.stm32cube.ide.mcu.externaltools.gnu-tools-for-stm32.12.3.rel1.win32_1.0.200.202406191623/tools/bin/../lib/gcc/arm-none-eabi/12.3.1/../../../../arm-none-eabi/lib/thumb/v7e-m+fp/hard\libc_nano.a(libc_a-msizer.o)
                0x08005f40                _malloc_usable_size_r
 *(.glue_7)
 .glue_7        0x08005f50        0x0 linker stubs
 *(.glue_7t)
 .glue_7t       0x08005f50        0x0 linker stubs
 *(.eh_frame)
 .eh_frame      0x08005f50        0x0 C:/ST/STM32CubeIDE_1.13.2/STM32CubeIDE/plugins/com.st.stm32cube.ide.mcu.externaltools.gnu-tools-for-stm32.12.3.rel1.win32_1.0.200.202406191623/tools/bin/../lib/gcc/arm-none-eabi/12.3.1/thumb/v7e-m+fp/hard/crtbegin.o
 *(.init)
 .init          0x08005f50        0x4 C:/ST/STM32CubeIDE_1.13.2/STM32CubeIDE/plugins/com.st.stm32cube.ide.mcu.externaltools.gnu-tools-for-stm32.12.3.rel1.win32_1.0.200.202406191623/tools/bin/../lib/gcc/arm-none-eabi/12.3.1/thumb/v7e-m+fp/hard/crti.o
                0x08005f50                _init
 .init          0x08005f54        0x8 C:/ST/STM32CubeIDE_1.13.2/STM32CubeIDE/plugins/com.st.stm32cube.ide.mcu.externaltools.gnu-tools-for-stm32.12.3.rel1.win32_1.0.200.202406191623/tools/bin/../lib/gcc/arm-none-eabi/12.3.1/thumb/v7e-m+fp/hard/crtn.o
 *(.fini)
 .fini          0x08005f5c        0x4 C:/ST/STM32CubeIDE_1.13.2/STM32CubeIDE/plugins/com.st.stm32cube.ide.mcu.externaltools.gnu-tools-for-stm32.12.3.rel1.win32_1.0.200.202406191623/tools/bin/../lib/gcc/arm-none-eabi/12.3.1/thumb/v7e-m+fp/hard/crti.o
                0x08005f5c                _fini
 .fini          0x08005f60        0x8 C:/ST/STM32CubeIDE_1.13.2/STM32CubeIDE/plugins/com.st.stm32cube.ide.mcu.externaltools.gnu-tools-for-stm32.12.3.rel1.win32_1.0.200.202406191623/tools/bin/../lib/gcc/arm-none-eabi/12.3.1/thumb/v7e-m+fp/hard/crtn.o
                0x08005f68                        . = ALIGN (0x4)
                0x08005f68                        _etext = .

.vfp11_veneer   0x08005f68        0x0
 .vfp11_veneer  0x08005f68        0x0 linker stubs

.v4_bx          0x08005f68        0x0
 .v4_bx         0x08005f68        0x0 linker stubs

.iplt           0x08005f68        0x0
 .iplt          0x08005f68        0x0 C:/ST/STM32CubeIDE_1.13.2/STM32CubeIDE/plugins/com.st.stm32cube.ide.mcu.externaltools.gnu-tools-for-stm32.12.3.rel1.win32_1.0.200.202406191623/tools/bin/../lib/gcc/arm-none-eabi/12.3.1/thumb/v7e-m+fp/hard/crtbegin.o

.rodata         0x08005f68      0xfec
                0x08005f68                        . = ALIGN (0x4)
 *(.rodata)
 .rodata        0x08005f68       0x36 ./Core/Src/Lcd/ili9486.o
 *fill*         0x08005f9e        0x2 
 .rodata        0x08005fa0       0x50 ./Core/Src/LoRa.o
 .rodata        0x08005ff0       0x48 ./Core/Src/main.o
 *(.rodata*)
 .rodata.Font16_Table
                0x08006038      0xbe0 ./Core/Src/Lcd/Fonts/font16.o
                0x08006038                Font16_Table
 .rodata.Font8_Table
                0x08006c18      0x2f8 ./Core/Src/Lcd/Fonts/font8.o
                0x08006c18                Font8_Table
 .rodata.AHBPrescTable
                0x08006f10       0x10 ./Core/Src/system_stm32f4xx.o
                0x08006f10                AHBPrescTable
 .rodata._svfprintf_r.str1.1
                0x08006f20       0x11 C:/ST/STM32CubeIDE_1.13.2/STM32CubeIDE/plugins/com.st.stm32cube.ide.mcu.externaltools.gnu-tools-for-stm32.12.3.rel1.win32_1.0.200.202406191623/tools/bin/../lib/gcc/arm-none-eabi/12.3.1/../../../../arm-none-eabi/lib/thumb/v7e-m+fp/hard\libc_nano.a(libc_a-nano-svfprintf.o)
 .rodata._printf_i.str1.1
                0x08006f31       0x22 C:/ST/STM32CubeIDE_1.13.2/STM32CubeIDE/plugins/com.st.stm32cube.ide.mcu.externaltools.gnu-tools-for-stm32.12.3.rel1.win32_1.0.200.202406191623/tools/bin/../lib/gcc/arm-none-eabi/12.3.1/../../../../arm-none-eabi/lib/thumb/v7e-m+fp/hard\libc_nano.a(libc_a-nano-vfprintf_i.o)
                0x08006f54                        . = ALIGN (0x4)
 *fill*         0x08006f53        0x1 

.ARM.extab      0x08006f54        0x0
                0x08006f54                        . = ALIGN (0x4)
 *(.ARM.extab* .gnu.linkonce.armextab.*)
                0x08006f54                        . = ALIGN (0x4)

.ARM            0x08006f54        0x8
                0x08006f54                        . = ALIGN (0x4)
                0x08006f54                        __exidx_start = .
 *(.ARM.exidx*)
 .ARM.exidx     0x08006f54        0x8 C:/ST/STM32CubeIDE_1.13.2/STM32CubeIDE/plugins/com.st.stm32cube.ide.mcu.externaltools.gnu-tools-for-stm32.12.3.rel1.win32_1.0.200.202406191623/tools/bin/../lib/gcc/arm-none-eabi/12.3.1/../../../../arm-none-eabi/lib/thumb/v7e-m+fp/hard\libc_nano.a(libc_a-memchr.o)
 .ARM.exidx     0x08006f5c        0x0 C:/ST/STM32CubeIDE_1.13.2/STM32CubeIDE/plugins/com.st.stm32cube.ide.mcu.externaltools.gnu-tools-for-stm32.12.3.rel1.win32_1.0.200.202406191623/tools/bin/../lib/gcc/arm-none-eabi/12.3.1/thumb/v7e-m+fp/hard\libgcc.a(_udivmoddi4.o)
                                  0x8 (size before relaxing)
                0x08006f5c                        __exidx_end = .
                0x08006f5c                        . = ALIGN (0x4)

.preinit_array  0x08006f5c        0x0
                0x08006f5c                        . = ALIGN (0x4)
                0x08006f5c                        PROVIDE (__preinit_array_start = .)
 *(.preinit_array*)
                0x08006f5c                        PROVIDE (__preinit_array_end = .)
                0x08006f5c                        . = ALIGN (0x4)

.init_array     0x08006f5c        0x4
                0x08006f5c                        . = ALIGN (0x4)
                0x08006f5c                        PROVIDE (__init_array_start = .)
 *(SORT_BY_NAME(.init_array.*))
 *(.init_array*)
 .init_array    0x08006f5c        0x4 C:/ST/STM32CubeIDE_1.13.2/STM32CubeIDE/plugins/com.st.stm32cube.ide.mcu.externaltools.gnu-tools-for-stm32.12.3.rel1.win32_1.0.200.202406191623/tools/bin/../lib/gcc/arm-none-eabi/12.3.1/thumb/v7e-m+fp/hard/crtbegin.o
                0x08006f60                        PROVIDE (__init_array_end = .)
                0x08006f60                        . = ALIGN (0x4)

.fini_array     0x08006f60        0x4
                0x08006f60                        . = ALIGN (0x4)
                [!provide]                        PROVIDE (__fini_array_start = .)
 *(SORT_BY_NAME(.fini_array.*))
 *(.fini_array*)
 .fini_array    0x08006f60        0x4 C:/ST/STM32CubeIDE_1.13.2/STM32CubeIDE/plugins/com.st.stm32cube.ide.mcu.externaltools.gnu-tools-for-stm32.12.3.rel1.win32_1.0.200.202406191623/tools/bin/../lib/gcc/arm-none-eabi/12.3.1/thumb/v7e-m+fp/hard/crtbegin.o
                [!provide]                        PROVIDE (__fini_array_end = .)
                0x08006f64                        . = ALIGN (0x4)
                0x08006f64                        _sidata = LOADADDR (.data)

.rel.dyn        0x08006f64        0x0
 .rel.iplt      0x08006f64        0x0 C:/ST/STM32CubeIDE_1.13.2/STM32CubeIDE/plugins/com.st.stm32cube.ide.mcu.externaltools.gnu-tools-for-stm32.12.3.rel1.win32_1.0.200.202406191623/tools/bin/../lib/gcc/arm-none-eabi/12.3.1/thumb/v7e-m+fp/hard/crtbegin.o

.data           0x20000000       0xb4 load address 0x08006f64
                0x20000000                        . = ALIGN (0x4)
                0x20000000                        _sdata = .
 *(.data)
 *(.data*)
 .data.Font16   0x20000000        0x8 ./Core/Src/Lcd/Fonts/font16.o
                0x20000000                Font16
 .data.Font8    0x20000008        0x8 ./Core/Src/Lcd/Fonts/font8.o
                0x20000008                Font8
 .data.ili9486_drv
                0x20000010       0x44 ./Core/Src/Lcd/ili9486.o
                0x20000010                ili9486_drv
 .data.lcd_drv  0x20000054        0x4 ./Core/Src/Lcd/ili9486.o
                0x20000054                lcd_drv
 .data.SystemCoreClock
                0x20000058        0x4 ./Core/Src/system_stm32f4xx.o
                0x20000058                SystemCoreClock
 .data.uwTickPrio
                0x2000005c        0x4 ./Drivers/STM32F4xx_HAL_Driver/Src/stm32f4xx_hal.o
                0x2000005c                uwTickPrio
 .data.uwTickFreq
                0x20000060        0x1 ./Drivers/STM32F4xx_HAL_Driver/Src/stm32f4xx_hal.o
                0x20000060                uwTickFreq
 *fill*         0x20000061        0x3 
 .data._impure_ptr
                0x20000064        0x4 C:/ST/STM32CubeIDE_1.13.2/STM32CubeIDE/plugins/com.st.stm32cube.ide.mcu.externaltools.gnu-tools-for-stm32.12.3.rel1.win32_1.0.200.202406191623/tools/bin/../lib/gcc/arm-none-eabi/12.3.1/../../../../arm-none-eabi/lib/thumb/v7e-m+fp/hard\libc_nano.a(libc_a-impure.o)
                0x20000064                _impure_ptr
 .data._impure_data
                0x20000068       0x4c C:/ST/STM32CubeIDE_1.13.2/STM32CubeIDE/plugins/com.st.stm32cube.ide.mcu.externaltools.gnu-tools-for-stm32.12.3.rel1.win32_1.0.200.202406191623/tools/bin/../lib/gcc/arm-none-eabi/12.3.1/../../../../arm-none-eabi/lib/thumb/v7e-m+fp/hard\libc_nano.a(libc_a-impure.o)
                0x20000068                _impure_data
 *(.RamFunc)
 *(.RamFunc*)
                0x200000b4                        . = ALIGN (0x4)
                0x200000b4                        _edata = .

.igot.plt       0x200000b4        0x0 load address 0x08007018
 .igot.plt      0x200000b4        0x0 C:/ST/STM32CubeIDE_1.13.2/STM32CubeIDE/plugins/com.st.stm32cube.ide.mcu.externaltools.gnu-tools-for-stm32.12.3.rel1.win32_1.0.200.202406191623/tools/bin/../lib/gcc/arm-none-eabi/12.3.1/thumb/v7e-m+fp/hard/crtbegin.o
                0x200000b4                        . = ALIGN (0x4)

.bss            0x200000b4      0x720 load address 0x08007018
                0x200000b4                        _sbss = .
                0x200000b4                        __bss_start__ = _sbss
 *(.bss)
 .bss           0x200000b4       0x1c C:/ST/STM32CubeIDE_1.13.2/STM32CubeIDE/plugins/com.st.stm32cube.ide.mcu.externaltools.gnu-tools-for-stm32.12.3.rel1.win32_1.0.200.202406191623/tools/bin/../lib/gcc/arm-none-eabi/12.3.1/thumb/v7e-m+fp/hard/crtbegin.o
 *(.bss*)
 .bss.Is_ili9486_Initialized
                0x200000d0        0x1 ./Core/Src/Lcd/ili9486.o
 *fill*         0x200000d1        0x1 
 .bss.yStart    0x200000d2        0x2 ./Core/Src/Lcd/ili9486.o
 .bss.yEnd      0x200000d4        0x2 ./Core/Src/Lcd/ili9486.o
 *fill*         0x200000d6        0x2 
 .bss.scrparam.0
                0x200000d8        0x8 ./Core/Src/Lcd/ili9486.o
 .bss.lcd_data8
                0x200000e0        0x1 ./Core/Src/Lcd/lcd_io_gpio8.o
                0x200000e0                lcd_data8
 *fill*         0x200000e1        0x3 
 .bss.DrawProp  0x200000e4        0xc ./Core/Src/Lcd/stm32_adafruit_lcd.o
                0x200000e4                DrawProp
 .bss.bitmap    0x200000f0      0x366 ./Core/Src/Lcd/stm32_adafruit_lcd.o
 *fill*         0x20000456        0x2 
 .bss.hspi1     0x20000458       0x58 ./Core/Src/main.o
                0x20000458                hspi1
 .bss.htim4     0x200004b0       0x48 ./Core/Src/main.o
                0x200004b0                htim4
 .bss.myLoRa    0x200004f8       0x2c ./Core/Src/main.o
                0x200004f8                myLoRa
 .bss.LoRa_stat
                0x20000524        0x2 ./Core/Src/main.o
                0x20000524                LoRa_stat
 *fill*         0x20000526        0x2 
 .bss.TxBuffer  0x20000528       0x80 ./Core/Src/main.o
                0x20000528                TxBuffer
 .bss.RxBuffer  0x200005a8       0x80 ./Core/Src/main.o
                0x200005a8                RxBuffer
 .bss.check_connectivity_tick
                0x20000628        0x1 ./Core/Src/main.o
                0x20000628                check_connectivity_tick
 .bss.receive_tick
                0x20000629        0x1 ./Core/Src/main.o
                0x20000629                receive_tick
 *fill*         0x2000062a        0x2 
 .bss.front_line_sensor_buffer
                0x2000062c        0xa ./Core/Src/main.o
                0x2000062c                front_line_sensor_buffer
 *fill*         0x20000636        0x2 
 .bss.front_line_display_buffer
                0x20000638       0x1e ./Core/Src/main.o
                0x20000638                front_line_display_buffer
 *fill*         0x20000656        0x2 
 .bss.back_line_sensor_buffer
                0x20000658        0xa ./Core/Src/main.o
                0x20000658                back_line_sensor_buffer
 *fill*         0x20000662        0x2 
 .bss.back_line_display_buffer
                0x20000664       0x1e ./Core/Src/main.o
                0x20000664                back_line_display_buffer
 *fill*         0x20000682        0x2 
 .bss.__sbrk_heap_end
                0x20000684        0x4 ./Core/Src/sysmem.o
 .bss.uwTick    0x20000688        0x4 ./Drivers/STM32F4xx_HAL_Driver/Src/stm32f4xx_hal.o
                0x20000688                uwTick
 .bss.__sf      0x2000068c      0x138 C:/ST/STM32CubeIDE_1.13.2/STM32CubeIDE/plugins/com.st.stm32cube.ide.mcu.externaltools.gnu-tools-for-stm32.12.3.rel1.win32_1.0.200.202406191623/tools/bin/../lib/gcc/arm-none-eabi/12.3.1/../../../../arm-none-eabi/lib/thumb/v7e-m+fp/hard\libc_nano.a(libc_a-findfp.o)
                0x2000068c                __sf
 .bss.errno     0x200007c4        0x4 C:/ST/STM32CubeIDE_1.13.2/STM32CubeIDE/plugins/com.st.stm32cube.ide.mcu.externaltools.gnu-tools-for-stm32.12.3.rel1.win32_1.0.200.202406191623/tools/bin/../lib/gcc/arm-none-eabi/12.3.1/../../../../arm-none-eabi/lib/thumb/v7e-m+fp/hard\libc_nano.a(libc_a-reent.o)
                0x200007c4                errno
 .bss.__lock___malloc_recursive_mutex
                0x200007c8        0x1 C:/ST/STM32CubeIDE_1.13.2/STM32CubeIDE/plugins/com.st.stm32cube.ide.mcu.externaltools.gnu-tools-for-stm32.12.3.rel1.win32_1.0.200.202406191623/tools/bin/../lib/gcc/arm-none-eabi/12.3.1/../../../../arm-none-eabi/lib/thumb/v7e-m+fp/hard\libc_nano.a(libc_a-lock.o)
                0x200007c8                __lock___malloc_recursive_mutex
 *fill*         0x200007c9        0x3 
 .bss.__malloc_sbrk_start
                0x200007cc        0x4 C:/ST/STM32CubeIDE_1.13.2/STM32CubeIDE/plugins/com.st.stm32cube.ide.mcu.externaltools.gnu-tools-for-stm32.12.3.rel1.win32_1.0.200.202406191623/tools/bin/../lib/gcc/arm-none-eabi/12.3.1/../../../../arm-none-eabi/lib/thumb/v7e-m+fp/hard\libc_nano.a(libc_a-mallocr.o)
                0x200007cc                __malloc_sbrk_start
 .bss.__malloc_free_list
                0x200007d0        0x4 C:/ST/STM32CubeIDE_1.13.2/STM32CubeIDE/plugins/com.st.stm32cube.ide.mcu.externaltools.gnu-tools-for-stm32.12.3.rel1.win32_1.0.200.202406191623/tools/bin/../lib/gcc/arm-none-eabi/12.3.1/../../../../arm-none-eabi/lib/thumb/v7e-m+fp/hard\libc_nano.a(libc_a-mallocr.o)
                0x200007d0                __malloc_free_list
 *(COMMON)
                0x200007d4                        . = ALIGN (0x4)
                0x200007d4                        _ebss = .
                0x200007d4                        __bss_end__ = _ebss

._user_heap_stack
                0x200007d4      0x604 load address 0x08007018
                0x200007d8                        . = ALIGN (0x8)
 *fill*         0x200007d4        0x4 
                [!provide]                        PROVIDE (end = .)
                0x200007d8                        PROVIDE (_end = .)
                0x200009d8                        . = (. + _Min_Heap_Size)
 *fill*         0x200007d8      0x200 
                0x20000dd8                        . = (. + _Min_Stack_Size)
 *fill*         0x200009d8      0x400 
                0x20000dd8                        . = ALIGN (0x8)

/DISCARD/
 libc.a(*)
 libm.a(*)
 libgcc.a(*)

.ARM.attributes
                0x00000000       0x30
 *(.ARM.attributes)
 .ARM.attributes
                0x00000000       0x22 C:/ST/STM32CubeIDE_1.13.2/STM32CubeIDE/plugins/com.st.stm32cube.ide.mcu.externaltools.gnu-tools-for-stm32.12.3.rel1.win32_1.0.200.202406191623/tools/bin/../lib/gcc/arm-none-eabi/12.3.1/thumb/v7e-m+fp/hard/crti.o
 .ARM.attributes
                0x00000022       0x34 C:/ST/STM32CubeIDE_1.13.2/STM32CubeIDE/plugins/com.st.stm32cube.ide.mcu.externaltools.gnu-tools-for-stm32.12.3.rel1.win32_1.0.200.202406191623/tools/bin/../lib/gcc/arm-none-eabi/12.3.1/thumb/v7e-m+fp/hard/crtbegin.o
 .ARM.attributes
                0x00000056       0x34 ./Core/Src/Lcd/Fonts/font16.o
 .ARM.attributes
                0x0000008a       0x34 ./Core/Src/Lcd/Fonts/font8.o
 .ARM.attributes
                0x000000be       0x34 ./Core/Src/Lcd/ili9486.o
 .ARM.attributes
                0x000000f2       0x34 ./Core/Src/Lcd/lcd_io_gpio8.o
 .ARM.attributes
                0x00000126       0x34 ./Core/Src/Lcd/stm32_adafruit_lcd.o
 .ARM.attributes
                0x0000015a       0x34 ./Core/Src/LoRa.o
 .ARM.attributes
                0x0000018e       0x34 ./Core/Src/main.o
 .ARM.attributes
                0x000001c2       0x34 ./Core/Src/stm32f4xx_hal_msp.o
 .ARM.attributes
                0x000001f6       0x34 ./Core/Src/stm32f4xx_it.o
 .ARM.attributes
                0x0000022a       0x34 ./Core/Src/sysmem.o
 .ARM.attributes
                0x0000025e       0x34 ./Core/Src/system_stm32f4xx.o
 .ARM.attributes
                0x00000292       0x21 ./Core/Startup/startup_stm32f411ceux.o
 .ARM.attributes
                0x000002b3       0x34 ./Drivers/STM32F4xx_HAL_Driver/Src/stm32f4xx_hal.o
 .ARM.attributes
                0x000002e7       0x34 ./Drivers/STM32F4xx_HAL_Driver/Src/stm32f4xx_hal_cortex.o
 .ARM.attributes
                0x0000031b       0x34 ./Drivers/STM32F4xx_HAL_Driver/Src/stm32f4xx_hal_gpio.o
 .ARM.attributes
                0x0000034f       0x34 ./Drivers/STM32F4xx_HAL_Driver/Src/stm32f4xx_hal_rcc.o
 .ARM.attributes
                0x00000383       0x34 ./Drivers/STM32F4xx_HAL_Driver/Src/stm32f4xx_hal_spi.o
 .ARM.attributes
                0x000003b7       0x34 ./Drivers/STM32F4xx_HAL_Driver/Src/stm32f4xx_hal_tim.o
 .ARM.attributes
                0x000003eb       0x34 ./Drivers/STM32F4xx_HAL_Driver/Src/stm32f4xx_hal_tim_ex.o
 .ARM.attributes
                0x0000041f       0x34 C:/ST/STM32CubeIDE_1.13.2/STM32CubeIDE/plugins/com.st.stm32cube.ide.mcu.externaltools.gnu-tools-for-stm32.12.3.rel1.win32_1.0.200.202406191623/tools/bin/../lib/gcc/arm-none-eabi/12.3.1/../../../../arm-none-eabi/lib/thumb/v7e-m+fp/hard\libc_nano.a(libc_a-findfp.o)
 .ARM.attributes
                0x00000453       0x34 C:/ST/STM32CubeIDE_1.13.2/STM32CubeIDE/plugins/com.st.stm32cube.ide.mcu.externaltools.gnu-tools-for-stm32.12.3.rel1.win32_1.0.200.202406191623/tools/bin/../lib/gcc/arm-none-eabi/12.3.1/../../../../arm-none-eabi/lib/thumb/v7e-m+fp/hard\libc_nano.a(libc_a-sprintf.o)
 .ARM.attributes
                0x00000487       0x34 C:/ST/STM32CubeIDE_1.13.2/STM32CubeIDE/plugins/com.st.stm32cube.ide.mcu.externaltools.gnu-tools-for-stm32.12.3.rel1.win32_1.0.200.202406191623/tools/bin/../lib/gcc/arm-none-eabi/12.3.1/../../../../arm-none-eabi/lib/thumb/v7e-m+fp/hard\libc_nano.a(libc_a-memset.o)
 .ARM.attributes
                0x000004bb       0x34 C:/ST/STM32CubeIDE_1.13.2/STM32CubeIDE/plugins/com.st.stm32cube.ide.mcu.externaltools.gnu-tools-for-stm32.12.3.rel1.win32_1.0.200.202406191623/tools/bin/../lib/gcc/arm-none-eabi/12.3.1/../../../../arm-none-eabi/lib/thumb/v7e-m+fp/hard\libc_nano.a(libc_a-reent.o)
 .ARM.attributes
                0x000004ef       0x34 C:/ST/STM32CubeIDE_1.13.2/STM32CubeIDE/plugins/com.st.stm32cube.ide.mcu.externaltools.gnu-tools-for-stm32.12.3.rel1.win32_1.0.200.202406191623/tools/bin/../lib/gcc/arm-none-eabi/12.3.1/../../../../arm-none-eabi/lib/thumb/v7e-m+fp/hard\libc_nano.a(libc_a-impure.o)
 .ARM.attributes
                0x00000523       0x34 C:/ST/STM32CubeIDE_1.13.2/STM32CubeIDE/plugins/com.st.stm32cube.ide.mcu.externaltools.gnu-tools-for-stm32.12.3.rel1.win32_1.0.200.202406191623/tools/bin/../lib/gcc/arm-none-eabi/12.3.1/../../../../arm-none-eabi/lib/thumb/v7e-m+fp/hard\libc_nano.a(libc_a-errno.o)
 .ARM.attributes
                0x00000557       0x34 C:/ST/STM32CubeIDE_1.13.2/STM32CubeIDE/plugins/com.st.stm32cube.ide.mcu.externaltools.gnu-tools-for-stm32.12.3.rel1.win32_1.0.200.202406191623/tools/bin/../lib/gcc/arm-none-eabi/12.3.1/../../../../arm-none-eabi/lib/thumb/v7e-m+fp/hard\libc_nano.a(libc_a-init.o)
 .ARM.attributes
                0x0000058b       0x34 C:/ST/STM32CubeIDE_1.13.2/STM32CubeIDE/plugins/com.st.stm32cube.ide.mcu.externaltools.gnu-tools-for-stm32.12.3.rel1.win32_1.0.200.202406191623/tools/bin/../lib/gcc/arm-none-eabi/12.3.1/../../../../arm-none-eabi/lib/thumb/v7e-m+fp/hard\libc_nano.a(libc_a-lock.o)
 .ARM.attributes
                0x000005bf       0x34 C:/ST/STM32CubeIDE_1.13.2/STM32CubeIDE/plugins/com.st.stm32cube.ide.mcu.externaltools.gnu-tools-for-stm32.12.3.rel1.win32_1.0.200.202406191623/tools/bin/../lib/gcc/arm-none-eabi/12.3.1/../../../../arm-none-eabi/lib/thumb/v7e-m+fp/hard\libc_nano.a(libc_a-memcpy-stub.o)
 .ARM.attributes
                0x000005f3       0x34 C:/ST/STM32CubeIDE_1.13.2/STM32CubeIDE/plugins/com.st.stm32cube.ide.mcu.externaltools.gnu-tools-for-stm32.12.3.rel1.win32_1.0.200.202406191623/tools/bin/../lib/gcc/arm-none-eabi/12.3.1/../../../../arm-none-eabi/lib/thumb/v7e-m+fp/hard\libc_nano.a(libc_a-freer.o)
 .ARM.attributes
                0x00000627       0x34 C:/ST/STM32CubeIDE_1.13.2/STM32CubeIDE/plugins/com.st.stm32cube.ide.mcu.externaltools.gnu-tools-for-stm32.12.3.rel1.win32_1.0.200.202406191623/tools/bin/../lib/gcc/arm-none-eabi/12.3.1/../../../../arm-none-eabi/lib/thumb/v7e-m+fp/hard\libc_nano.a(libc_a-mallocr.o)
 .ARM.attributes
                0x0000065b       0x34 C:/ST/STM32CubeIDE_1.13.2/STM32CubeIDE/plugins/com.st.stm32cube.ide.mcu.externaltools.gnu-tools-for-stm32.12.3.rel1.win32_1.0.200.202406191623/tools/bin/../lib/gcc/arm-none-eabi/12.3.1/../../../../arm-none-eabi/lib/thumb/v7e-m+fp/hard\libc_nano.a(libc_a-mlock.o)
 .ARM.attributes
                0x0000068f       0x34 C:/ST/STM32CubeIDE_1.13.2/STM32CubeIDE/plugins/com.st.stm32cube.ide.mcu.externaltools.gnu-tools-for-stm32.12.3.rel1.win32_1.0.200.202406191623/tools/bin/../lib/gcc/arm-none-eabi/12.3.1/../../../../arm-none-eabi/lib/thumb/v7e-m+fp/hard\libc_nano.a(libc_a-nano-svfprintf.o)
 .ARM.attributes
                0x000006c3       0x34 C:/ST/STM32CubeIDE_1.13.2/STM32CubeIDE/plugins/com.st.stm32cube.ide.mcu.externaltools.gnu-tools-for-stm32.12.3.rel1.win32_1.0.200.202406191623/tools/bin/../lib/gcc/arm-none-eabi/12.3.1/../../../../arm-none-eabi/lib/thumb/v7e-m+fp/hard\libc_nano.a(libc_a-nano-vfprintf_i.o)
 .ARM.attributes
                0x000006f7       0x34 C:/ST/STM32CubeIDE_1.13.2/STM32CubeIDE/plugins/com.st.stm32cube.ide.mcu.externaltools.gnu-tools-for-stm32.12.3.rel1.win32_1.0.200.202406191623/tools/bin/../lib/gcc/arm-none-eabi/12.3.1/../../../../arm-none-eabi/lib/thumb/v7e-m+fp/hard\libc_nano.a(libc_a-memmove.o)
 .ARM.attributes
                0x0000072b       0x34 C:/ST/STM32CubeIDE_1.13.2/STM32CubeIDE/plugins/com.st.stm32cube.ide.mcu.externaltools.gnu-tools-for-stm32.12.3.rel1.win32_1.0.200.202406191623/tools/bin/../lib/gcc/arm-none-eabi/12.3.1/../../../../arm-none-eabi/lib/thumb/v7e-m+fp/hard\libc_nano.a(libc_a-sbrkr.o)
 .ARM.attributes
                0x0000075f       0x1c C:/ST/STM32CubeIDE_1.13.2/STM32CubeIDE/plugins/com.st.stm32cube.ide.mcu.externaltools.gnu-tools-for-stm32.12.3.rel1.win32_1.0.200.202406191623/tools/bin/../lib/gcc/arm-none-eabi/12.3.1/../../../../arm-none-eabi/lib/thumb/v7e-m+fp/hard\libc_nano.a(libc_a-memchr.o)
 .ARM.attributes
                0x0000077b       0x34 C:/ST/STM32CubeIDE_1.13.2/STM32CubeIDE/plugins/com.st.stm32cube.ide.mcu.externaltools.gnu-tools-for-stm32.12.3.rel1.win32_1.0.200.202406191623/tools/bin/../lib/gcc/arm-none-eabi/12.3.1/../../../../arm-none-eabi/lib/thumb/v7e-m+fp/hard\libc_nano.a(libc_a-reallocr.o)
 .ARM.attributes
                0x000007af       0x34 C:/ST/STM32CubeIDE_1.13.2/STM32CubeIDE/plugins/com.st.stm32cube.ide.mcu.externaltools.gnu-tools-for-stm32.12.3.rel1.win32_1.0.200.202406191623/tools/bin/../lib/gcc/arm-none-eabi/12.3.1/../../../../arm-none-eabi/lib/thumb/v7e-m+fp/hard\libc_nano.a(libc_a-msizer.o)
 .ARM.attributes
                0x000007e3       0x22 C:/ST/STM32CubeIDE_1.13.2/STM32CubeIDE/plugins/com.st.stm32cube.ide.mcu.externaltools.gnu-tools-for-stm32.12.3.rel1.win32_1.0.200.202406191623/tools/bin/../lib/gcc/arm-none-eabi/12.3.1/thumb/v7e-m+fp/hard\libgcc.a(_arm_addsubdf3.o)
 .ARM.attributes
                0x00000805       0x22 C:/ST/STM32CubeIDE_1.13.2/STM32CubeIDE/plugins/com.st.stm32cube.ide.mcu.externaltools.gnu-tools-for-stm32.12.3.rel1.win32_1.0.200.202406191623/tools/bin/../lib/gcc/arm-none-eabi/12.3.1/thumb/v7e-m+fp/hard\libgcc.a(_arm_muldivdf3.o)
 .ARM.attributes
                0x00000827       0x22 C:/ST/STM32CubeIDE_1.13.2/STM32CubeIDE/plugins/com.st.stm32cube.ide.mcu.externaltools.gnu-tools-for-stm32.12.3.rel1.win32_1.0.200.202406191623/tools/bin/../lib/gcc/arm-none-eabi/12.3.1/thumb/v7e-m+fp/hard\libgcc.a(_arm_fixdfsi.o)
 .ARM.attributes
                0x00000849       0x22 C:/ST/STM32CubeIDE_1.13.2/STM32CubeIDE/plugins/com.st.stm32cube.ide.mcu.externaltools.gnu-tools-for-stm32.12.3.rel1.win32_1.0.200.202406191623/tools/bin/../lib/gcc/arm-none-eabi/12.3.1/thumb/v7e-m+fp/hard\libgcc.a(_aeabi_uldivmod.o)
 .ARM.attributes
                0x0000086b       0x34 C:/ST/STM32CubeIDE_1.13.2/STM32CubeIDE/plugins/com.st.stm32cube.ide.mcu.externaltools.gnu-tools-for-stm32.12.3.rel1.win32_1.0.200.202406191623/tools/bin/../lib/gcc/arm-none-eabi/12.3.1/thumb/v7e-m+fp/hard\libgcc.a(_udivmoddi4.o)
 .ARM.attributes
                0x0000089f       0x22 C:/ST/STM32CubeIDE_1.13.2/STM32CubeIDE/plugins/com.st.stm32cube.ide.mcu.externaltools.gnu-tools-for-stm32.12.3.rel1.win32_1.0.200.202406191623/tools/bin/../lib/gcc/arm-none-eabi/12.3.1/thumb/v7e-m+fp/hard\libgcc.a(_dvmd_tls.o)
 .ARM.attributes
                0x000008c1       0x22 C:/ST/STM32CubeIDE_1.13.2/STM32CubeIDE/plugins/com.st.stm32cube.ide.mcu.externaltools.gnu-tools-for-stm32.12.3.rel1.win32_1.0.200.202406191623/tools/bin/../lib/gcc/arm-none-eabi/12.3.1/thumb/v7e-m+fp/hard/crtn.o
OUTPUT(Lora_Remote_BOARD_V1.elf elf32-littlearm)
LOAD linker stubs
LOAD C:/ST/STM32CubeIDE_1.13.2/STM32CubeIDE/plugins/com.st.stm32cube.ide.mcu.externaltools.gnu-tools-for-stm32.12.3.rel1.win32_1.0.200.202406191623/tools/bin/../lib/gcc/arm-none-eabi/12.3.1/../../../../arm-none-eabi/lib/thumb/v7e-m+fp/hard\libc.a
LOAD C:/ST/STM32CubeIDE_1.13.2/STM32CubeIDE/plugins/com.st.stm32cube.ide.mcu.externaltools.gnu-tools-for-stm32.12.3.rel1.win32_1.0.200.202406191623/tools/bin/../lib/gcc/arm-none-eabi/12.3.1/../../../../arm-none-eabi/lib/thumb/v7e-m+fp/hard\libm.a
LOAD C:/ST/STM32CubeIDE_1.13.2/STM32CubeIDE/plugins/com.st.stm32cube.ide.mcu.externaltools.gnu-tools-for-stm32.12.3.rel1.win32_1.0.200.202406191623/tools/bin/../lib/gcc/arm-none-eabi/12.3.1/thumb/v7e-m+fp/hard\libgcc.a

.debug_info     0x00000000     0xe11d
 .debug_info    0x00000000      0x125 ./Core/Src/Lcd/Fonts/font16.o
 .debug_info    0x00000125      0x125 ./Core/Src/Lcd/Fonts/font8.o
 .debug_info    0x0000024a      0x977 ./Core/Src/Lcd/ili9486.o
 .debug_info    0x00000bc1      0x849 ./Core/Src/Lcd/lcd_io_gpio8.o
 .debug_info    0x0000140a     0x118d ./Core/Src/Lcd/stm32_adafruit_lcd.o
 .debug_info    0x00002597      0xe69 ./Core/Src/LoRa.o
 .debug_info    0x00003400     0x165d ./Core/Src/main.o
 .debug_info    0x00004a5d      0xef0 ./Core/Src/stm32f4xx_hal_msp.o
 .debug_info    0x0000594d      0x714 ./Core/Src/stm32f4xx_it.o
 .debug_info    0x00006061      0x168 ./Core/Src/sysmem.o
 .debug_info    0x000061c9      0x53e ./Core/Src/system_stm32f4xx.o
 .debug_info    0x00006707       0x30 ./Core/Startup/startup_stm32f411ceux.o
 .debug_info    0x00006737      0x8c4 ./Drivers/STM32F4xx_HAL_Driver/Src/stm32f4xx_hal.o
 .debug_info    0x00006ffb      0xcc7 ./Drivers/STM32F4xx_HAL_Driver/Src/stm32f4xx_hal_cortex.o
 .debug_info    0x00007cc2      0x6f9 ./Drivers/STM32F4xx_HAL_Driver/Src/stm32f4xx_hal_gpio.o
 .debug_info    0x000083bb      0x8f2 ./Drivers/STM32F4xx_HAL_Driver/Src/stm32f4xx_hal_rcc.o
 .debug_info    0x00008cad     0x1606 ./Drivers/STM32F4xx_HAL_Driver/Src/stm32f4xx_hal_spi.o
 .debug_info    0x0000a2b3     0x2996 ./Drivers/STM32F4xx_HAL_Driver/Src/stm32f4xx_hal_tim.o
 .debug_info    0x0000cc49     0x14d4 ./Drivers/STM32F4xx_HAL_Driver/Src/stm32f4xx_hal_tim_ex.o

.debug_abbrev   0x00000000     0x2423
 .debug_abbrev  0x00000000       0xb1 ./Core/Src/Lcd/Fonts/font16.o
 .debug_abbrev  0x000000b1       0xb1 ./Core/Src/Lcd/Fonts/font8.o
 .debug_abbrev  0x00000162      0x1d1 ./Core/Src/Lcd/ili9486.o
 .debug_abbrev  0x00000333      0x199 ./Core/Src/Lcd/lcd_io_gpio8.o
 .debug_abbrev  0x000004cc      0x2ba ./Core/Src/Lcd/stm32_adafruit_lcd.o
 .debug_abbrev  0x00000786      0x26f ./Core/Src/LoRa.o
 .debug_abbrev  0x000009f5      0x307 ./Core/Src/main.o
 .debug_abbrev  0x00000cfc      0x1d7 ./Core/Src/stm32f4xx_hal_msp.o
 .debug_abbrev  0x00000ed3      0x1ba ./Core/Src/stm32f4xx_it.o
 .debug_abbrev  0x0000108d       0xbc ./Core/Src/sysmem.o
 .debug_abbrev  0x00001149      0x11a ./Core/Src/system_stm32f4xx.o
 .debug_abbrev  0x00001263       0x24 ./Core/Startup/startup_stm32f411ceux.o
 .debug_abbrev  0x00001287      0x24b ./Drivers/STM32F4xx_HAL_Driver/Src/stm32f4xx_hal.o
 .debug_abbrev  0x000014d2      0x328 ./Drivers/STM32F4xx_HAL_Driver/Src/stm32f4xx_hal_cortex.o
 .debug_abbrev  0x000017fa      0x1d3 ./Drivers/STM32F4xx_HAL_Driver/Src/stm32f4xx_hal_gpio.o
 .debug_abbrev  0x000019cd      0x2b5 ./Drivers/STM32F4xx_HAL_Driver/Src/stm32f4xx_hal_rcc.o
 .debug_abbrev  0x00001c82      0x280 ./Drivers/STM32F4xx_HAL_Driver/Src/stm32f4xx_hal_spi.o
 .debug_abbrev  0x00001f02      0x28b ./Drivers/STM32F4xx_HAL_Driver/Src/stm32f4xx_hal_tim.o
 .debug_abbrev  0x0000218d      0x296 ./Drivers/STM32F4xx_HAL_Driver/Src/stm32f4xx_hal_tim_ex.o

.debug_aranges  0x00000000      0xf00
 .debug_aranges
                0x00000000       0x18 ./Core/Src/Lcd/Fonts/font16.o
 .debug_aranges
                0x00000018       0x18 ./Core/Src/Lcd/Fonts/font8.o
 .debug_aranges
                0x00000030       0xa0 ./Core/Src/Lcd/ili9486.o
 .debug_aranges
                0x000000d0       0xb8 ./Core/Src/Lcd/lcd_io_gpio8.o
 .debug_aranges
                0x00000188      0x140 ./Core/Src/Lcd/stm32_adafruit_lcd.o
 .debug_aranges
                0x000002c8       0xc8 ./Core/Src/LoRa.o
 .debug_aranges
                0x00000390       0x58 ./Core/Src/main.o
 .debug_aranges
                0x000003e8       0x40 ./Core/Src/stm32f4xx_hal_msp.o
 .debug_aranges
                0x00000428       0x70 ./Core/Src/stm32f4xx_it.o
 .debug_aranges
                0x00000498       0x20 ./Core/Src/sysmem.o
 .debug_aranges
                0x000004b8       0x28 ./Core/Src/system_stm32f4xx.o
 .debug_aranges
                0x000004e0       0x28 ./Core/Startup/startup_stm32f411ceux.o
 .debug_aranges
                0x00000508       0xf0 ./Drivers/STM32F4xx_HAL_Driver/Src/stm32f4xx_hal.o
 .debug_aranges
                0x000005f8      0x120 ./Drivers/STM32F4xx_HAL_Driver/Src/stm32f4xx_hal_cortex.o
 .debug_aranges
                0x00000718       0x58 ./Drivers/STM32F4xx_HAL_Driver/Src/stm32f4xx_hal_gpio.o
 .debug_aranges
                0x00000770       0x88 ./Drivers/STM32F4xx_HAL_Driver/Src/stm32f4xx_hal_rcc.o
 .debug_aranges
                0x000007f8      0x1d0 ./Drivers/STM32F4xx_HAL_Driver/Src/stm32f4xx_hal_spi.o
 .debug_aranges
                0x000009c8      0x3d0 ./Drivers/STM32F4xx_HAL_Driver/Src/stm32f4xx_hal_tim.o
 .debug_aranges
                0x00000d98      0x168 ./Drivers/STM32F4xx_HAL_Driver/Src/stm32f4xx_hal_tim_ex.o

.debug_macro    0x00000000     0x27b3
 .debug_macro   0x00000000       0x73 ./Core/Src/Lcd/Fonts/font16.o
 .debug_macro   0x00000073       0x73 ./Core/Src/Lcd/Fonts/font8.o
 .debug_macro   0x000000e6      0x45f ./Core/Src/Lcd/ili9486.o
 .debug_macro   0x00000545      0x189 ./Core/Src/Lcd/ili9486.o
 .debug_macro   0x000006ce       0x10 ./Core/Src/Lcd/ili9486.o
 .debug_macro   0x000006de       0x40 ./Core/Src/Lcd/ili9486.o
 .debug_macro   0x0000071e      0x3a4 ./Core/Src/Lcd/lcd_io_gpio8.o
 .debug_macro   0x00000ac2       0x5c ./Core/Src/Lcd/lcd_io_gpio8.o
 .debug_macro   0x00000b1e       0x6a ./Core/Src/Lcd/lcd_io_gpio8.o
 .debug_macro   0x00000b88       0xbb ./Core/Src/Lcd/stm32_adafruit_lcd.o
 .debug_macro   0x00000c43      0x1e6 ./Core/Src/LoRa.o
 .debug_macro   0x00000e29      0x172 ./Core/Src/LoRa.o
 .debug_macro   0x00000f9b      0x20f ./Core/Src/main.o
 .debug_macro   0x000011aa      0x1dd ./Core/Src/stm32f4xx_hal_msp.o
 .debug_macro   0x00001387      0x1e7 ./Core/Src/stm32f4xx_it.o
 .debug_macro   0x0000156e       0xff ./Core/Src/sysmem.o
 .debug_macro   0x0000166d      0x23c ./Core/Src/sysmem.o
 .debug_macro   0x000018a9      0x1ce ./Core/Src/system_stm32f4xx.o
 .debug_macro   0x00001a77      0x22e ./Drivers/STM32F4xx_HAL_Driver/Src/stm32f4xx_hal.o
 .debug_macro   0x00001ca5      0x1ce ./Drivers/STM32F4xx_HAL_Driver/Src/stm32f4xx_hal_cortex.o
 .debug_macro   0x00001e73      0x1d4 ./Drivers/STM32F4xx_HAL_Driver/Src/stm32f4xx_hal_gpio.o
 .debug_macro   0x00002047      0x1f2 ./Drivers/STM32F4xx_HAL_Driver/Src/stm32f4xx_hal_rcc.o
 .debug_macro   0x00002239      0x1dd ./Drivers/STM32F4xx_HAL_Driver/Src/stm32f4xx_hal_spi.o
 .debug_macro   0x00002416      0x1cf ./Drivers/STM32F4xx_HAL_Driver/Src/stm32f4xx_hal_tim.o
 .debug_macro   0x000025e5      0x1ce ./Drivers/STM32F4xx_HAL_Driver/Src/stm32f4xx_hal_tim_ex.o

.debug_line     0x00000000    0x10006
 .debug_line    0x00000000      0x411 ./Core/Src/Lcd/Fonts/font16.o
 .debug_line    0x00000411      0x410 ./Core/Src/Lcd/Fonts/font8.o
 .debug_line    0x00000821      0xb78 ./Core/Src/Lcd/ili9486.o
 .debug_line    0x00001399      0xb1a ./Core/Src/Lcd/lcd_io_gpio8.o
 .debug_line    0x00001eb3      0xfc4 ./Core/Src/Lcd/stm32_adafruit_lcd.o
 .debug_line    0x00002e77      0xbb9 ./Core/Src/LoRa.o
 .debug_line    0x00003a30      0xac1 ./Core/Src/main.o
 .debug_line    0x000044f1      0x7d6 ./Core/Src/stm32f4xx_hal_msp.o
 .debug_line    0x00004cc7      0x840 ./Core/Src/stm32f4xx_it.o
 .debug_line    0x00005507      0x583 ./Core/Src/sysmem.o
 .debug_line    0x00005a8a      0x7d2 ./Core/Src/system_stm32f4xx.o
 .debug_line    0x0000625c       0x7a ./Core/Startup/startup_stm32f411ceux.o
 .debug_line    0x000062d6      0xa3b ./Drivers/STM32F4xx_HAL_Driver/Src/stm32f4xx_hal.o
 .debug_line    0x00006d11      0xd03 ./Drivers/STM32F4xx_HAL_Driver/Src/stm32f4xx_hal_cortex.o
 .debug_line    0x00007a14      0xb8b ./Drivers/STM32F4xx_HAL_Driver/Src/stm32f4xx_hal_gpio.o
 .debug_line    0x0000859f      0xdac ./Drivers/STM32F4xx_HAL_Driver/Src/stm32f4xx_hal_rcc.o
 .debug_line    0x0000934b     0x1d36 ./Drivers/STM32F4xx_HAL_Driver/Src/stm32f4xx_hal_spi.o
 .debug_line    0x0000b081     0x35b9 ./Drivers/STM32F4xx_HAL_Driver/Src/stm32f4xx_hal_tim.o
 .debug_line    0x0000e63a     0x19cc ./Drivers/STM32F4xx_HAL_Driver/Src/stm32f4xx_hal_tim_ex.o

.debug_str      0x00000000    0x8fb50
 .debug_str     0x00000000     0x3c51 ./Core/Src/Lcd/Fonts/font16.o
                               0x3dcf (size before relaxing)
 .debug_str     0x00003c51       0x2a ./Core/Src/Lcd/Fonts/font8.o
                               0x3dcc (size before relaxing)
 .debug_str     0x00003c7b    0x86755 ./Core/Src/Lcd/ili9486.o
                              0x8a6b9 (size before relaxing)
 .debug_str     0x0008a3d0      0xf72 ./Core/Src/Lcd/lcd_io_gpio8.o
                              0x87755 (size before relaxing)
 .debug_str     0x0008b342      0x780 ./Core/Src/Lcd/stm32_adafruit_lcd.o
                               0x46c7 (size before relaxing)
 .debug_str     0x0008bac2      0xa90 ./Core/Src/LoRa.o
                              0x8722e (size before relaxing)
 .debug_str     0x0008c552      0xa65 ./Core/Src/main.o
                              0x87f37 (size before relaxing)
 .debug_str     0x0008cfb7       0xad ./Core/Src/stm32f4xx_hal_msp.o
                              0x873b9 (size before relaxing)
 .debug_str     0x0008d064      0x116 ./Core/Src/stm32f4xx_it.o
                              0x86ce7 (size before relaxing)
 .debug_str     0x0008d17a      0x4dc ./Core/Src/sysmem.o
                               0x60e6 (size before relaxing)
 .debug_str     0x0008d656       0xdb ./Core/Src/system_stm32f4xx.o
                              0x86798 (size before relaxing)
 .debug_str     0x0008d731       0x44 ./Core/Startup/startup_stm32f411ceux.o
                                 0x99 (size before relaxing)
 .debug_str     0x0008d775      0x603 ./Drivers/STM32F4xx_HAL_Driver/Src/stm32f4xx_hal.o
                              0x871c4 (size before relaxing)
 .debug_str     0x0008dd78      0x330 ./Drivers/STM32F4xx_HAL_Driver/Src/stm32f4xx_hal_cortex.o
                              0x86efc (size before relaxing)
 .debug_str     0x0008e0a8       0xd5 ./Drivers/STM32F4xx_HAL_Driver/Src/stm32f4xx_hal_gpio.o
                              0x86913 (size before relaxing)
 .debug_str     0x0008e17d      0x233 ./Drivers/STM32F4xx_HAL_Driver/Src/stm32f4xx_hal_rcc.o
                              0x86bcc (size before relaxing)
 .debug_str     0x0008e3b0      0x565 ./Drivers/STM32F4xx_HAL_Driver/Src/stm32f4xx_hal_spi.o
                              0x8704a (size before relaxing)
 .debug_str     0x0008e915      0xda8 ./Drivers/STM32F4xx_HAL_Driver/Src/stm32f4xx_hal_tim.o
                              0x87b10 (size before relaxing)
 .debug_str     0x0008f6bd      0x493 ./Drivers/STM32F4xx_HAL_Driver/Src/stm32f4xx_hal_tim_ex.o
                              0x8731c (size before relaxing)

.comment        0x00000000       0x43
 .comment       0x00000000       0x43 ./Core/Src/Lcd/Fonts/font16.o
                                 0x44 (size before relaxing)
 .comment       0x00000043       0x44 ./Core/Src/Lcd/Fonts/font8.o
 .comment       0x00000043       0x44 ./Core/Src/Lcd/ili9486.o
 .comment       0x00000043       0x44 ./Core/Src/Lcd/lcd_io_gpio8.o
 .comment       0x00000043       0x44 ./Core/Src/Lcd/stm32_adafruit_lcd.o
 .comment       0x00000043       0x44 ./Core/Src/LoRa.o
 .comment       0x00000043       0x44 ./Core/Src/main.o
 .comment       0x00000043       0x44 ./Core/Src/stm32f4xx_hal_msp.o
 .comment       0x00000043       0x44 ./Core/Src/stm32f4xx_it.o
 .comment       0x00000043       0x44 ./Core/Src/sysmem.o
 .comment       0x00000043       0x44 ./Core/Src/system_stm32f4xx.o
 .comment       0x00000043       0x44 ./Drivers/STM32F4xx_HAL_Driver/Src/stm32f4xx_hal.o
 .comment       0x00000043       0x44 ./Drivers/STM32F4xx_HAL_Driver/Src/stm32f4xx_hal_cortex.o
 .comment       0x00000043       0x44 ./Drivers/STM32F4xx_HAL_Driver/Src/stm32f4xx_hal_gpio.o
 .comment       0x00000043       0x44 ./Drivers/STM32F4xx_HAL_Driver/Src/stm32f4xx_hal_rcc.o
 .comment       0x00000043       0x44 ./Drivers/STM32F4xx_HAL_Driver/Src/stm32f4xx_hal_spi.o
 .comment       0x00000043       0x44 ./Drivers/STM32F4xx_HAL_Driver/Src/stm32f4xx_hal_tim.o
 .comment       0x00000043       0x44 ./Drivers/STM32F4xx_HAL_Driver/Src/stm32f4xx_hal_tim_ex.o

.debug_rnglists
                0x00000000      0xb75
 .debug_rnglists
                0x00000000       0x7d ./Core/Src/Lcd/ili9486.o
 .debug_rnglists
                0x0000007d       0x94 ./Core/Src/Lcd/lcd_io_gpio8.o
 .debug_rnglists
                0x00000111       0xf6 ./Core/Src/Lcd/stm32_adafruit_lcd.o
 .debug_rnglists
                0x00000207       0x96 ./Core/Src/LoRa.o
 .debug_rnglists
                0x0000029d       0x41 ./Core/Src/main.o
 .debug_rnglists
                0x000002de       0x2c ./Core/Src/stm32f4xx_hal_msp.o
 .debug_rnglists
                0x0000030a       0x4f ./Core/Src/stm32f4xx_it.o
 .debug_rnglists
                0x00000359       0x13 ./Core/Src/sysmem.o
 .debug_rnglists
                0x0000036c       0x1a ./Core/Src/system_stm32f4xx.o
 .debug_rnglists
                0x00000386       0x19 ./Core/Startup/startup_stm32f411ceux.o
 .debug_rnglists
                0x0000039f       0xaf ./Drivers/STM32F4xx_HAL_Driver/Src/stm32f4xx_hal.o
 .debug_rnglists
                0x0000044e       0xd4 ./Drivers/STM32F4xx_HAL_Driver/Src/stm32f4xx_hal_cortex.o
 .debug_rnglists
                0x00000522       0x3f ./Drivers/STM32F4xx_HAL_Driver/Src/stm32f4xx_hal_gpio.o
 .debug_rnglists
                0x00000561       0x66 ./Drivers/STM32F4xx_HAL_Driver/Src/stm32f4xx_hal_rcc.o
 .debug_rnglists
                0x000005c7      0x16f ./Drivers/STM32F4xx_HAL_Driver/Src/stm32f4xx_hal_spi.o
 .debug_rnglists
                0x00000736      0x31a ./Drivers/STM32F4xx_HAL_Driver/Src/stm32f4xx_hal_tim.o
 .debug_rnglists
                0x00000a50      0x125 ./Drivers/STM32F4xx_HAL_Driver/Src/stm32f4xx_hal_tim_ex.o

.debug_frame    0x00000000     0x4420
 .debug_frame   0x00000000      0x26c ./Core/Src/Lcd/ili9486.o
 .debug_frame   0x0000026c      0x2e0 ./Core/Src/Lcd/lcd_io_gpio8.o
 .debug_frame   0x0000054c      0x564 ./Core/Src/Lcd/stm32_adafruit_lcd.o
 .debug_frame   0x00000ab0      0x338 ./Core/Src/LoRa.o
 .debug_frame   0x00000de8      0x120 ./Core/Src/main.o
 .debug_frame   0x00000f08       0xc8 ./Core/Src/stm32f4xx_hal_msp.o
 .debug_frame   0x00000fd0      0x13c ./Core/Src/stm32f4xx_it.o
 .debug_frame   0x0000110c       0x34 ./Core/Src/sysmem.o
 .debug_frame   0x00001140       0x58 ./Core/Src/system_stm32f4xx.o
 .debug_frame   0x00001198      0x374 ./Drivers/STM32F4xx_HAL_Driver/Src/stm32f4xx_hal.o
 .debug_frame   0x0000150c      0x4b8 ./Drivers/STM32F4xx_HAL_Driver/Src/stm32f4xx_hal_cortex.o
 .debug_frame   0x000019c4      0x14c ./Drivers/STM32F4xx_HAL_Driver/Src/stm32f4xx_hal_gpio.o
 .debug_frame   0x00001b10      0x1f4 ./Drivers/STM32F4xx_HAL_Driver/Src/stm32f4xx_hal_rcc.o
 .debug_frame   0x00001d04      0x828 ./Drivers/STM32F4xx_HAL_Driver/Src/stm32f4xx_hal_spi.o
 .debug_frame   0x0000252c     0x11b8 ./Drivers/STM32F4xx_HAL_Driver/Src/stm32f4xx_hal_tim.o
 .debug_frame   0x000036e4      0x638 ./Drivers/STM32F4xx_HAL_Driver/Src/stm32f4xx_hal_tim_ex.o
 .debug_frame   0x00003d1c      0x144 C:/ST/STM32CubeIDE_1.13.2/STM32CubeIDE/plugins/com.st.stm32cube.ide.mcu.externaltools.gnu-tools-for-stm32.12.3.rel1.win32_1.0.200.202406191623/tools/bin/../lib/gcc/arm-none-eabi/12.3.1/../../../../arm-none-eabi/lib/thumb/v7e-m+fp/hard\libc_nano.a(libc_a-findfp.o)
 .debug_frame   0x00003e60       0x6c C:/ST/STM32CubeIDE_1.13.2/STM32CubeIDE/plugins/com.st.stm32cube.ide.mcu.externaltools.gnu-tools-for-stm32.12.3.rel1.win32_1.0.200.202406191623/tools/bin/../lib/gcc/arm-none-eabi/12.3.1/../../../../arm-none-eabi/lib/thumb/v7e-m+fp/hard\libc_nano.a(libc_a-sprintf.o)
 .debug_frame   0x00003ecc       0x20 C:/ST/STM32CubeIDE_1.13.2/STM32CubeIDE/plugins/com.st.stm32cube.ide.mcu.externaltools.gnu-tools-for-stm32.12.3.rel1.win32_1.0.200.202406191623/tools/bin/../lib/gcc/arm-none-eabi/12.3.1/../../../../arm-none-eabi/lib/thumb/v7e-m+fp/hard\libc_nano.a(libc_a-memset.o)
 .debug_frame   0x00003eec       0x38 C:/ST/STM32CubeIDE_1.13.2/STM32CubeIDE/plugins/com.st.stm32cube.ide.mcu.externaltools.gnu-tools-for-stm32.12.3.rel1.win32_1.0.200.202406191623/tools/bin/../lib/gcc/arm-none-eabi/12.3.1/../../../../arm-none-eabi/lib/thumb/v7e-m+fp/hard\libc_nano.a(libc_a-reent.o)
 .debug_frame   0x00003f24       0x20 C:/ST/STM32CubeIDE_1.13.2/STM32CubeIDE/plugins/com.st.stm32cube.ide.mcu.externaltools.gnu-tools-for-stm32.12.3.rel1.win32_1.0.200.202406191623/tools/bin/../lib/gcc/arm-none-eabi/12.3.1/../../../../arm-none-eabi/lib/thumb/v7e-m+fp/hard\libc_nano.a(libc_a-errno.o)
 .debug_frame   0x00003f44       0x2c C:/ST/STM32CubeIDE_1.13.2/STM32CubeIDE/plugins/com.st.stm32cube.ide.mcu.externaltools.gnu-tools-for-stm32.12.3.rel1.win32_1.0.200.202406191623/tools/bin/../lib/gcc/arm-none-eabi/12.3.1/../../../../arm-none-eabi/lib/thumb/v7e-m+fp/hard\libc_nano.a(libc_a-init.o)
 .debug_frame   0x00003f70       0xb0 C:/ST/STM32CubeIDE_1.13.2/STM32CubeIDE/plugins/com.st.stm32cube.ide.mcu.externaltools.gnu-tools-for-stm32.12.3.rel1.win32_1.0.200.202406191623/tools/bin/../lib/gcc/arm-none-eabi/12.3.1/../../../../arm-none-eabi/lib/thumb/v7e-m+fp/hard\libc_nano.a(libc_a-lock.o)
 .debug_frame   0x00004020       0x28 C:/ST/STM32CubeIDE_1.13.2/STM32CubeIDE/plugins/com.st.stm32cube.ide.mcu.externaltools.gnu-tools-for-stm32.12.3.rel1.win32_1.0.200.202406191623/tools/bin/../lib/gcc/arm-none-eabi/12.3.1/../../../../arm-none-eabi/lib/thumb/v7e-m+fp/hard\libc_nano.a(libc_a-memcpy-stub.o)
 .debug_frame   0x00004048       0x38 C:/ST/STM32CubeIDE_1.13.2/STM32CubeIDE/plugins/com.st.stm32cube.ide.mcu.externaltools.gnu-tools-for-stm32.12.3.rel1.win32_1.0.200.202406191623/tools/bin/../lib/gcc/arm-none-eabi/12.3.1/../../../../arm-none-eabi/lib/thumb/v7e-m+fp/hard\libc_nano.a(libc_a-freer.o)
 .debug_frame   0x00004080       0x50 C:/ST/STM32CubeIDE_1.13.2/STM32CubeIDE/plugins/com.st.stm32cube.ide.mcu.externaltools.gnu-tools-for-stm32.12.3.rel1.win32_1.0.200.202406191623/tools/bin/../lib/gcc/arm-none-eabi/12.3.1/../../../../arm-none-eabi/lib/thumb/v7e-m+fp/hard\libc_nano.a(libc_a-mallocr.o)
 .debug_frame   0x000040d0       0x30 C:/ST/STM32CubeIDE_1.13.2/STM32CubeIDE/plugins/com.st.stm32cube.ide.mcu.externaltools.gnu-tools-for-stm32.12.3.rel1.win32_1.0.200.202406191623/tools/bin/../lib/gcc/arm-none-eabi/12.3.1/../../../../arm-none-eabi/lib/thumb/v7e-m+fp/hard\libc_nano.a(libc_a-mlock.o)
 .debug_frame   0x00004100       0x90 C:/ST/STM32CubeIDE_1.13.2/STM32CubeIDE/plugins/com.st.stm32cube.ide.mcu.externaltools.gnu-tools-for-stm32.12.3.rel1.win32_1.0.200.202406191623/tools/bin/../lib/gcc/arm-none-eabi/12.3.1/../../../../arm-none-eabi/lib/thumb/v7e-m+fp/hard\libc_nano.a(libc_a-nano-svfprintf.o)
 .debug_frame   0x00004190       0x60 C:/ST/STM32CubeIDE_1.13.2/STM32CubeIDE/plugins/com.st.stm32cube.ide.mcu.externaltools.gnu-tools-for-stm32.12.3.rel1.win32_1.0.200.202406191623/tools/bin/../lib/gcc/arm-none-eabi/12.3.1/../../../../arm-none-eabi/lib/thumb/v7e-m+fp/hard\libc_nano.a(libc_a-nano-vfprintf_i.o)
 .debug_frame   0x000041f0       0x28 C:/ST/STM32CubeIDE_1.13.2/STM32CubeIDE/plugins/com.st.stm32cube.ide.mcu.externaltools.gnu-tools-for-stm32.12.3.rel1.win32_1.0.200.202406191623/tools/bin/../lib/gcc/arm-none-eabi/12.3.1/../../../../arm-none-eabi/lib/thumb/v7e-m+fp/hard\libc_nano.a(libc_a-memmove.o)
 .debug_frame   0x00004218       0x2c C:/ST/STM32CubeIDE_1.13.2/STM32CubeIDE/plugins/com.st.stm32cube.ide.mcu.externaltools.gnu-tools-for-stm32.12.3.rel1.win32_1.0.200.202406191623/tools/bin/../lib/gcc/arm-none-eabi/12.3.1/../../../../arm-none-eabi/lib/thumb/v7e-m+fp/hard\libc_nano.a(libc_a-sbrkr.o)
 .debug_frame   0x00004244       0x3c C:/ST/STM32CubeIDE_1.13.2/STM32CubeIDE/plugins/com.st.stm32cube.ide.mcu.externaltools.gnu-tools-for-stm32.12.3.rel1.win32_1.0.200.202406191623/tools/bin/../lib/gcc/arm-none-eabi/12.3.1/../../../../arm-none-eabi/lib/thumb/v7e-m+fp/hard\libc_nano.a(libc_a-reallocr.o)
 .debug_frame   0x00004280       0x20 C:/ST/STM32CubeIDE_1.13.2/STM32CubeIDE/plugins/com.st.stm32cube.ide.mcu.externaltools.gnu-tools-for-stm32.12.3.rel1.win32_1.0.200.202406191623/tools/bin/../lib/gcc/arm-none-eabi/12.3.1/../../../../arm-none-eabi/lib/thumb/v7e-m+fp/hard\libc_nano.a(libc_a-msizer.o)
 .debug_frame   0x000042a0       0xac C:/ST/STM32CubeIDE_1.13.2/STM32CubeIDE/plugins/com.st.stm32cube.ide.mcu.externaltools.gnu-tools-for-stm32.12.3.rel1.win32_1.0.200.202406191623/tools/bin/../lib/gcc/arm-none-eabi/12.3.1/thumb/v7e-m+fp/hard\libgcc.a(_arm_addsubdf3.o)
 .debug_frame   0x0000434c       0x50 C:/ST/STM32CubeIDE_1.13.2/STM32CubeIDE/plugins/com.st.stm32cube.ide.mcu.externaltools.gnu-tools-for-stm32.12.3.rel1.win32_1.0.200.202406191623/tools/bin/../lib/gcc/arm-none-eabi/12.3.1/thumb/v7e-m+fp/hard\libgcc.a(_arm_muldivdf3.o)
 .debug_frame   0x0000439c       0x24 C:/ST/STM32CubeIDE_1.13.2/STM32CubeIDE/plugins/com.st.stm32cube.ide.mcu.externaltools.gnu-tools-for-stm32.12.3.rel1.win32_1.0.200.202406191623/tools/bin/../lib/gcc/arm-none-eabi/12.3.1/thumb/v7e-m+fp/hard\libgcc.a(_arm_fixdfsi.o)
 .debug_frame   0x000043c0       0x2c C:/ST/STM32CubeIDE_1.13.2/STM32CubeIDE/plugins/com.st.stm32cube.ide.mcu.externaltools.gnu-tools-for-stm32.12.3.rel1.win32_1.0.200.202406191623/tools/bin/../lib/gcc/arm-none-eabi/12.3.1/thumb/v7e-m+fp/hard\libgcc.a(_aeabi_uldivmod.o)
 .debug_frame   0x000043ec       0x34 C:/ST/STM32CubeIDE_1.13.2/STM32CubeIDE/plugins/com.st.stm32cube.ide.mcu.externaltools.gnu-tools-for-stm32.12.3.rel1.win32_1.0.200.202406191623/tools/bin/../lib/gcc/arm-none-eabi/12.3.1/thumb/v7e-m+fp/hard\libgcc.a(_udivmoddi4.o)

.debug_line_str
                0x00000000       0x7d
 .debug_line_str
                0x00000000       0x7d ./Core/Startup/startup_stm32f411ceux.o
