Archive member included to satisfy reference by file (symbol)

D:/STM32CUBEIDE/STM32CubeIDE_1.13.2/STM32CubeIDE/plugins/com.st.stm32cube.ide.mcu.externaltools.gnu-tools-for-stm32.12.3.rel1.win32_1.0.200.202406191623/tools/bin/../lib/gcc/arm-none-eabi/12.3.1/../../../../arm-none-eabi/lib/thumb/v7e-m+dp/hard\libc_nano.a(libc_a-exit.o)
                              D:/STM32CUBEIDE/STM32CubeIDE_1.13.2/STM32CubeIDE/plugins/com.st.stm32cube.ide.mcu.externaltools.gnu-tools-for-stm32.12.3.rel1.win32_1.0.200.202406191623/tools/bin/../lib/gcc/arm-none-eabi/12.3.1/../../../../arm-none-eabi/lib/thumb/v7e-m+dp/hard/crt0.o (exit)
D:/STM32CUBEIDE/STM32CubeIDE_1.13.2/STM32CubeIDE/plugins/com.st.stm32cube.ide.mcu.externaltools.gnu-tools-for-stm32.12.3.rel1.win32_1.0.200.202406191623/tools/bin/../lib/gcc/arm-none-eabi/12.3.1/../../../../arm-none-eabi/lib/thumb/v7e-m+dp/hard\libc_nano.a(libc_a-findfp.o)
                              D:/STM32CUBEIDE/STM32CubeIDE_1.13.2/STM32CubeIDE/plugins/com.st.stm32cube.ide.mcu.externaltools.gnu-tools-for-stm32.12.3.rel1.win32_1.0.200.202406191623/tools/bin/../lib/gcc/arm-none-eabi/12.3.1/../../../../arm-none-eabi/lib/thumb/v7e-m+dp/hard\libc_nano.a(libc_a-exit.o) (__stdio_exit_handler)
D:/STM32CUBEIDE/STM32CubeIDE_1.13.2/STM32CubeIDE/plugins/com.st.stm32cube.ide.mcu.externaltools.gnu-tools-for-stm32.12.3.rel1.win32_1.0.200.202406191623/tools/bin/../lib/gcc/arm-none-eabi/12.3.1/../../../../arm-none-eabi/lib/thumb/v7e-m+dp/hard\libc_nano.a(libc_a-fwalk.o)
                              D:/STM32CUBEIDE/STM32CubeIDE_1.13.2/STM32CubeIDE/plugins/com.st.stm32cube.ide.mcu.externaltools.gnu-tools-for-stm32.12.3.rel1.win32_1.0.200.202406191623/tools/bin/../lib/gcc/arm-none-eabi/12.3.1/../../../../arm-none-eabi/lib/thumb/v7e-m+dp/hard\libc_nano.a(libc_a-findfp.o) (_fwalk_sglue)
D:/STM32CUBEIDE/STM32CubeIDE_1.13.2/STM32CubeIDE/plugins/com.st.stm32cube.ide.mcu.externaltools.gnu-tools-for-stm32.12.3.rel1.win32_1.0.200.202406191623/tools/bin/../lib/gcc/arm-none-eabi/12.3.1/../../../../arm-none-eabi/lib/thumb/v7e-m+dp/hard\libc_nano.a(libc_a-stdio.o)
                              D:/STM32CUBEIDE/STM32CubeIDE_1.13.2/STM32CubeIDE/plugins/com.st.stm32cube.ide.mcu.externaltools.gnu-tools-for-stm32.12.3.rel1.win32_1.0.200.202406191623/tools/bin/../lib/gcc/arm-none-eabi/12.3.1/../../../../arm-none-eabi/lib/thumb/v7e-m+dp/hard\libc_nano.a(libc_a-findfp.o) (__sread)
D:/STM32CUBEIDE/STM32CubeIDE_1.13.2/STM32CubeIDE/plugins/com.st.stm32cube.ide.mcu.externaltools.gnu-tools-for-stm32.12.3.rel1.win32_1.0.200.202406191623/tools/bin/../lib/gcc/arm-none-eabi/12.3.1/../../../../arm-none-eabi/lib/thumb/v7e-m+dp/hard\libc_nano.a(libc_a-memset.o)
                              D:/STM32CUBEIDE/STM32CubeIDE_1.13.2/STM32CubeIDE/plugins/com.st.stm32cube.ide.mcu.externaltools.gnu-tools-for-stm32.12.3.rel1.win32_1.0.200.202406191623/tools/bin/../lib/gcc/arm-none-eabi/12.3.1/../../../../arm-none-eabi/lib/thumb/v7e-m+dp/hard/crt0.o (memset)
D:/STM32CUBEIDE/STM32CubeIDE_1.13.2/STM32CubeIDE/plugins/com.st.stm32cube.ide.mcu.externaltools.gnu-tools-for-stm32.12.3.rel1.win32_1.0.200.202406191623/tools/bin/../lib/gcc/arm-none-eabi/12.3.1/../../../../arm-none-eabi/lib/thumb/v7e-m+dp/hard\libc_nano.a(libc_a-closer.o)
                              D:/STM32CUBEIDE/STM32CubeIDE_1.13.2/STM32CubeIDE/plugins/com.st.stm32cube.ide.mcu.externaltools.gnu-tools-for-stm32.12.3.rel1.win32_1.0.200.202406191623/tools/bin/../lib/gcc/arm-none-eabi/12.3.1/../../../../arm-none-eabi/lib/thumb/v7e-m+dp/hard\libc_nano.a(libc_a-stdio.o) (_close_r)
D:/STM32CUBEIDE/STM32CubeIDE_1.13.2/STM32CubeIDE/plugins/com.st.stm32cube.ide.mcu.externaltools.gnu-tools-for-stm32.12.3.rel1.win32_1.0.200.202406191623/tools/bin/../lib/gcc/arm-none-eabi/12.3.1/../../../../arm-none-eabi/lib/thumb/v7e-m+dp/hard\libc_nano.a(libc_a-reent.o)
                              D:/STM32CUBEIDE/STM32CubeIDE_1.13.2/STM32CubeIDE/plugins/com.st.stm32cube.ide.mcu.externaltools.gnu-tools-for-stm32.12.3.rel1.win32_1.0.200.202406191623/tools/bin/../lib/gcc/arm-none-eabi/12.3.1/../../../../arm-none-eabi/lib/thumb/v7e-m+dp/hard\libc_nano.a(libc_a-closer.o) (errno)
D:/STM32CUBEIDE/STM32CubeIDE_1.13.2/STM32CubeIDE/plugins/com.st.stm32cube.ide.mcu.externaltools.gnu-tools-for-stm32.12.3.rel1.win32_1.0.200.202406191623/tools/bin/../lib/gcc/arm-none-eabi/12.3.1/../../../../arm-none-eabi/lib/thumb/v7e-m+dp/hard\libc_nano.a(libc_a-impure.o)
                              D:/STM32CUBEIDE/STM32CubeIDE_1.13.2/STM32CubeIDE/plugins/com.st.stm32cube.ide.mcu.externaltools.gnu-tools-for-stm32.12.3.rel1.win32_1.0.200.202406191623/tools/bin/../lib/gcc/arm-none-eabi/12.3.1/../../../../arm-none-eabi/lib/thumb/v7e-m+dp/hard\libc_nano.a(libc_a-reent.o) (_impure_ptr)
[...]
Memory Configuration

Name             Origin             Length             Attributes
ITCMRAM          0x00000000         0x00010000         xrw
DTCMRAM          0x20000000         0x00020000         xrw
FLASH            0x08000000         0x00100000         xr
RAM_D1           0x24000000         0x00050000         xrw
RAM_D2           0x30000000         0x00008000         xrw
RAM_D3           0x38000000         0x00004000         xrw
*default*        0x00000000         0xffffffff

Linker script and memory map

LOAD D:/STM32CUBEIDE/STM32CubeIDE_1.13.2/STM32CubeIDE/plugins/com.st.stm32cube.ide.mcu.externaltools.gnu-tools-for-stm32.12.3.rel1.win32_1.0.200.202406191623/tools/bin/../lib/gcc/arm-none-eabi/12.3.1/thumb/v7e-m+dp/hard/crti.o
LOAD D:/STM32CUBEIDE/STM32CubeIDE_1.13.2/STM32CubeIDE/plugins/com.st.stm32cube.ide.mcu.externaltools.gnu-tools-for-stm32.12.3.rel1.win32_1.0.200.202406191623/tools/bin/../lib/gcc/arm-none-eabi/12.3.1/thumb/v7e-m+dp/hard/crtbegin.o
LOAD D:/STM32CUBEIDE/STM32CubeIDE_1.13.2/STM32CubeIDE/plugins/com.st.stm32cube.ide.mcu.externaltools.gnu-tools-for-stm32.12.3.rel1.win32_1.0.200.202406191623/tools/bin/../lib/gcc/arm-none-eabi/12.3.1/../../../../arm-none-eabi/lib/thumb/v7e-m+dp/hard/crt0.o
LOAD ./Core/Src/LoRa.o
LOAD ./Core/Src/line_sensor.o
LOAD ./Core/Src/main.o
LOAD ./Core/Src/modbus_crc.o
LOAD ./Core/Src/rs485_driver.o
LOAD ./Core/Src/stm32h7xx_hal_msp.o
LOAD ./Core/Src/stm32h7xx_it.o
LOAD ./Core/Src/syscalls.o
LOAD ./Core/Src/sysmem.o
LOAD ./Core/Src/system_stm32h7xx.o
LOAD ./Core/Startup/startup_stm32h723zgtx.o
LOAD ./Drivers/STM32H7xx_HAL_Driver/Src/stm32h7xx_hal.o
LOAD ./Drivers/STM32H7xx_HAL_Driver/Src/stm32h7xx_hal_adc.o
LOAD ./Drivers/STM32H7xx_HAL_Driver/Src/stm32h7xx_hal_adc_ex.o
LOAD ./Drivers/STM32H7xx_HAL_Driver/Src/stm32h7xx_hal_cortex.o
LOAD ./Drivers/STM32H7xx_HAL_Driver/Src/stm32h7xx_hal_dma.o
LOAD ./Drivers/STM32H7xx_HAL_Driver/Src/stm32h7xx_hal_dma_ex.o
LOAD ./Drivers/STM32H7xx_HAL_Driver/Src/stm32h7xx_hal_exti.o
LOAD ./Drivers/STM32H7xx_HAL_Driver/Src/stm32h7xx_hal_flash.o
LOAD ./Drivers/STM32H7xx_HAL_Driver/Src/stm32h7xx_hal_flash_ex.o
LOAD ./Drivers/STM32H7xx_HAL_Driver/Src/stm32h7xx_hal_gpio.o
LOAD ./Drivers/STM32H7xx_HAL_Driver/Src/stm32h7xx_hal_hsem.o
LOAD ./Drivers/STM32H7xx_HAL_Driver/Src/stm32h7xx_hal_i2c.o
LOAD ./Drivers/STM32H7xx_HAL_Driver/Src/stm32h7xx_hal_i2c_ex.o
LOAD ./Drivers/STM32H7xx_HAL_Driver/Src/stm32h7xx_hal_mdma.o
LOAD ./Drivers/STM32H7xx_HAL_Driver/Src/stm32h7xx_hal_pwr.o
LOAD ./Drivers/STM32H7xx_HAL_Driver/Src/stm32h7xx_hal_pwr_ex.o
LOAD ./Drivers/STM32H7xx_HAL_Driver/Src/stm32h7xx_hal_rcc.o
LOAD ./Drivers/STM32H7xx_HAL_Driver/Src/stm32h7xx_hal_rcc_ex.o
LOAD ./Drivers/STM32H7xx_HAL_Driver/Src/stm32h7xx_hal_spi.o
LOAD ./Drivers/STM32H7xx_HAL_Driver/Src/stm32h7xx_hal_spi_ex.o
LOAD ./Drivers/STM32H7xx_HAL_Driver/Src/stm32h7xx_hal_tim.o
LOAD ./Drivers/STM32H7xx_HAL_Driver/Src/stm32h7xx_hal_tim_ex.o
LOAD ./Drivers/STM32H7xx_HAL_Driver/Src/stm32h7xx_hal_uart.o
LOAD ./Drivers/STM32H7xx_HAL_Driver/Src/stm32h7xx_hal_uart_ex.o
START GROUP
LOAD D:/STM32CUBEIDE/STM32CubeIDE_1.13.2/STM32CubeIDE/plugins/com.st.stm32cube.ide.mcu.externaltools.gnu-tools-for-stm32.12.3.rel1.win32_1.0.200.202406191623/tools/bin/../lib/gcc/arm-none-eabi/12.3.1/../../../../arm-none-eabi/lib/thumb/v7e-m+dp/hard\libc_nano.a
LOAD D:/STM32CUBEIDE/STM32CubeIDE_1.13.2/STM32CubeIDE/plugins/com.st.stm32cube.ide.mcu.externaltools.gnu-tools-for-stm32.12.3.rel1.win32_1.0.200.202406191623/tools/bin/../lib/gcc/arm-none-eabi/12.3.1/../../../../arm-none-eabi/lib/thumb/v7e-m+dp/hard\libm.a
END GROUP
START GROUP
LOAD D:/STM32CUBEIDE/STM32CubeIDE_1.13.2/STM32CubeIDE/plugins/com.st.stm32cube.ide.mcu.externaltools.gnu-tools-for-stm32.12.3.rel1.win32_1.0.200.202406191623/tools/bin/../lib/gcc/arm-none-eabi/12.3.1/thumb/v7e-m+dp/hard\libgcc.a
LOAD D:/STM32CUBEIDE/STM32CubeIDE_1.13.2/STM32CubeIDE/plugins/com.st.stm32cube.ide.mcu.externaltools.gnu-tools-for-stm32.12.3.rel1.win32_1.0.200.202406191623/tools/bin/../lib/gcc/arm-none-eabi/12.3.1/../../../../arm-none-eabi/lib/thumb/v7e-m+dp/hard\libc_nano.a
END GROUP
START GROUP
LOAD D:/STM32CUBEIDE/STM32CubeIDE_1.13.2/STM32CubeIDE/plugins/com.st.stm32cube.ide.mcu.externaltools.gnu-tools-for-stm32.12.3.rel1.win32_1.0.200.202406191623/tools/bin/../lib/gcc/arm-none-eabi/12.3.1/thumb/v7e-m+dp/hard\libgcc.a
LOAD D:/STM32CUBEIDE/STM32CubeIDE_1.13.2/STM32CubeIDE/plugins/com.st.stm32cube.ide.mcu.externaltools.gnu-tools-for-stm32.12.3.rel1.win32_1.0.200.202406191623/tools/bin/../lib/gcc/arm-none-eabi/12.3.1/../../../../arm-none-eabi/lib/thumb/v7e-m+dp/hard\libc_nano.a
LOAD D:/STM32CUBEIDE/STM32CubeIDE_1.13.2/STM32CubeIDE/plugins/com.st.stm32cube.ide.mcu.externaltools.gnu-tools-for-stm32.12.3.rel1.win32_1.0.200.202406191623/tools/bin/../lib/gcc/arm-none-eabi/12.3.1/../../../../arm-none-eabi/lib/thumb/v7e-m+dp/hard\libnosys.a
END GROUP
START GROUP
LOAD D:/STM32CUBEIDE/STM32CubeIDE_1.13.2/STM32CubeIDE/plugins/com.st.stm32cube.ide.mcu.externaltools.gnu-tools-for-stm32.12.3.rel1.win32_1.0.200.202406191623/tools/bin/../lib/gcc/arm-none-eabi/12.3.1/thumb/v7e-m+dp/hard\libgcc.a
LOAD D:/STM32CUBEIDE/STM32CubeIDE_1.13.2/STM32CubeIDE/plugins/com.st.stm32cube.ide.mcu.externaltools.gnu-tools-for-stm32.12.3.rel1.win32_1.0.200.202406191623/tools/bin/../lib/gcc/arm-none-eabi/12.3.1/../../../../arm-none-eabi/lib/thumb/v7e-m+dp/hard\libc_nano.a
LOAD D:/STM32CUBEIDE/STM32CubeIDE_1.13.2/STM32CubeIDE/plugins/com.st.stm32cube.ide.mcu.externaltools.gnu-tools-for-stm32.12.3.rel1.win32_1.0.200.202406191623/tools/bin/../lib/gcc/arm-none-eabi/12.3.1/../../../../arm-none-eabi/lib/thumb/v7e-m+dp/hard\libnosys.a
END GROUP
LOAD D:/STM32CUBEIDE/STM32CubeIDE_1.13.2/STM32CubeIDE/plugins/com.st.stm32cube.ide.mcu.externaltools.gnu-tools-for-stm32.12.3.rel1.win32_1.0.200.202406191623/tools/bin/../lib/gcc/arm-none-eabi/12.3.1/thumb/v7e-m+dp/hard/crtend.o
LOAD D:/STM32CUBEIDE/STM32CubeIDE_1.13.2/STM32CubeIDE/plugins/com.st.stm32cube.ide.mcu.externaltools.gnu-tools-for-stm32.12.3.rel1.win32_1.0.200.202406191623/tools/bin/../lib/gcc/arm-none-eabi/12.3.1/thumb/v7e-m+dp/hard/crtn.o
                0x24050000                        _estack = (ORIGIN (RAM_D1) + LENGTH (RAM_D1))
                0x00000200                        _Min_Heap_Size = 0x200
                0x00000400                        _Min_Stack_Size = 0x400

.isr_vector     0x08000000      0x2cc
                0x08000000                        . = ALIGN (0x4)
 *(.isr_vector)
 .isr_vector    0x08000000      0x2cc ./Core/Startup/startup_stm32h723zgtx.o
                0x08000000                g_pfnVectors
                0x080002cc                        . = ALIGN (0x4)

.text           0x080002cc    0x10b14
                0x080002cc                        . = ALIGN (0x4)
 *(.text)
 .text          0x080002cc       0x40 D:/STM32CUBEIDE/STM32CubeIDE_1.13.2/STM32CubeIDE/plugins/com.st.stm32cube.ide.mcu.externaltools.gnu-tools-for-stm32.12.3.rel1.win32_1.0.200.202406191623/tools/bin/../lib/gcc/arm-none-eabi/12.3.1/thumb/v7e-m+dp/hard/crtbegin.o
 .text          0x0800030c       0x30 D:/STM32CUBEIDE/STM32CubeIDE_1.13.2/STM32CubeIDE/plugins/com.st.stm32cube.ide.mcu.externaltools.gnu-tools-for-stm32.12.3.rel1.win32_1.0.200.202406191623/tools/bin/../lib/gcc/arm-none-eabi/12.3.1/thumb/v7e-m+dp/hard\libgcc.a(_aeabi_uldivmod.o)
                0x0800030c                __aeabi_uldivmod
 .text          0x0800033c      0x2bc D:/STM32CUBEIDE/STM32CubeIDE_1.13.2/STM32CubeIDE/plugins/com.st.stm32cube.ide.mcu.externaltools.gnu-tools-for-stm32.12.3.rel1.win32_1.0.200.202406191623/tools/bin/../lib/gcc/arm-none-eabi/12.3.1/thumb/v7e-m+dp/hard\libgcc.a(_udivmoddi4.o)
                0x0800033c                __udivmoddi4
 .text          0x080005f8        0x4 D:/STM32CUBEIDE/STM32CubeIDE_1.13.2/STM32CubeIDE/plugins/com.st.stm32cube.ide.mcu.externaltools.gnu-tools-for-stm32.12.3.rel1.win32_1.0.200.202406191623/tools/bin/../lib/gcc/arm-none-eabi/12.3.1/thumb/v7e-m+dp/hard\libgcc.a(_dvmd_tls.o)
                0x080005f8                __aeabi_idiv0
                0x080005f8                __aeabi_ldiv0
 *(.text*)
 .text.newLoRa  0x080005fc       0x52 ./Core/Src/LoRa.o
                0x080005fc                newLoRa
 .text.LoRa_gotoMode
                0x0800064e       0xc2 ./Core/Src/LoRa.o
                0x0800064e                LoRa_gotoMode
 .text.LoRa_readReg
                0x08000710       0x7c ./Core/Src/LoRa.o
                0x08000710                LoRa_readReg
 .text.LoRa_writeReg
                0x0800078c       0x7c ./Core/Src/LoRa.o
                0x0800078c                LoRa_writeReg
 .text.LoRa_setLowDaraRateOptimization
                0x08000808       0x4a ./Core/Src/LoRa.o
                0x08000808                LoRa_setLowDaraRateOptimization
 *fill*         0x08000852        0x2 
 .text.LoRa_setAutoLDO
                0x08000854       0x68 ./Core/Src/LoRa.o
                0x08000854                LoRa_setAutoLDO
 .text.LoRa_setFrequency
                0x080008bc       0x60 ./Core/Src/LoRa.o
                0x080008bc                LoRa_setFrequency
 .text.LoRa_setSpreadingFactor
                0x0800091c       0x64 ./Core/Src/LoRa.o
                0x0800091c                LoRa_setSpreadingFactor
 .text.LoRa_setPower
                0x08000980       0x26 ./Core/Src/LoRa.o
                0x08000980                LoRa_setPower
 *fill*         0x080009a6        0x2 
 .text.LoRa_setOCP
                0x080009a8       0x7c ./Core/Src/LoRa.o
                0x080009a8                LoRa_setOCP
 .text.LoRa_setTOMsb_setCRCon
                0x08000a24       0x36 ./Core/Src/LoRa.o
                0x08000a24                LoRa_setTOMsb_setCRCon
 .text.LoRa_read
                0x08000a5a       0x34 ./Core/Src/LoRa.o
                0x08000a5a                LoRa_read
 .text.LoRa_write
                0x08000a8e       0x3a ./Core/Src/LoRa.o
                0x08000a8e                LoRa_write
 .text.LoRa_isvalid
                0x08000ac8       0x16 ./Core/Src/LoRa.o
                0x08000ac8                LoRa_isvalid
 .text.LoRa_startReceiving
                0x08000ade       0x18 ./Core/Src/LoRa.o
                0x08000ade                LoRa_startReceiving
 .text.LoRa_receive
                0x08000af6       0xc0 ./Core/Src/LoRa.o
                0x08000af6                LoRa_receive
 .text.LoRa_init
                0x08000bb6      0x14e ./Core/Src/LoRa.o
                0x08000bb6                LoRa_init
 .text.ir_array_init
                0x08000d04       0xca ./Core/Src/line_sensor.o
                0x08000d04                ir_array_init
 .text.Line_Sensor_Calculation
                0x08000dce      0x1f2 ./Core/Src/line_sensor.o
                0x08000dce                Line_Sensor_Calculation
 .text.PID_control
                0x08000fc0      0x1a0 ./Core/Src/main.o
                0x08000fc0                PID_control
 .text.PID_Forward_Rotation
                0x08001160       0x68 ./Core/Src/main.o
                0x08001160                PID_Forward_Rotation
 .text.PID_Motor_Turn_Left
                0x080011c8       0x64 ./Core/Src/main.o
                0x080011c8                PID_Motor_Turn_Left
 .text.PID_Motor_Turn_Right
                0x0800122c       0x64 ./Core/Src/main.o
                0x0800122c                PID_Motor_Turn_Right
 .text.PID_Motor_All_Break
                0x08001290       0x24 ./Core/Src/main.o
                0x08001290                PID_Motor_All_Break
 .text.AGV_waiting
                0x080012b4      0x24c ./Core/Src/main.o
                0x080012b4                AGV_waiting
 .text.AGV_Turn_Detection_Completion
                0x08001500      0x2a8 ./Core/Src/main.o
                0x08001500                AGV_Turn_Detection_Completion
 .text.HAL_GPIO_EXTI_Callback
                0x080017a8       0x8c ./Core/Src/main.o
                0x080017a8                HAL_GPIO_EXTI_Callback
 .text.HAL_UARTEx_RxEventCallback
                0x08001834       0x44 ./Core/Src/main.o
                0x08001834                HAL_UARTEx_RxEventCallback
 .text.HAL_TIM_PeriodElapsedCallback
                0x08001878       0x40 ./Core/Src/main.o
                0x08001878                HAL_TIM_PeriodElapsedCallback
 .text.debug_led
                0x080018b8       0xa8 ./Core/Src/main.o
                0x080018b8                debug_led
 .text.main     0x08001960      0x3c8 ./Core/Src/main.o
                0x08001960                main
 .text.SystemClock_Config
                0x08001d28       0xe4 ./Core/Src/main.o
                0x08001d28                SystemClock_Config
 .text.PeriphCommonClock_Config
                0x08001e0c       0x68 ./Core/Src/main.o
                0x08001e0c                PeriphCommonClock_Config
 .text.MX_ADC1_Init
                0x08001e74      0x224 ./Core/Src/main.o
 .text.MX_ADC3_Init
                0x08002098      0x20c ./Core/Src/main.o
 .text.MX_SPI1_Init
                0x080022a4       0xac ./Core/Src/main.o
 .text.MX_TIM2_Init
                0x08002350       0xe8 ./Core/Src/main.o
 .text.MX_TIM3_Init
                0x08002438       0xa0 ./Core/Src/main.o
 .text.MX_TIM4_Init
                0x080024d8       0xa0 ./Core/Src/main.o
 .text.MX_USART1_UART_Init
                0x08002578       0x98 ./Core/Src/main.o
 .text.MX_USART3_UART_Init
                0x08002610       0x98 ./Core/Src/main.o
 .text.MX_DMA_Init
                0x080026a8       0x50 ./Core/Src/main.o
 .text.MX_GPIO_Init
                0x080026f8      0x2fc ./Core/Src/main.o
 .text.Error_Handler
                0x080029f4        0xc ./Core/Src/main.o
                0x080029f4                Error_Handler
 .text.crc16    0x08002a00       0x6c ./Core/Src/modbus_crc.o
                0x08002a00                crc16
 .text.rs485_init
                0x08002a6c       0x2a ./Core/Src/rs485_driver.o
                0x08002a6c                rs485_init
 .text.rs485_send_data
                0x08002a96       0x84 ./Core/Src/rs485_driver.o
                0x08002a96                rs485_send_data
 .text.rs485_set_speed
                0x08002b1a       0xb0 ./Core/Src/rs485_driver.o
                0x08002b1a                rs485_set_speed
 .text.rs485_enable_velocity_mode
                0x08002bca       0xdc ./Core/Src/rs485_driver.o
                0x08002bca                rs485_enable_velocity_mode
 .text.rs485_UART_receive_handler
                0x08002ca6       0x4a ./Core/Src/rs485_driver.o
                0x08002ca6                rs485_UART_receive_handler
 .text.rs485_connection_lost_handler
                0x08002cf0       0x5c ./Core/Src/rs485_driver.o
                0x08002cf0                rs485_connection_lost_handler
 .text.HAL_MspInit
                0x08002d4c       0x34 ./Core/Src/stm32h7xx_hal_msp.o
                0x08002d4c                HAL_MspInit
 .text.HAL_ADC_MspInit
                0x08002d80      0x2cc ./Core/Src/stm32h7xx_hal_msp.o
                0x08002d80                HAL_ADC_MspInit
 .text.HAL_SPI_MspInit
                0x0800304c      0x120 ./Core/Src/stm32h7xx_hal_msp.o
                0x0800304c                HAL_SPI_MspInit
 .text.HAL_TIM_PWM_MspInit
                0x0800316c       0x4c ./Core/Src/stm32h7xx_hal_msp.o
                0x0800316c                HAL_TIM_PWM_MspInit
 .text.HAL_TIM_Base_MspInit
                0x080031b8       0x90 ./Core/Src/stm32h7xx_hal_msp.o
                0x080031b8                HAL_TIM_Base_MspInit
 .text.HAL_TIM_MspPostInit
                0x08003248       0x70 ./Core/Src/stm32h7xx_hal_msp.o
                0x08003248                HAL_TIM_MspPostInit
 .text.HAL_UART_MspInit
                0x080032b8      0x190 ./Core/Src/stm32h7xx_hal_msp.o
                0x080032b8                HAL_UART_MspInit
 .text.NMI_Handler
                0x08003448        0x8 ./Core/Src/stm32h7xx_it.o
                0x08003448                NMI_Handler
 .text.HardFault_Handler
                0x08003450        0x8 ./Core/Src/stm32h7xx_it.o
                0x08003450                HardFault_Handler
 .text.MemManage_Handler
                0x08003458        0x8 ./Core/Src/stm32h7xx_it.o
                0x08003458                MemManage_Handler
 .text.BusFault_Handler
                0x08003460        0x8 ./Core/Src/stm32h7xx_it.o
                0x08003460                BusFault_Handler
 .text.UsageFault_Handler
                0x08003468        0x8 ./Core/Src/stm32h7xx_it.o
                0x08003468                UsageFault_Handler
 .text.SVC_Handler
                0x08003470        0xe ./Core/Src/stm32h7xx_it.o
                0x08003470                SVC_Handler
 .text.DebugMon_Handler
                0x0800347e        0xe ./Core/Src/stm32h7xx_it.o
                0x0800347e                DebugMon_Handler
 .text.PendSV_Handler
                0x0800348c        0xe ./Core/Src/stm32h7xx_it.o
                0x0800348c                PendSV_Handler
 .text.SysTick_Handler
                0x0800349a        0xc ./Core/Src/stm32h7xx_it.o
                0x0800349a                SysTick_Handler
 .text.EXTI0_IRQHandler
                0x080034a6        0xe ./Core/Src/stm32h7xx_it.o
                0x080034a6                EXTI0_IRQHandler
 .text.EXTI1_IRQHandler
                0x080034b4        0xe ./Core/Src/stm32h7xx_it.o
                0x080034b4                EXTI1_IRQHandler
 .text.EXTI2_IRQHandler
                0x080034c2        0xe ./Core/Src/stm32h7xx_it.o
                0x080034c2                EXTI2_IRQHandler
 .text.EXTI3_IRQHandler
                0x080034d0        0xe ./Core/Src/stm32h7xx_it.o
                0x080034d0                EXTI3_IRQHandler
 *fill*         0x080034de        0x2 
 .text.DMA1_Stream0_IRQHandler
                0x080034e0       0x14 ./Core/Src/stm32h7xx_it.o
                0x080034e0                DMA1_Stream0_IRQHandler
 .text.DMA1_Stream1_IRQHandler
                0x080034f4       0x14 ./Core/Src/stm32h7xx_it.o
                0x080034f4                DMA1_Stream1_IRQHandler
 .text.ADC_IRQHandler
                0x08003508       0x14 ./Core/Src/stm32h7xx_it.o
                0x08003508                ADC_IRQHandler
 .text.TIM2_IRQHandler
                0x0800351c       0x14 ./Core/Src/stm32h7xx_it.o
                0x0800351c                TIM2_IRQHandler
 .text.TIM3_IRQHandler
                0x08003530       0x14 ./Core/Src/stm32h7xx_it.o
                0x08003530                TIM3_IRQHandler
 .text.TIM4_IRQHandler
                0x08003544       0x14 ./Core/Src/stm32h7xx_it.o
                0x08003544                TIM4_IRQHandler
 .text.USART1_IRQHandler
                0x08003558       0x14 ./Core/Src/stm32h7xx_it.o
                0x08003558                USART1_IRQHandler
 .text.USART3_IRQHandler
                0x0800356c       0x14 ./Core/Src/stm32h7xx_it.o
                0x0800356c                USART3_IRQHandler
 .text.EXTI15_10_IRQHandler
                0x08003580       0x10 ./Core/Src/stm32h7xx_it.o
                0x08003580                EXTI15_10_IRQHandler
 .text.ADC3_IRQHandler
                0x08003590       0x14 ./Core/Src/stm32h7xx_it.o
                0x08003590                ADC3_IRQHandler
 .text.SystemInit
                0x080035a4       0xf0 ./Core/Src/system_stm32h7xx.o
                0x080035a4                SystemInit
 .text.Reset_Handler
                0x08003694       0x50 ./Core/Startup/startup_stm32h723zgtx.o
                0x08003694                Reset_Handler
 .text.Default_Handler
                0x080036e4        0x2 ./Core/Startup/startup_stm32h723zgtx.o
                0x080036e4                RTC_Alarm_IRQHandler
                0x080036e4                TIM8_CC_IRQHandler
                0x080036e4                UART8_IRQHandler
                0x080036e4                SPI4_IRQHandler
                0x080036e4                FDCAN3_IT0_IRQHandler
                0x080036e4                TIM1_CC_IRQHandler
                0x080036e4                BDMA_Channel6_IRQHandler
                0x080036e4                DMA2_Stream5_IRQHandler
                0x080036e4                DMA1_Stream5_IRQHandler
                0x080036e4                CORDIC_IRQHandler
                0x080036e4                BDMA_Channel1_IRQHandler
                0x080036e4                TAMP_STAMP_IRQHandler
                0x080036e4                LPTIM4_IRQHandler
                0x080036e4                TIM8_TRG_COM_TIM14_IRQHandler
                0x080036e4                LPTIM2_IRQHandler
                0x080036e4                DFSDM1_FLT1_IRQHandler
                0x080036e4                DMAMUX2_OVR_IRQHandler
                0x080036e4                TIM8_UP_TIM13_IRQHandler
                0x080036e4                I2C3_ER_IRQHandler
                0x080036e4                DFSDM1_FLT2_IRQHandler
                0x080036e4                I2C5_EV_IRQHandler
                0x080036e4                USART10_IRQHandler
                0x080036e4                MDMA_IRQHandler
                0x080036e4                LPTIM3_IRQHandler
                0x080036e4                HSEM1_IRQHandler
                0x080036e4                I2C2_EV_IRQHandler
                0x080036e4                DMA1_Stream2_IRQHandler
                0x080036e4                FPU_IRQHandler
                0x080036e4                OTG_HS_WKUP_IRQHandler
                0x080036e4                FDCAN1_IT1_IRQHandler
                0x080036e4                LTDC_ER_IRQHandler
                0x080036e4                DMA2_Stream2_IRQHandler
                0x080036e4                SPI1_IRQHandler
                0x080036e4                OCTOSPI1_IRQHandler
                0x080036e4                TIM6_DAC_IRQHandler
                0x080036e4                DMA2_Stream3_IRQHandler
                0x080036e4                OCTOSPI2_IRQHandler
                0x080036e4                DFSDM1_FLT3_IRQHandler
                0x080036e4                TIM23_IRQHandler
                0x080036e4                USART6_IRQHandler
                0x080036e4                TIM17_IRQHandler
                0x080036e4                BDMA_Channel7_IRQHandler
                0x080036e4                LPTIM5_IRQHandler
                0x080036e4                UART5_IRQHandler
                0x080036e4                DMA2_Stream0_IRQHandler
                0x080036e4                BDMA_Channel2_IRQHandler
                0x080036e4                I2C1_EV_IRQHandler
                0x080036e4                DMA1_Stream6_IRQHandler
                0x080036e4                DMAMUX1_OVR_IRQHandler
                0x080036e4                TIM16_IRQHandler
                0x080036e4                UART4_IRQHandler
                0x080036e4                BDMA_Channel5_IRQHandler
                0x080036e4                RCC_IRQHandler
                0x080036e4                UART9_IRQHandler
                0x080036e4                TIM8_BRK_TIM12_IRQHandler
                0x080036e4                TIM1_TRG_COM_IRQHandler
                0x080036e4                Default_Handler
                0x080036e4                ECC_IRQHandler
                0x080036e4                FMAC_IRQHandler
                0x080036e4                CEC_IRQHandler
                0x080036e4                BDMA_Channel0_IRQHandler
                0x080036e4                I2C5_ER_IRQHandler
                0x080036e4                DMA1_Stream7_IRQHandler
                0x080036e4                SPI5_IRQHandler
                0x080036e4                TIM7_IRQHandler
                0x080036e4                FDCAN3_IT1_IRQHandler
                0x080036e4                SDMMC1_IRQHandler
                0x080036e4                TIM5_IRQHandler
                0x080036e4                DMA2_Stream7_IRQHandler
                0x080036e4                TIM15_IRQHandler
                0x080036e4                PVD_AVD_IRQHandler
                0x080036e4                I2C3_EV_IRQHandler
                0x080036e4                EXTI9_5_IRQHandler
                0x080036e4                RTC_WKUP_IRQHandler
                0x080036e4                LTDC_IRQHandler
                0x080036e4                ETH_WKUP_IRQHandler
                0x080036e4                SPDIF_RX_IRQHandler
                0x080036e4                SPI2_IRQHandler
                0x080036e4                OTG_HS_EP1_IN_IRQHandler
                0x080036e4                TIM24_IRQHandler
                0x080036e4                CRS_IRQHandler
                0x080036e4                EXTI4_IRQHandler
                0x080036e4                RNG_IRQHandler
                0x080036e4                FDCAN2_IT1_IRQHandler
                0x080036e4                ETH_IRQHandler
                0x080036e4                TIM1_UP_IRQHandler
                0x080036e4                BDMA_Channel4_IRQHandler
                0x080036e4                OTG_HS_EP1_OUT_IRQHandler
                0x080036e4                WWDG_IRQHandler
                0x080036e4                SPI6_IRQHandler
                0x080036e4                MDIOS_IRQHandler
                0x080036e4                I2C4_EV_IRQHandler
                0x080036e4                FDCAN2_IT0_IRQHandler
                0x080036e4                LPUART1_IRQHandler
                0x080036e4                FDCAN1_IT0_IRQHandler
                0x080036e4                OTG_HS_IRQHandler
                0x080036e4                DMA2D_IRQHandler
                0x080036e4                TIM1_BRK_IRQHandler
                0x080036e4                SDMMC2_IRQHandler
                0x080036e4                BDMA_Channel3_IRQHandler
                0x080036e4                DTS_IRQHandler
                0x080036e4                UART7_IRQHandler
                0x080036e4                MDIOS_WKUP_IRQHandler
                0x080036e4                USART2_IRQHandler
                0x080036e4                DFSDM1_FLT0_IRQHandler
                0x080036e4                SAI4_IRQHandler
                0x080036e4                I2C2_ER_IRQHandler
                0x080036e4                DMA2_Stream1_IRQHandler
                0x080036e4                FLASH_IRQHandler
                0x080036e4                DMA2_Stream4_IRQHandler
                0x080036e4                SPI3_IRQHandler
                0x080036e4                WAKEUP_PIN_IRQHandler
                0x080036e4                DMA1_Stream4_IRQHandler
                0x080036e4                I2C1_ER_IRQHandler
                0x080036e4                FMC_IRQHandler
                0x080036e4                FDCAN_CAL_IRQHandler
                0x080036e4                SWPMI1_IRQHandler
                0x080036e4                COMP1_IRQHandler
                0x080036e4                LPTIM1_IRQHandler
                0x080036e4                DCMI_PSSI_IRQHandler
                0x080036e4                I2C4_ER_IRQHandler
                0x080036e4                DMA2_Stream6_IRQHandler
                0x080036e4                SAI1_IRQHandler
                0x080036e4                DMA1_Stream3_IRQHandler
 *fill*         0x080036e6        0x2 
 .text.HAL_Init
                0x080036e8       0x78 ./Drivers/STM32H7xx_HAL_Driver/Src/stm32h7xx_hal.o
                0x080036e8                HAL_Init
 .text.HAL_InitTick
                0x08003760       0x6c ./Drivers/STM32H7xx_HAL_Driver/Src/stm32h7xx_hal.o
                0x08003760                HAL_InitTick
 .text.HAL_IncTick
                0x080037cc       0x28 ./Drivers/STM32H7xx_HAL_Driver/Src/stm32h7xx_hal.o
                0x080037cc                HAL_IncTick
 .text.HAL_GetTick
                0x080037f4       0x18 ./Drivers/STM32H7xx_HAL_Driver/Src/stm32h7xx_hal.o
                0x080037f4                HAL_GetTick
 .text.HAL_Delay
                0x0800380c       0x48 ./Drivers/STM32H7xx_HAL_Driver/Src/stm32h7xx_hal.o
                0x0800380c                HAL_Delay
 .text.HAL_SYSCFG_AnalogSwitchConfig
                0x08003854       0x2c ./Drivers/STM32H7xx_HAL_Driver/Src/stm32h7xx_hal.o
                0x08003854                HAL_SYSCFG_AnalogSwitchConfig
 .text.LL_ADC_SetCommonClock
                0x08003880       0x26 ./Drivers/STM32H7xx_HAL_Driver/Src/stm32h7xx_hal_adc.o
 .text.LL_ADC_SetCommonPathInternalCh
                0x080038a6       0x26 ./Drivers/STM32H7xx_HAL_Driver/Src/stm32h7xx_hal_adc.o
 .text.LL_ADC_GetCommonPathInternalCh
                0x080038cc       0x1c ./Drivers/STM32H7xx_HAL_Driver/Src/stm32h7xx_hal_adc.o
 .text.LL_ADC_SetOffset
                0x080038e8       0x64 ./Drivers/STM32H7xx_HAL_Driver/Src/stm32h7xx_hal_adc.o
 .text.LL_ADC_GetOffsetChannel
                0x0800394c       0x2c ./Drivers/STM32H7xx_HAL_Driver/Src/stm32h7xx_hal_adc.o
 .text.LL_ADC_SetDataRightShift
                0x08003978       0x32 ./Drivers/STM32H7xx_HAL_Driver/Src/stm32h7xx_hal_adc.o
 *fill*         0x080039aa        0x2 
 .text.LL_ADC_SetOffsetSignedSaturation
                0x080039ac       0x44 ./Drivers/STM32H7xx_HAL_Driver/Src/stm32h7xx_hal_adc.o
 .text.LL_ADC_SetOffsetSaturation
                0x080039f0       0x44 ./Drivers/STM32H7xx_HAL_Driver/Src/stm32h7xx_hal_adc.o
 .text.LL_ADC_SetOffsetSign
                0x08003a34       0x44 ./Drivers/STM32H7xx_HAL_Driver/Src/stm32h7xx_hal_adc.o
 .text.LL_ADC_SetOffsetState
                0x08003a78       0x54 ./Drivers/STM32H7xx_HAL_Driver/Src/stm32h7xx_hal_adc.o
 .text.LL_ADC_REG_IsTriggerSourceSWStart
                0x08003acc       0x26 ./Drivers/STM32H7xx_HAL_Driver/Src/stm32h7xx_hal_adc.o
 .text.LL_ADC_REG_SetSequencerRanks
                0x08003af2       0x58 ./Drivers/STM32H7xx_HAL_Driver/Src/stm32h7xx_hal_adc.o
 .text.LL_ADC_REG_SetDataTransferMode
                0x08003b4a       0x26 ./Drivers/STM32H7xx_HAL_Driver/Src/stm32h7xx_hal_adc.o
 .text.LL_ADC_EnableDMAReq
                0x08003b70       0x20 ./Drivers/STM32H7xx_HAL_Driver/Src/stm32h7xx_hal_adc.o
 .text.LL_ADC_REG_SetDMATransferMode
                0x08003b90       0x34 ./Drivers/STM32H7xx_HAL_Driver/Src/stm32h7xx_hal_adc.o
 .text.LL_ADC_INJ_IsTriggerSourceSWStart
                0x08003bc4       0x26 ./Drivers/STM32H7xx_HAL_Driver/Src/stm32h7xx_hal_adc.o
 .text.LL_ADC_SetChannelSamplingTime
                0x08003bea       0x56 ./Drivers/STM32H7xx_HAL_Driver/Src/stm32h7xx_hal_adc.o
 .text.LL_ADC_SetChannelSingleDiff
                0x08003c40       0x80 ./Drivers/STM32H7xx_HAL_Driver/Src/stm32h7xx_hal_adc.o
 .text.LL_ADC_GetMultimode
                0x08003cc0       0x1c ./Drivers/STM32H7xx_HAL_Driver/Src/stm32h7xx_hal_adc.o
 .text.LL_ADC_GetMultiDMATransfer
                0x08003cdc       0x1c ./Drivers/STM32H7xx_HAL_Driver/Src/stm32h7xx_hal_adc.o
 .text.LL_ADC_DisableDeepPowerDown
                0x08003cf8       0x24 ./Drivers/STM32H7xx_HAL_Driver/Src/stm32h7xx_hal_adc.o
 .text.LL_ADC_IsDeepPowerDownEnabled
                0x08003d1c       0x28 ./Drivers/STM32H7xx_HAL_Driver/Src/stm32h7xx_hal_adc.o
 .text.LL_ADC_EnableInternalRegulator
                0x08003d44       0x28 ./Drivers/STM32H7xx_HAL_Driver/Src/stm32h7xx_hal_adc.o
 .text.LL_ADC_IsInternalRegulatorEnabled
                0x08003d6c       0x28 ./Drivers/STM32H7xx_HAL_Driver/Src/stm32h7xx_hal_adc.o
 .text.LL_ADC_Enable
                0x08003d94       0x28 ./Drivers/STM32H7xx_HAL_Driver/Src/stm32h7xx_hal_adc.o
 .text.LL_ADC_IsEnabled
                0x08003dbc       0x26 ./Drivers/STM32H7xx_HAL_Driver/Src/stm32h7xx_hal_adc.o
 *fill*         0x08003de2        0x2 
 .text.LL_ADC_REG_StartConversion
                0x08003de4       0x28 ./Drivers/STM32H7xx_HAL_Driver/Src/stm32h7xx_hal_adc.o
 .text.LL_ADC_REG_IsConversionOngoing
                0x08003e0c       0x26 ./Drivers/STM32H7xx_HAL_Driver/Src/stm32h7xx_hal_adc.o
 .text.LL_ADC_INJ_IsConversionOngoing
                0x08003e32       0x26 ./Drivers/STM32H7xx_HAL_Driver/Src/stm32h7xx_hal_adc.o
 .text.HAL_ADC_Init
                0x08003e58      0x410 ./Drivers/STM32H7xx_HAL_Driver/Src/stm32h7xx_hal_adc.o
                0x08003e58                HAL_ADC_Init
 .text.HAL_ADC_Start_DMA
                0x08004268      0x1b8 ./Drivers/STM32H7xx_HAL_Driver/Src/stm32h7xx_hal_adc.o
                0x08004268                HAL_ADC_Start_DMA
 .text.HAL_ADC_IRQHandler
                0x08004420      0x474 ./Drivers/STM32H7xx_HAL_Driver/Src/stm32h7xx_hal_adc.o
                0x08004420                HAL_ADC_IRQHandler
 .text.HAL_ADC_ConvCpltCallback
                0x08004894       0x14 ./Drivers/STM32H7xx_HAL_Driver/Src/stm32h7xx_hal_adc.o
                0x08004894                HAL_ADC_ConvCpltCallback
 .text.HAL_ADC_ConvHalfCpltCallback
                0x080048a8       0x14 ./Drivers/STM32H7xx_HAL_Driver/Src/stm32h7xx_hal_adc.o
                0x080048a8                HAL_ADC_ConvHalfCpltCallback
 .text.HAL_ADC_LevelOutOfWindowCallback
                0x080048bc       0x14 ./Drivers/STM32H7xx_HAL_Driver/Src/stm32h7xx_hal_adc.o
                0x080048bc                HAL_ADC_LevelOutOfWindowCallback
 .text.HAL_ADC_ErrorCallback
                0x080048d0       0x14 ./Drivers/STM32H7xx_HAL_Driver/Src/stm32h7xx_hal_adc.o
                0x080048d0                HAL_ADC_ErrorCallback
 .text.HAL_ADC_ConfigChannel
                0x080048e4      0xa60 ./Drivers/STM32H7xx_HAL_Driver/Src/stm32h7xx_hal_adc.o
                0x080048e4                HAL_ADC_ConfigChannel
 .text.ADC_Enable
                0x08005344      0x114 ./Drivers/STM32H7xx_HAL_Driver/Src/stm32h7xx_hal_adc.o
                0x08005344                ADC_Enable
 .text.ADC_DMAConvCplt
                0x08005458       0xd8 ./Drivers/STM32H7xx_HAL_Driver/Src/stm32h7xx_hal_adc.o
                0x08005458                ADC_DMAConvCplt
 .text.ADC_DMAHalfConvCplt
                0x08005530       0x1c ./Drivers/STM32H7xx_HAL_Driver/Src/stm32h7xx_hal_adc.o
                0x08005530                ADC_DMAHalfConvCplt
 .text.ADC_DMAError
                0x0800554c       0x34 ./Drivers/STM32H7xx_HAL_Driver/Src/stm32h7xx_hal_adc.o
                0x0800554c                ADC_DMAError
 .text.ADC_ConfigureBoostMode
                0x08005580      0x1dc ./Drivers/STM32H7xx_HAL_Driver/Src/stm32h7xx_hal_adc.o
                0x08005580                ADC_ConfigureBoostMode
 .text.LL_ADC_IsEnabled
                0x0800575c       0x26 ./Drivers/STM32H7xx_HAL_Driver/Src/stm32h7xx_hal_adc_ex.o
 .text.LL_ADC_REG_IsConversionOngoing
                0x08005782       0x26 ./Drivers/STM32H7xx_HAL_Driver/Src/stm32h7xx_hal_adc_ex.o
 .text.HAL_ADCEx_InjectedConvCpltCallback
                0x080057a8       0x14 ./Drivers/STM32H7xx_HAL_Driver/Src/stm32h7xx_hal_adc_ex.o
                0x080057a8                HAL_ADCEx_InjectedConvCpltCallback
 .text.HAL_ADCEx_InjectedQueueOverflowCallback
                0x080057bc       0x14 ./Drivers/STM32H7xx_HAL_Driver/Src/stm32h7xx_hal_adc_ex.o
                0x080057bc                HAL_ADCEx_InjectedQueueOverflowCallback
 .text.HAL_ADCEx_LevelOutOfWindow2Callback
                0x080057d0       0x14 ./Drivers/STM32H7xx_HAL_Driver/Src/stm32h7xx_hal_adc_ex.o
                0x080057d0                HAL_ADCEx_LevelOutOfWindow2Callback
 .text.HAL_ADCEx_LevelOutOfWindow3Callback
                0x080057e4       0x14 ./Drivers/STM32H7xx_HAL_Driver/Src/stm32h7xx_hal_adc_ex.o
                0x080057e4                HAL_ADCEx_LevelOutOfWindow3Callback
 .text.HAL_ADCEx_EndOfSamplingCallback
                0x080057f8       0x14 ./Drivers/STM32H7xx_HAL_Driver/Src/stm32h7xx_hal_adc_ex.o
                0x080057f8                HAL_ADCEx_EndOfSamplingCallback
 .text.HAL_ADCEx_MultiModeConfigChannel
                0x0800580c      0x1c4 ./Drivers/STM32H7xx_HAL_Driver/Src/stm32h7xx_hal_adc_ex.o
                0x0800580c                HAL_ADCEx_MultiModeConfigChannel
 .text.__NVIC_SetPriorityGrouping
                0x080059d0       0x48 ./Drivers/STM32H7xx_HAL_Driver/Src/stm32h7xx_hal_cortex.o
 .text.__NVIC_GetPriorityGrouping
                0x08005a18       0x1c ./Drivers/STM32H7xx_HAL_Driver/Src/stm32h7xx_hal_cortex.o
 .text.__NVIC_EnableIRQ
                0x08005a34       0x3c ./Drivers/STM32H7xx_HAL_Driver/Src/stm32h7xx_hal_cortex.o
 .text.__NVIC_SetPriority
                0x08005a70       0x54 ./Drivers/STM32H7xx_HAL_Driver/Src/stm32h7xx_hal_cortex.o
 .text.NVIC_EncodePriority
                0x08005ac4       0x66 ./Drivers/STM32H7xx_HAL_Driver/Src/stm32h7xx_hal_cortex.o
 *fill*         0x08005b2a        0x2 
 .text.SysTick_Config
                0x08005b2c       0x44 ./Drivers/STM32H7xx_HAL_Driver/Src/stm32h7xx_hal_cortex.o
 .text.HAL_NVIC_SetPriorityGrouping
                0x08005b70       0x16 ./Drivers/STM32H7xx_HAL_Driver/Src/stm32h7xx_hal_cortex.o
                0x08005b70                HAL_NVIC_SetPriorityGrouping
 .text.HAL_NVIC_SetPriority
                0x08005b86       0x34 ./Drivers/STM32H7xx_HAL_Driver/Src/stm32h7xx_hal_cortex.o
                0x08005b86                HAL_NVIC_SetPriority
 .text.HAL_NVIC_EnableIRQ
                0x08005bba       0x1c ./Drivers/STM32H7xx_HAL_Driver/Src/stm32h7xx_hal_cortex.o
                0x08005bba                HAL_NVIC_EnableIRQ
 .text.HAL_SYSTICK_Config
                0x08005bd6       0x18 ./Drivers/STM32H7xx_HAL_Driver/Src/stm32h7xx_hal_cortex.o
                0x08005bd6                HAL_SYSTICK_Config
 *fill*         0x08005bee        0x2 
 .text.HAL_DMA_Init
                0x08005bf0      0x6b0 ./Drivers/STM32H7xx_HAL_Driver/Src/stm32h7xx_hal_dma.o
                0x08005bf0                HAL_DMA_Init
 .text.HAL_DMA_Start_IT
                0x080062a0      0x4d4 ./Drivers/STM32H7xx_HAL_Driver/Src/stm32h7xx_hal_dma.o
                0x080062a0                HAL_DMA_Start_IT
 .text.HAL_DMA_Abort
                0x08006774      0x63c ./Drivers/STM32H7xx_HAL_Driver/Src/stm32h7xx_hal_dma.o
                0x08006774                HAL_DMA_Abort
 .text.HAL_DMA_Abort_IT
                0x08006db0      0x48c ./Drivers/STM32H7xx_HAL_Driver/Src/stm32h7xx_hal_dma.o
                0x08006db0                HAL_DMA_Abort_IT
 .text.HAL_DMA_IRQHandler
                0x0800723c      0xe54 ./Drivers/STM32H7xx_HAL_Driver/Src/stm32h7xx_hal_dma.o
                0x0800723c                HAL_DMA_IRQHandler
 .text.DMA_SetConfig
                0x08008090      0x358 ./Drivers/STM32H7xx_HAL_Driver/Src/stm32h7xx_hal_dma.o
 .text.DMA_CalcBaseAndBitshift
                0x080083e8      0x164 ./Drivers/STM32H7xx_HAL_Driver/Src/stm32h7xx_hal_dma.o
 .text.DMA_CheckFifoParam
                0x0800854c       0xf8 ./Drivers/STM32H7xx_HAL_Driver/Src/stm32h7xx_hal_dma.o
 .text.DMA_CalcDMAMUXChannelBaseAndMask
                0x08008644      0x134 ./Drivers/STM32H7xx_HAL_Driver/Src/stm32h7xx_hal_dma.o
 .text.DMA_CalcDMAMUXRequestGenBaseAndMask
                0x08008778       0xe8 ./Drivers/STM32H7xx_HAL_Driver/Src/stm32h7xx_hal_dma.o
 .text.HAL_GPIO_Init
                0x08008860      0x350 ./Drivers/STM32H7xx_HAL_Driver/Src/stm32h7xx_hal_gpio.o
                0x08008860                HAL_GPIO_Init
 .text.HAL_GPIO_WritePin
                0x08008bb0       0x32 ./Drivers/STM32H7xx_HAL_Driver/Src/stm32h7xx_hal_gpio.o
                0x08008bb0                HAL_GPIO_WritePin
 .text.HAL_GPIO_TogglePin
                0x08008be2       0x34 ./Drivers/STM32H7xx_HAL_Driver/Src/stm32h7xx_hal_gpio.o
                0x08008be2                HAL_GPIO_TogglePin
 .text.HAL_GPIO_EXTI_IRQHandler
                0x08008c16       0x34 ./Drivers/STM32H7xx_HAL_Driver/Src/stm32h7xx_hal_gpio.o
                0x08008c16                HAL_GPIO_EXTI_IRQHandler
 *fill*         0x08008c4a        0x2 
 .text.HAL_PWREx_ConfigSupply
                0x08008c4c       0x74 ./Drivers/STM32H7xx_HAL_Driver/Src/stm32h7xx_hal_pwr_ex.o
                0x08008c4c                HAL_PWREx_ConfigSupply
 .text.HAL_RCC_OscConfig
                0x08008cc0      0x7b4 ./Drivers/STM32H7xx_HAL_Driver/Src/stm32h7xx_hal_rcc.o
                0x08008cc0                HAL_RCC_OscConfig
 .text.HAL_RCC_ClockConfig
                0x08009474      0x36c ./Drivers/STM32H7xx_HAL_Driver/Src/stm32h7xx_hal_rcc.o
                0x08009474                HAL_RCC_ClockConfig
 .text.HAL_RCC_GetSysClockFreq
                0x080097e0      0x2f4 ./Drivers/STM32H7xx_HAL_Driver/Src/stm32h7xx_hal_rcc.o
                0x080097e0                HAL_RCC_GetSysClockFreq
 .text.HAL_RCC_GetHCLKFreq
                0x08009ad4       0x60 ./Drivers/STM32H7xx_HAL_Driver/Src/stm32h7xx_hal_rcc.o
                0x08009ad4                HAL_RCC_GetHCLKFreq
 .text.HAL_RCC_GetPCLK1Freq
                0x08009b34       0x2c ./Drivers/STM32H7xx_HAL_Driver/Src/stm32h7xx_hal_rcc.o
                0x08009b34                HAL_RCC_GetPCLK1Freq
 .text.HAL_RCC_GetPCLK2Freq
                0x08009b60       0x2c ./Drivers/STM32H7xx_HAL_Driver/Src/stm32h7xx_hal_rcc.o
                0x08009b60                HAL_RCC_GetPCLK2Freq
 .text.HAL_RCCEx_PeriphCLKConfig
                0x08009b8c     0x1340 ./Drivers/STM32H7xx_HAL_Driver/Src/stm32h7xx_hal_rcc_ex.o
                0x08009b8c                HAL_RCCEx_PeriphCLKConfig
 .text.HAL_RCCEx_GetPeriphCLKFreq
                0x0800aecc      0x9a4 ./Drivers/STM32H7xx_HAL_Driver/Src/stm32h7xx_hal_rcc_ex.o
                0x0800aecc                HAL_RCCEx_GetPeriphCLKFreq
 .text.HAL_RCCEx_GetD3PCLK1Freq
                0x0800b870       0x2c ./Drivers/STM32H7xx_HAL_Driver/Src/stm32h7xx_hal_rcc_ex.o
                0x0800b870                HAL_RCCEx_GetD3PCLK1Freq
 .text.HAL_RCCEx_GetPLL2ClockFreq
                0x0800b89c      0x2a8 ./Drivers/STM32H7xx_HAL_Driver/Src/stm32h7xx_hal_rcc_ex.o
                0x0800b89c                HAL_RCCEx_GetPLL2ClockFreq
 .text.HAL_RCCEx_GetPLL3ClockFreq
                0x0800bb44      0x2a8 ./Drivers/STM32H7xx_HAL_Driver/Src/stm32h7xx_hal_rcc_ex.o
                0x0800bb44                HAL_RCCEx_GetPLL3ClockFreq
 .text.HAL_RCCEx_GetPLL1ClockFreq
                0x0800bdec      0x2a4 ./Drivers/STM32H7xx_HAL_Driver/Src/stm32h7xx_hal_rcc_ex.o
                0x0800bdec                HAL_RCCEx_GetPLL1ClockFreq
 .text.RCCEx_PLL2_Config
                0x0800c090      0x164 ./Drivers/STM32H7xx_HAL_Driver/Src/stm32h7xx_hal_rcc_ex.o
 .text.RCCEx_PLL3_Config
                0x0800c1f4      0x164 ./Drivers/STM32H7xx_HAL_Driver/Src/stm32h7xx_hal_rcc_ex.o
 .text.HAL_SPI_Init
                0x0800c358      0x248 ./Drivers/STM32H7xx_HAL_Driver/Src/stm32h7xx_hal_spi.o
                0x0800c358                HAL_SPI_Init
 .text.HAL_SPI_Transmit
                0x0800c5a0      0x3dc ./Drivers/STM32H7xx_HAL_Driver/Src/stm32h7xx_hal_spi.o
                0x0800c5a0                HAL_SPI_Transmit
 .text.HAL_SPI_Receive
                0x0800c97c      0x4e4 ./Drivers/STM32H7xx_HAL_Driver/Src/stm32h7xx_hal_spi.o
                0x0800c97c                HAL_SPI_Receive
 .text.HAL_SPI_GetState
                0x0800ce60       0x1c ./Drivers/STM32H7xx_HAL_Driver/Src/stm32h7xx_hal_spi.o
                0x0800ce60                HAL_SPI_GetState
 .text.SPI_CloseTransfer
                0x0800ce7c      0x140 ./Drivers/STM32H7xx_HAL_Driver/Src/stm32h7xx_hal_spi.o
 .text.SPI_WaitOnFlagUntilTimeout
                0x0800cfbc       0x5c ./Drivers/STM32H7xx_HAL_Driver/Src/stm32h7xx_hal_spi.o
 .text.SPI_GetPacketSize
                0x0800d018       0x36 ./Drivers/STM32H7xx_HAL_Driver/Src/stm32h7xx_hal_spi.o
 .text.HAL_TIM_Base_Init
                0x0800d04e       0xae ./Drivers/STM32H7xx_HAL_Driver/Src/stm32h7xx_hal_tim.o
                0x0800d04e                HAL_TIM_Base_Init
 .text.HAL_TIM_Base_Start_IT
                0x0800d0fc      0x10c ./Drivers/STM32H7xx_HAL_Driver/Src/stm32h7xx_hal_tim.o
                0x0800d0fc                HAL_TIM_Base_Start_IT
 .text.HAL_TIM_PWM_Init
                0x0800d208       0xae ./Drivers/STM32H7xx_HAL_Driver/Src/stm32h7xx_hal_tim.o
                0x0800d208                HAL_TIM_PWM_Init
 .text.HAL_TIM_IRQHandler
                0x0800d2b6      0x20e ./Drivers/STM32H7xx_HAL_Driver/Src/stm32h7xx_hal_tim.o
                0x0800d2b6                HAL_TIM_IRQHandler
 .text.HAL_TIM_PWM_ConfigChannel
                0x0800d4c4      0x228 ./Drivers/STM32H7xx_HAL_Driver/Src/stm32h7xx_hal_tim.o
                0x0800d4c4                HAL_TIM_PWM_ConfigChannel
 .text.HAL_TIM_ConfigClockSource
                0x0800d6ec      0x1f0 ./Drivers/STM32H7xx_HAL_Driver/Src/stm32h7xx_hal_tim.o
                0x0800d6ec                HAL_TIM_ConfigClockSource
 .text.HAL_TIM_OC_DelayElapsedCallback
                0x0800d8dc       0x14 ./Drivers/STM32H7xx_HAL_Driver/Src/stm32h7xx_hal_tim.o
                0x0800d8dc                HAL_TIM_OC_DelayElapsedCallback
 .text.HAL_TIM_IC_CaptureCallback
                0x0800d8f0       0x14 ./Drivers/STM32H7xx_HAL_Driver/Src/stm32h7xx_hal_tim.o
                0x0800d8f0                HAL_TIM_IC_CaptureCallback
 .text.HAL_TIM_PWM_PulseFinishedCallback
                0x0800d904       0x14 ./Drivers/STM32H7xx_HAL_Driver/Src/stm32h7xx_hal_tim.o
                0x0800d904                HAL_TIM_PWM_PulseFinishedCallback
 .text.HAL_TIM_TriggerCallback
                0x0800d918       0x14 ./Drivers/STM32H7xx_HAL_Driver/Src/stm32h7xx_hal_tim.o
                0x0800d918                HAL_TIM_TriggerCallback
 .text.TIM_Base_SetConfig
                0x0800d92c      0x164 ./Drivers/STM32H7xx_HAL_Driver/Src/stm32h7xx_hal_tim.o
                0x0800d92c                TIM_Base_SetConfig
 .text.TIM_OC1_SetConfig
                0x0800da90      0x120 ./Drivers/STM32H7xx_HAL_Driver/Src/stm32h7xx_hal_tim.o
 .text.TIM_OC2_SetConfig
                0x0800dbb0      0x114 ./Drivers/STM32H7xx_HAL_Driver/Src/stm32h7xx_hal_tim.o
                0x0800dbb0                TIM_OC2_SetConfig
 .text.TIM_OC3_SetConfig
                0x0800dcc4      0x110 ./Drivers/STM32H7xx_HAL_Driver/Src/stm32h7xx_hal_tim.o
 .text.TIM_OC4_SetConfig
                0x0800ddd4       0xd4 ./Drivers/STM32H7xx_HAL_Driver/Src/stm32h7xx_hal_tim.o
 .text.TIM_OC5_SetConfig
                0x0800dea8       0xc8 ./Drivers/STM32H7xx_HAL_Driver/Src/stm32h7xx_hal_tim.o
 .text.TIM_OC6_SetConfig
                0x0800df70       0xcc ./Drivers/STM32H7xx_HAL_Driver/Src/stm32h7xx_hal_tim.o
 .text.TIM_TI1_ConfigInputStage
                0x0800e03c       0x5e ./Drivers/STM32H7xx_HAL_Driver/Src/stm32h7xx_hal_tim.o
 .text.TIM_TI2_ConfigInputStage
                0x0800e09a       0x60 ./Drivers/STM32H7xx_HAL_Driver/Src/stm32h7xx_hal_tim.o
 *fill*         0x0800e0fa        0x2 
 .text.TIM_ITRx_SetConfig
                0x0800e0fc       0x3c ./Drivers/STM32H7xx_HAL_Driver/Src/stm32h7xx_hal_tim.o
 .text.TIM_ETR_SetConfig
                0x0800e138       0x40 ./Drivers/STM32H7xx_HAL_Driver/Src/stm32h7xx_hal_tim.o
                0x0800e138                TIM_ETR_SetConfig
 .text.HAL_TIMEx_MasterConfigSynchronization
                0x0800e178      0x138 ./Drivers/STM32H7xx_HAL_Driver/Src/stm32h7xx_hal_tim_ex.o
                0x0800e178                HAL_TIMEx_MasterConfigSynchronization
 .text.HAL_TIMEx_CommutCallback
                0x0800e2b0       0x14 ./Drivers/STM32H7xx_HAL_Driver/Src/stm32h7xx_hal_tim_ex.o
                0x0800e2b0                HAL_TIMEx_CommutCallback
 .text.HAL_TIMEx_BreakCallback
                0x0800e2c4       0x14 ./Drivers/STM32H7xx_HAL_Driver/Src/stm32h7xx_hal_tim_ex.o
                0x0800e2c4                HAL_TIMEx_BreakCallback
 .text.HAL_TIMEx_Break2Callback
                0x0800e2d8       0x14 ./Drivers/STM32H7xx_HAL_Driver/Src/stm32h7xx_hal_tim_ex.o
                0x0800e2d8                HAL_TIMEx_Break2Callback
 .text.HAL_UART_Init
                0x0800e2ec       0xa0 ./Drivers/STM32H7xx_HAL_Driver/Src/stm32h7xx_hal_uart.o
                0x0800e2ec                HAL_UART_Init
 .text.HAL_UART_Transmit
                0x0800e38c      0x11c ./Drivers/STM32H7xx_HAL_Driver/Src/stm32h7xx_hal_uart.o
                0x0800e38c                HAL_UART_Transmit
 .text.HAL_UART_IRQHandler
                0x0800e4a8      0x774 ./Drivers/STM32H7xx_HAL_Driver/Src/stm32h7xx_hal_uart.o
                0x0800e4a8                HAL_UART_IRQHandler
 .text.HAL_UART_TxCpltCallback
                0x0800ec1c       0x14 ./Drivers/STM32H7xx_HAL_Driver/Src/stm32h7xx_hal_uart.o
                0x0800ec1c                HAL_UART_TxCpltCallback
 .text.HAL_UART_RxCpltCallback
                0x0800ec30       0x14 ./Drivers/STM32H7xx_HAL_Driver/Src/stm32h7xx_hal_uart.o
                0x0800ec30                HAL_UART_RxCpltCallback
 .text.HAL_UART_ErrorCallback
                0x0800ec44       0x14 ./Drivers/STM32H7xx_HAL_Driver/Src/stm32h7xx_hal_uart.o
                0x0800ec44                HAL_UART_ErrorCallback
 .text.UART_SetConfig
                0x0800ec58      0xcd8 ./Drivers/STM32H7xx_HAL_Driver/Src/stm32h7xx_hal_uart.o
                0x0800ec58                UART_SetConfig
 .text.UART_AdvFeatureConfig
                0x0800f930      0x144 ./Drivers/STM32H7xx_HAL_Driver/Src/stm32h7xx_hal_uart.o
                0x0800f930                UART_AdvFeatureConfig
 .text.UART_CheckIdleState
                0x0800fa74      0x154 ./Drivers/STM32H7xx_HAL_Driver/Src/stm32h7xx_hal_uart.o
                0x0800fa74                UART_CheckIdleState
 .text.UART_WaitOnFlagUntilTimeout
                0x0800fbc8       0xda ./Drivers/STM32H7xx_HAL_Driver/Src/stm32h7xx_hal_uart.o
                0x0800fbc8                UART_WaitOnFlagUntilTimeout
 *fill*         0x0800fca2        0x2 
 .text.UART_Start_Receive_IT
                0x0800fca4      0x244 ./Drivers/STM32H7xx_HAL_Driver/Src/stm32h7xx_hal_uart.o
                0x0800fca4                UART_Start_Receive_IT
 .text.UART_EndRxTransfer
                0x0800fee8       0xcc ./Drivers/STM32H7xx_HAL_Driver/Src/stm32h7xx_hal_uart.o
 .text.UART_DMAAbortOnError
                0x0800ffb4       0x2c ./Drivers/STM32H7xx_HAL_Driver/Src/stm32h7xx_hal_uart.o
 .text.UART_EndTransmit_IT
                0x0800ffe0       0x56 ./Drivers/STM32H7xx_HAL_Driver/Src/stm32h7xx_hal_uart.o
 *fill*         0x08010036        0x2 
 .text.UART_RxISR_8BIT
                0x08010038      0x1b8 ./Drivers/STM32H7xx_HAL_Driver/Src/stm32h7xx_hal_uart.o
 .text.UART_RxISR_16BIT
                0x080101f0      0x1b8 ./Drivers/STM32H7xx_HAL_Driver/Src/stm32h7xx_hal_uart.o
 .text.UART_RxISR_8BIT_FIFOEN
                0x080103a8      0x360 ./Drivers/STM32H7xx_HAL_Driver/Src/stm32h7xx_hal_uart.o
 .text.UART_RxISR_16BIT_FIFOEN
                0x08010708      0x368 ./Drivers/STM32H7xx_HAL_Driver/Src/stm32h7xx_hal_uart.o
 .text.HAL_UARTEx_WakeupCallback
                0x08010a70       0x14 ./Drivers/STM32H7xx_HAL_Driver/Src/stm32h7xx_hal_uart_ex.o
                0x08010a70                HAL_UARTEx_WakeupCallback
 .text.HAL_UARTEx_RxFifoFullCallback
                0x08010a84       0x14 ./Drivers/STM32H7xx_HAL_Driver/Src/stm32h7xx_hal_uart_ex.o
                0x08010a84                HAL_UARTEx_RxFifoFullCallback
 .text.HAL_UARTEx_TxFifoEmptyCallback
                0x08010a98       0x14 ./Drivers/STM32H7xx_HAL_Driver/Src/stm32h7xx_hal_uart_ex.o
                0x08010a98                HAL_UARTEx_TxFifoEmptyCallback
 .text.HAL_UARTEx_DisableFifoMode
                0x08010aac       0x72 ./Drivers/STM32H7xx_HAL_Driver/Src/stm32h7xx_hal_uart_ex.o
                0x08010aac                HAL_UARTEx_DisableFifoMode
 .text.HAL_UARTEx_SetTxFifoThreshold
                0x08010b1e       0x7c ./Drivers/STM32H7xx_HAL_Driver/Src/stm32h7xx_hal_uart_ex.o
                0x08010b1e                HAL_UARTEx_SetTxFifoThreshold
 .text.HAL_UARTEx_SetRxFifoThreshold
                0x08010b9a       0x7c ./Drivers/STM32H7xx_HAL_Driver/Src/stm32h7xx_hal_uart_ex.o
                0x08010b9a                HAL_UARTEx_SetRxFifoThreshold
 .text.HAL_UARTEx_ReceiveToIdle_IT
                0x08010c16       0xa0 ./Drivers/STM32H7xx_HAL_Driver/Src/stm32h7xx_hal_uart_ex.o
                0x08010c16                HAL_UARTEx_ReceiveToIdle_IT
 *fill*         0x08010cb6        0x2 
 .text.UARTEx_SetNbDataToProcess
                0x08010cb8       0x9c ./Drivers/STM32H7xx_HAL_Driver/Src/stm32h7xx_hal_uart_ex.o
 .text.memset   0x08010d54       0x10 D:/STM32CUBEIDE/STM32CubeIDE_1.13.2/STM32CubeIDE/plugins/com.st.stm32cube.ide.mcu.externaltools.gnu-tools-for-stm32.12.3.rel1.win32_1.0.200.202406191623/tools/bin/../lib/gcc/arm-none-eabi/12.3.1/../../../../arm-none-eabi/lib/thumb/v7e-m+dp/hard\libc_nano.a(libc_a-memset.o)
                0x08010d54                memset
 .text.__libc_init_array
                0x08010d64       0x48 D:/STM32CUBEIDE/STM32CubeIDE_1.13.2/STM32CubeIDE/plugins/com.st.stm32cube.ide.mcu.externaltools.gnu-tools-for-stm32.12.3.rel1.win32_1.0.200.202406191623/tools/bin/../lib/gcc/arm-none-eabi/12.3.1/../../../../arm-none-eabi/lib/thumb/v7e-m+dp/hard\libc_nano.a(libc_a-init.o)
                0x08010d64                __libc_init_array
 .text.memcpy   0x08010dac       0x1c D:/STM32CUBEIDE/STM32CubeIDE_1.13.2/STM32CubeIDE/plugins/com.st.stm32cube.ide.mcu.externaltools.gnu-tools-for-stm32.12.3.rel1.win32_1.0.200.202406191623/tools/bin/../lib/gcc/arm-none-eabi/12.3.1/../../../../arm-none-eabi/lib/thumb/v7e-m+dp/hard\libc_nano.a(libc_a-memcpy-stub.o)
                0x08010dac                memcpy
 *(.glue_7)
 .glue_7        0x08010dc8        0x0 linker stubs
 *(.glue_7t)
 .glue_7t       0x08010dc8        0x0 linker stubs
 *(.eh_frame)
 .eh_frame      0x08010dc8        0x0 D:/STM32CUBEIDE/STM32CubeIDE_1.13.2/STM32CubeIDE/plugins/com.st.stm32cube.ide.mcu.externaltools.gnu-tools-for-stm32.12.3.rel1.win32_1.0.200.202406191623/tools/bin/../lib/gcc/arm-none-eabi/12.3.1/thumb/v7e-m+dp/hard/crtbegin.o
 *(.init)
 .init          0x08010dc8        0x4 D:/STM32CUBEIDE/STM32CubeIDE_1.13.2/STM32CubeIDE/plugins/com.st.stm32cube.ide.mcu.externaltools.gnu-tools-for-stm32.12.3.rel1.win32_1.0.200.202406191623/tools/bin/../lib/gcc/arm-none-eabi/12.3.1/thumb/v7e-m+dp/hard/crti.o
                0x08010dc8                _init
 .init          0x08010dcc        0x8 D:/STM32CUBEIDE/STM32CubeIDE_1.13.2/STM32CubeIDE/plugins/com.st.stm32cube.ide.mcu.externaltools.gnu-tools-for-stm32.12.3.rel1.win32_1.0.200.202406191623/tools/bin/../lib/gcc/arm-none-eabi/12.3.1/thumb/v7e-m+dp/hard/crtn.o
 *(.fini)
 .fini          0x08010dd4        0x4 D:/STM32CUBEIDE/STM32CubeIDE_1.13.2/STM32CubeIDE/plugins/com.st.stm32cube.ide.mcu.externaltools.gnu-tools-for-stm32.12.3.rel1.win32_1.0.200.202406191623/tools/bin/../lib/gcc/arm-none-eabi/12.3.1/thumb/v7e-m+dp/hard/crti.o
                0x08010dd4                _fini
 .fini          0x08010dd8        0x8 D:/STM32CUBEIDE/STM32CubeIDE_1.13.2/STM32CubeIDE/plugins/com.st.stm32cube.ide.mcu.externaltools.gnu-tools-for-stm32.12.3.rel1.win32_1.0.200.202406191623/tools/bin/../lib/gcc/arm-none-eabi/12.3.1/thumb/v7e-m+dp/hard/crtn.o
                0x08010de0                        . = ALIGN (0x4)
                0x08010de0                        _etext = .

.vfp11_veneer   0x08010de0        0x0
 .vfp11_veneer  0x08010de0        0x0 linker stubs

.v4_bx          0x08010de0        0x0
 .v4_bx         0x08010de0        0x0 linker stubs

.iplt           0x08010de0        0x0
 .iplt          0x08010de0        0x0 D:/STM32CUBEIDE/STM32CubeIDE_1.13.2/STM32CubeIDE/plugins/com.st.stm32cube.ide.mcu.externaltools.gnu-tools-for-stm32.12.3.rel1.win32_1.0.200.202406191623/tools/bin/../lib/gcc/arm-none-eabi/12.3.1/thumb/v7e-m+dp/hard/crtbegin.o

.rodata         0x08010de0      0x298
                0x08010de0                        . = ALIGN (0x4)
 *(.rodata)
 .rodata        0x08010de0       0x50 ./Core/Src/LoRa.o
 *(.rodata*)
 .rodata.line_sensor_front_channel_number
                0x08010e30        0x1 ./Core/Src/main.o
                0x08010e30                line_sensor_front_channel_number
 .rodata.line_sensor_back_channel_number
                0x08010e31        0x1 ./Core/Src/main.o
                0x08010e31                line_sensor_back_channel_number
 .rodata.line_sensor_front_threshold
                0x08010e32        0x2 ./Core/Src/main.o
                0x08010e32                line_sensor_front_threshold
 .rodata.line_sensor_back_threshold
                0x08010e34        0x2 ./Core/Src/main.o
                0x08010e34                line_sensor_back_threshold
 *fill*         0x08010e36        0x2 
 .rodata.table_crc_hi
                0x08010e38      0x100 ./Core/Src/modbus_crc.o
 .rodata.table_crc_lo
                0x08010f38      0x100 ./Core/Src/modbus_crc.o
 .rodata.D1CorePrescTable
                0x08011038       0x10 ./Core/Src/system_stm32h7xx.o
                0x08011038                D1CorePrescTable
 .rodata.flagBitshiftOffset.0
                0x08011048        0x8 ./Drivers/STM32H7xx_HAL_Driver/Src/stm32h7xx_hal_dma.o
 .rodata.UARTPrescTable
                0x08011050       0x18 ./Drivers/STM32H7xx_HAL_Driver/Src/stm32h7xx_hal_uart.o
                0x08011050                UARTPrescTable
 .rodata.numerator.1
                0x08011068        0x8 ./Drivers/STM32H7xx_HAL_Driver/Src/stm32h7xx_hal_uart_ex.o
 .rodata.denominator.0
                0x08011070        0x8 ./Drivers/STM32H7xx_HAL_Driver/Src/stm32h7xx_hal_uart_ex.o
                0x08011078                        . = ALIGN (0x4)

.ARM.extab
 *(.ARM.extab* .gnu.linkonce.armextab.*)

.ARM            0x08011078        0x8
                0x08011078                        __exidx_start = .
 *(.ARM.exidx*)
 .ARM.exidx     0x08011078        0x8 D:/STM32CUBEIDE/STM32CubeIDE_1.13.2/STM32CubeIDE/plugins/com.st.stm32cube.ide.mcu.externaltools.gnu-tools-for-stm32.12.3.rel1.win32_1.0.200.202406191623/tools/bin/../lib/gcc/arm-none-eabi/12.3.1/thumb/v7e-m+dp/hard\libgcc.a(_udivmoddi4.o)
                0x08011080                        __exidx_end = .

.rel.dyn        0x08011080        0x0
 .rel.iplt      0x08011080        0x0 D:/STM32CUBEIDE/STM32CubeIDE_1.13.2/STM32CubeIDE/plugins/com.st.stm32cube.ide.mcu.externaltools.gnu-tools-for-stm32.12.3.rel1.win32_1.0.200.202406191623/tools/bin/../lib/gcc/arm-none-eabi/12.3.1/thumb/v7e-m+dp/hard/crtbegin.o

.preinit_array  0x08011080        0x0
                0x08011080                        PROVIDE (__preinit_array_start = .)
 *(.preinit_array*)
                0x08011080                        PROVIDE (__preinit_array_end = .)

.init_array     0x08011080        0x4
                0x08011080                        PROVIDE (__init_array_start = .)
 *(SORT_BY_NAME(.init_array.*))
 *(.init_array*)
 .init_array    0x08011080        0x4 D:/STM32CUBEIDE/STM32CubeIDE_1.13.2/STM32CubeIDE/plugins/com.st.stm32cube.ide.mcu.externaltools.gnu-tools-for-stm32.12.3.rel1.win32_1.0.200.202406191623/tools/bin/../lib/gcc/arm-none-eabi/12.3.1/thumb/v7e-m+dp/hard/crtbegin.o
                0x08011084                        PROVIDE (__init_array_end = .)

.fini_array     0x08011084        0x4
                [!provide]                        PROVIDE (__fini_array_start = .)
 *(SORT_BY_NAME(.fini_array.*))
 *(.fini_array*)
 .fini_array    0x08011084        0x4 D:/STM32CUBEIDE/STM32CubeIDE_1.13.2/STM32CubeIDE/plugins/com.st.stm32cube.ide.mcu.externaltools.gnu-tools-for-stm32.12.3.rel1.win32_1.0.200.202406191623/tools/bin/../lib/gcc/arm-none-eabi/12.3.1/thumb/v7e-m+dp/hard/crtbegin.o
                [!provide]                        PROVIDE (__fini_array_end = .)
                0x08011088                        _sidata = LOADADDR (.data)

.data           0x24000000       0x78 load address 0x08011088
                0x24000000                        . = ALIGN (0x4)
                0x24000000                        _sdata = .
 *(.data)
 *(.data*)
 .data.line_sensor_front_max_sensor_vales
                0x24000000       0x14 ./Core/Src/main.o
                0x24000000                line_sensor_front_max_sensor_vales
 .data.line_sensor_front_min_sensor_vales
                0x24000014       0x14 ./Core/Src/main.o
                0x24000014                line_sensor_front_min_sensor_vales
 .data.line_sensor_back_max_sensor_vales
                0x24000028       0x14 ./Core/Src/main.o
                0x24000028                line_sensor_back_max_sensor_vales
 .data.line_sensor_back_min_sensor_vales
                0x2400003c       0x14 ./Core/Src/main.o
                0x2400003c                line_sensor_back_min_sensor_vales
 .data.agv_orientation
                0x24000050        0x2 ./Core/Src/main.o
                0x24000050                agv_orientation
 *fill*         0x24000052        0x2 
 .data.Kp       0x24000054        0x4 ./Core/Src/main.o
                0x24000054                Kp
 .data.Kd       0x24000058        0x4 ./Core/Src/main.o
                0x24000058                Kd
 .data.pid_motor_base_speed
                0x2400005c        0x2 ./Core/Src/main.o
                0x2400005c                pid_motor_base_speed
 .data.On_Task  0x2400005e        0x2 ./Core/Src/main.o
                0x2400005e                On_Task
 .data.on_task_decisions
                0x24000060        0x5 ./Core/Src/main.o
                0x24000060                on_task_decisions
 *fill*         0x24000065        0x3 
 .data.SystemCoreClock
                0x24000068        0x4 ./Core/Src/system_stm32h7xx.o
                0x24000068                SystemCoreClock
 .data.SystemD2Clock
                0x2400006c        0x4 ./Core/Src/system_stm32h7xx.o
                0x2400006c                SystemD2Clock
 .data.uwTickPrio
                0x24000070        0x4 ./Drivers/STM32H7xx_HAL_Driver/Src/stm32h7xx_hal.o
                0x24000070                uwTickPrio
 .data.uwTickFreq
                0x24000074        0x1 ./Drivers/STM32H7xx_HAL_Driver/Src/stm32h7xx_hal.o
                0x24000074                uwTickFreq
 *(.RamFunc)
 *(.RamFunc*)
                0x24000078                        . = ALIGN (0x4)
 *fill*         0x24000075        0x3 
                0x24000078                        _edata = .

.igot.plt       0x24000078        0x0 load address 0x08011100
 .igot.plt      0x24000078        0x0 D:/STM32CUBEIDE/STM32CubeIDE_1.13.2/STM32CubeIDE/plugins/com.st.stm32cube.ide.mcu.externaltools.gnu-tools-for-stm32.12.3.rel1.win32_1.0.200.202406191623/tools/bin/../lib/gcc/arm-none-eabi/12.3.1/thumb/v7e-m+dp/hard/crtbegin.o
                0x24000078                        . = ALIGN (0x4)

.bss            0x24000078      0x758 load address 0x08011100
                0x24000078                        _sbss = .
                0x24000078                        __bss_start__ = _sbss
 *(.bss)
 .bss           0x24000078       0x1c D:/STM32CUBEIDE/STM32CubeIDE_1.13.2/STM32CubeIDE/plugins/com.st.stm32cube.ide.mcu.externaltools.gnu-tools-for-stm32.12.3.rel1.win32_1.0.200.202406191623/tools/bin/../lib/gcc/arm-none-eabi/12.3.1/thumb/v7e-m+dp/hard/crtbegin.o
 *(.bss*)
 .bss.hadc1     0x24000094       0x70 ./Core/Src/main.o
                0x24000094                hadc1
 .bss.hadc3     0x24000104       0x70 ./Core/Src/main.o
                0x24000104                hadc3
 .bss.hdma_adc1
                0x24000174       0x78 ./Core/Src/main.o
                0x24000174                hdma_adc1
 .bss.hdma_adc3
                0x240001ec       0x78 ./Core/Src/main.o
                0x240001ec                hdma_adc3
 .bss.hspi1     0x24000264       0x88 ./Core/Src/main.o
                0x24000264                hspi1
 .bss.htim2     0x240002ec       0x4c ./Core/Src/main.o
                0x240002ec                htim2
 .bss.htim3     0x24000338       0x4c ./Core/Src/main.o
                0x24000338                htim3
 .bss.htim4     0x24000384       0x4c ./Core/Src/main.o
                0x24000384                htim4
 .bss.huart1    0x240003d0       0x94 ./Core/Src/main.o
                0x240003d0                huart1
 .bss.huart3    0x24000464       0x94 ./Core/Src/main.o
                0x24000464                huart3
 .bss.m1_driver
                0x240004f8       0x38 ./Core/Src/main.o
                0x240004f8                m1_driver
 .bss.m2_driver
                0x24000530       0x38 ./Core/Src/main.o
                0x24000530                m2_driver
 .bss.line_sensor_front_read_line_old_value
                0x24000568        0x4 ./Core/Src/main.o
                0x24000568                line_sensor_front_read_line_old_value
 .bss.line_sensor_back_read_line_old_value
                0x2400056c        0x4 ./Core/Src/main.o
                0x2400056c                line_sensor_back_read_line_old_value
 .bss.line_sensor_front_values_calibrated
                0x24000570       0x14 ./Core/Src/main.o
                0x24000570                line_sensor_front_values_calibrated
 .bss.line_sensor_back_values_calibrated
                0x24000584       0x14 ./Core/Src/main.o
                0x24000584                line_sensor_back_values_calibrated
 .bss.line_sensor_front_on_line_left_number
                0x24000598        0x1 ./Core/Src/main.o
                0x24000598                line_sensor_front_on_line_left_number
 .bss.line_sensor_front_on_line_middle_number
                0x24000599        0x1 ./Core/Src/main.o
                0x24000599                line_sensor_front_on_line_middle_number
 .bss.line_sensor_front_on_line_right_number
                0x2400059a        0x1 ./Core/Src/main.o
                0x2400059a                line_sensor_front_on_line_right_number
 .bss.line_sensor_front_on_line_total_number
                0x2400059b        0x1 ./Core/Src/main.o
                0x2400059b                line_sensor_front_on_line_total_number
 .bss.line_sensor_back_on_line_left_number
                0x2400059c        0x1 ./Core/Src/main.o
                0x2400059c                line_sensor_back_on_line_left_number
 .bss.line_sensor_back_on_line_middle_number
                0x2400059d        0x1 ./Core/Src/main.o
                0x2400059d                line_sensor_back_on_line_middle_number
 .bss.line_sensor_back_on_line_right_number
                0x2400059e        0x1 ./Core/Src/main.o
                0x2400059e                line_sensor_back_on_line_right_number
 .bss.line_sensor_back_on_line_total_number
                0x2400059f        0x1 ./Core/Src/main.o
                0x2400059f                line_sensor_back_on_line_total_number
 .bss.line_sensor_front_read_line_value
                0x240005a0        0x2 ./Core/Src/main.o
                0x240005a0                line_sensor_front_read_line_value
 .bss.line_sensor_back_read_line_value
                0x240005a2        0x2 ./Core/Src/main.o
                0x240005a2                line_sensor_back_read_line_value
 .bss.front_array
                0x240005a4       0x68 ./Core/Src/main.o
                0x240005a4                front_array
 .bss.back_array
                0x2400060c       0x68 ./Core/Src/main.o
                0x2400060c                back_array
 .bss.P         0x24000674        0x4 ./Core/Src/main.o
                0x24000674                P
 .bss.I         0x24000678        0x4 ./Core/Src/main.o
                0x24000678                I
 .bss.D         0x2400067c        0x4 ./Core/Src/main.o
                0x2400067c                D
 .bss.Ki        0x24000680        0x4 ./Core/Src/main.o
                0x24000680                Ki
 .bss.pid_last_error
                0x24000684        0x4 ./Core/Src/main.o
                0x24000684                pid_last_error
 .bss.pid_error
                0x24000688        0x4 ./Core/Src/main.o
                0x24000688                pid_error
 .bss.pid_motor_speed_change
                0x2400068c        0x4 ./Core/Src/main.o
                0x2400068c                pid_motor_speed_change
 .bss.pid_motor_speed_A
                0x24000690        0x2 ./Core/Src/main.o
                0x24000690                pid_motor_speed_A
 .bss.pid_motor_speed_B
                0x24000692        0x2 ./Core/Src/main.o
                0x24000692                pid_motor_speed_B
 .bss.agv_turn_count
                0x24000694        0x1 ./Core/Src/main.o
                0x24000694                agv_turn_count
 .bss.Station   0x24000695        0x1 ./Core/Src/main.o
                0x24000695                Station
 .bss.Current_Station
                0x24000696        0x1 ./Core/Src/main.o
                0x24000696                Current_Station
 .bss.Target_Station
                0x24000697        0x1 ./Core/Src/main.o
                0x24000697                Target_Station
 .bss.myLoRa    0x24000698       0x2c ./Core/Src/main.o
                0x24000698                myLoRa
 .bss.LoRa_stat
                0x240006c4        0x2 ./Core/Src/main.o
                0x240006c4                LoRa_stat
 *fill*         0x240006c6        0x2 
 .bss.LoraTxBuffer
                0x240006c8       0x80 ./Core/Src/main.o
                0x240006c8                LoraTxBuffer
 .bss.LoraRxBuffer
                0x24000748       0x80 ./Core/Src/main.o
                0x24000748                LoraRxBuffer
 .bss.lora_receive_toggle
                0x240007c8        0x1 ./Core/Src/main.o
                0x240007c8                lora_receive_toggle
 *fill*         0x240007c9        0x3 
 .bss.uwTick    0x240007cc        0x4 ./Drivers/STM32H7xx_HAL_Driver/Src/stm32h7xx_hal.o
                0x240007cc                uwTick
 *(COMMON)
                0x240007d0                        . = ALIGN (0x4)
                0x240007d0                        _ebss = .
                0x240007d0                        __bss_end__ = _ebss

._user_heap_stack
                0x240007d0      0x600 load address 0x08011100
                0x240007d0                        . = ALIGN (0x8)
                [!provide]                        PROVIDE (end = .)
                0x240007d0                        PROVIDE (_end = .)
                0x240009d0                        . = (. + _Min_Heap_Size)
 *fill*         0x240007d0      0x200 
                0x24000dd0                        . = (. + _Min_Stack_Size)
 *fill*         0x240009d0      0x400 
                0x24000dd0                        . = ALIGN (0x8)

/DISCARD/
 libc.a(*)
 libm.a(*)
 libgcc.a(*)

.ARM.attributes
                0x00000000       0x2e
 *(.ARM.attributes)
 .ARM.attributes
                0x00000000       0x20 D:/STM32CUBEIDE/STM32CubeIDE_1.13.2/STM32CubeIDE/plugins/com.st.stm32cube.ide.mcu.externaltools.gnu-tools-for-stm32.12.3.rel1.win32_1.0.200.202406191623/tools/bin/../lib/gcc/arm-none-eabi/12.3.1/thumb/v7e-m+dp/hard/crti.o
 .ARM.attributes
                0x00000020       0x32 D:/STM32CUBEIDE/STM32CubeIDE_1.13.2/STM32CubeIDE/plugins/com.st.stm32cube.ide.mcu.externaltools.gnu-tools-for-stm32.12.3.rel1.win32_1.0.200.202406191623/tools/bin/../lib/gcc/arm-none-eabi/12.3.1/thumb/v7e-m+dp/hard/crtbegin.o
 .ARM.attributes
                0x00000052       0x32 ./Core/Src/LoRa.o
 .ARM.attributes
                0x00000084       0x32 ./Core/Src/line_sensor.o
 .ARM.attributes
                0x000000b6       0x32 ./Core/Src/main.o
 .ARM.attributes
                0x000000e8       0x32 ./Core/Src/modbus_crc.o
 .ARM.attributes
                0x0000011a       0x32 ./Core/Src/rs485_driver.o
 .ARM.attributes
                0x0000014c       0x32 ./Core/Src/stm32h7xx_hal_msp.o
 .ARM.attributes
                0x0000017e       0x32 ./Core/Src/stm32h7xx_it.o
 .ARM.attributes
                0x000001b0       0x32 ./Core/Src/system_stm32h7xx.o
 .ARM.attributes
                0x000001e2       0x21 ./Core/Startup/startup_stm32h723zgtx.o
 .ARM.attributes
                0x00000203       0x32 ./Drivers/STM32H7xx_HAL_Driver/Src/stm32h7xx_hal.o
 .ARM.attributes
                0x00000235       0x32 ./Drivers/STM32H7xx_HAL_Driver/Src/stm32h7xx_hal_adc.o
 .ARM.attributes
                0x00000267       0x32 ./Drivers/STM32H7xx_HAL_Driver/Src/stm32h7xx_hal_adc_ex.o
 .ARM.attributes
                0x00000299       0x32 ./Drivers/STM32H7xx_HAL_Driver/Src/stm32h7xx_hal_cortex.o
 .ARM.attributes
                0x000002cb       0x32 ./Drivers/STM32H7xx_HAL_Driver/Src/stm32h7xx_hal_dma.o
 .ARM.attributes
                0x000002fd       0x32 ./Drivers/STM32H7xx_HAL_Driver/Src/stm32h7xx_hal_gpio.o
 .ARM.attributes
                0x0000032f       0x32 ./Drivers/STM32H7xx_HAL_Driver/Src/stm32h7xx_hal_pwr_ex.o
 .ARM.attributes
                0x00000361       0x32 ./Drivers/STM32H7xx_HAL_Driver/Src/stm32h7xx_hal_rcc.o
 .ARM.attributes
                0x00000393       0x32 ./Drivers/STM32H7xx_HAL_Driver/Src/stm32h7xx_hal_rcc_ex.o
 .ARM.attributes
                0x000003c5       0x32 ./Drivers/STM32H7xx_HAL_Driver/Src/stm32h7xx_hal_spi.o
 .ARM.attributes
                0x000003f7       0x32 ./Drivers/STM32H7xx_HAL_Driver/Src/stm32h7xx_hal_tim.o
 .ARM.attributes
                0x00000429       0x32 ./Drivers/STM32H7xx_HAL_Driver/Src/stm32h7xx_hal_tim_ex.o
 .ARM.attributes
                0x0000045b       0x32 ./Drivers/STM32H7xx_HAL_Driver/Src/stm32h7xx_hal_uart.o
 .ARM.attributes
                0x0000048d       0x32 ./Drivers/STM32H7xx_HAL_Driver/Src/stm32h7xx_hal_uart_ex.o
 .ARM.attributes
                0x000004bf       0x32 D:/STM32CUBEIDE/STM32CubeIDE_1.13.2/STM32CubeIDE/plugins/com.st.stm32cube.ide.mcu.externaltools.gnu-tools-for-stm32.12.3.rel1.win32_1.0.200.202406191623/tools/bin/../lib/gcc/arm-none-eabi/12.3.1/../../../../arm-none-eabi/lib/thumb/v7e-m+dp/hard\libc_nano.a(libc_a-memset.o)
 .ARM.attributes
                0x000004f1       0x32 D:/STM32CUBEIDE/STM32CubeIDE_1.13.2/STM32CubeIDE/plugins/com.st.stm32cube.ide.mcu.externaltools.gnu-tools-for-stm32.12.3.rel1.win32_1.0.200.202406191623/tools/bin/../lib/gcc/arm-none-eabi/12.3.1/../../../../arm-none-eabi/lib/thumb/v7e-m+dp/hard\libc_nano.a(libc_a-init.o)
 .ARM.attributes
                0x00000523       0x32 D:/STM32CUBEIDE/STM32CubeIDE_1.13.2/STM32CubeIDE/plugins/com.st.stm32cube.ide.mcu.externaltools.gnu-tools-for-stm32.12.3.rel1.win32_1.0.200.202406191623/tools/bin/../lib/gcc/arm-none-eabi/12.3.1/../../../../arm-none-eabi/lib/thumb/v7e-m+dp/hard\libc_nano.a(libc_a-memcpy-stub.o)
 .ARM.attributes
                0x00000555       0x20 D:/STM32CUBEIDE/STM32CubeIDE_1.13.2/STM32CubeIDE/plugins/com.st.stm32cube.ide.mcu.externaltools.gnu-tools-for-stm32.12.3.rel1.win32_1.0.200.202406191623/tools/bin/../lib/gcc/arm-none-eabi/12.3.1/thumb/v7e-m+dp/hard\libgcc.a(_aeabi_uldivmod.o)
 .ARM.attributes
                0x00000575       0x32 D:/STM32CUBEIDE/STM32CubeIDE_1.13.2/STM32CubeIDE/plugins/com.st.stm32cube.ide.mcu.externaltools.gnu-tools-for-stm32.12.3.rel1.win32_1.0.200.202406191623/tools/bin/../lib/gcc/arm-none-eabi/12.3.1/thumb/v7e-m+dp/hard\libgcc.a(_udivmoddi4.o)
 .ARM.attributes
                0x000005a7       0x20 D:/STM32CUBEIDE/STM32CubeIDE_1.13.2/STM32CubeIDE/plugins/com.st.stm32cube.ide.mcu.externaltools.gnu-tools-for-stm32.12.3.rel1.win32_1.0.200.202406191623/tools/bin/../lib/gcc/arm-none-eabi/12.3.1/thumb/v7e-m+dp/hard\libgcc.a(_dvmd_tls.o)
 .ARM.attributes
                0x000005c7       0x20 D:/STM32CUBEIDE/STM32CubeIDE_1.13.2/STM32CubeIDE/plugins/com.st.stm32cube.ide.mcu.externaltools.gnu-tools-for-stm32.12.3.rel1.win32_1.0.200.202406191623/tools/bin/../lib/gcc/arm-none-eabi/12.3.1/thumb/v7e-m+dp/hard/crtn.o
OUTPUT(GENZERO_AGV_VH7.elf elf32-littlearm)
LOAD linker stubs
LOAD D:/STM32CUBEIDE/STM32CubeIDE_1.13.2/STM32CubeIDE/plugins/com.st.stm32cube.ide.mcu.externaltools.gnu-tools-for-stm32.12.3.rel1.win32_1.0.200.202406191623/tools/bin/../lib/gcc/arm-none-eabi/12.3.1/../../../../arm-none-eabi/lib/thumb/v7e-m+dp/hard\libc.a
LOAD D:/STM32CUBEIDE/STM32CubeIDE_1.13.2/STM32CubeIDE/plugins/com.st.stm32cube.ide.mcu.externaltools.gnu-tools-for-stm32.12.3.rel1.win32_1.0.200.202406191623/tools/bin/../lib/gcc/arm-none-eabi/12.3.1/../../../../arm-none-eabi/lib/thumb/v7e-m+dp/hard\libm.a
LOAD D:/STM32CUBEIDE/STM32CubeIDE_1.13.2/STM32CubeIDE/plugins/com.st.stm32cube.ide.mcu.externaltools.gnu-tools-for-stm32.12.3.rel1.win32_1.0.200.202406191623/tools/bin/../lib/gcc/arm-none-eabi/12.3.1/thumb/v7e-m+dp/hard\libgcc.a

.debug_info     0x00000000    0x20204
 .debug_info    0x00000000     0x104d ./Core/Src/LoRa.o
 .debug_info    0x0000104d      0x39e ./Core/Src/line_sensor.o
 .debug_info    0x000013eb     0x34d9 ./Core/Src/main.o
 .debug_info    0x000048c4      0x143 ./Core/Src/modbus_crc.o
 .debug_info    0x00004a07      0xe94 ./Core/Src/rs485_driver.o
 .debug_info    0x0000589b     0x23ee ./Core/Src/stm32h7xx_hal_msp.o
 .debug_info    0x00007c89     0x11dd ./Core/Src/stm32h7xx_it.o
 .debug_info    0x00008e66      0xb2e ./Core/Src/system_stm32h7xx.o
 .debug_info    0x00009994       0x30 ./Core/Startup/startup_stm32h723zgtx.o
 .debug_info    0x000099c4     0x1698 ./Drivers/STM32H7xx_HAL_Driver/Src/stm32h7xx_hal.o
 .debug_info    0x0000b05c     0x245f ./Drivers/STM32H7xx_HAL_Driver/Src/stm32h7xx_hal_adc.o
 .debug_info    0x0000d4bb     0x2432 ./Drivers/STM32H7xx_HAL_Driver/Src/stm32h7xx_hal_adc_ex.o
 .debug_info    0x0000f8ed     0x10a0 ./Drivers/STM32H7xx_HAL_Driver/Src/stm32h7xx_hal_cortex.o
 .debug_info    0x0001098d      0xb67 ./Drivers/STM32H7xx_HAL_Driver/Src/stm32h7xx_hal_dma.o
 .debug_info    0x000114f4      0xc5c ./Drivers/STM32H7xx_HAL_Driver/Src/stm32h7xx_hal_gpio.o
 .debug_info    0x00012150      0xdc4 ./Drivers/STM32H7xx_HAL_Driver/Src/stm32h7xx_hal_pwr_ex.o
 .debug_info    0x00012f14      0xd73 ./Drivers/STM32H7xx_HAL_Driver/Src/stm32h7xx_hal_rcc.o
 .debug_info    0x00013c87     0x11fc ./Drivers/STM32H7xx_HAL_Driver/Src/stm32h7xx_hal_rcc_ex.o
 .debug_info    0x00014e83     0x1440 ./Drivers/STM32H7xx_HAL_Driver/Src/stm32h7xx_hal_spi.o
 .debug_info    0x000162c3     0x2bae ./Drivers/STM32H7xx_HAL_Driver/Src/stm32h7xx_hal_tim.o
 .debug_info    0x00018e71     0x18c1 ./Drivers/STM32H7xx_HAL_Driver/Src/stm32h7xx_hal_tim_ex.o
 .debug_info    0x0001a732     0x4b13 ./Drivers/STM32H7xx_HAL_Driver/Src/stm32h7xx_hal_uart.o
 .debug_info    0x0001f245      0xfbf ./Drivers/STM32H7xx_HAL_Driver/Src/stm32h7xx_hal_uart_ex.o

.debug_abbrev   0x00000000     0x348b
 .debug_abbrev  0x00000000      0x273 ./Core/Src/LoRa.o
 .debug_abbrev  0x00000273       0xe6 ./Core/Src/line_sensor.o
 .debug_abbrev  0x00000359      0x327 ./Core/Src/main.o
 .debug_abbrev  0x00000680       0xaf ./Core/Src/modbus_crc.o
 .debug_abbrev  0x0000072f      0x1d7 ./Core/Src/rs485_driver.o
 .debug_abbrev  0x00000906      0x279 ./Core/Src/stm32h7xx_hal_msp.o
 .debug_abbrev  0x00000b7f      0x1c7 ./Core/Src/stm32h7xx_it.o
 .debug_abbrev  0x00000d46      0x13a ./Core/Src/system_stm32h7xx.o
 .debug_abbrev  0x00000e80       0x24 ./Core/Startup/startup_stm32h723zgtx.o
 .debug_abbrev  0x00000ea4      0x29e ./Drivers/STM32H7xx_HAL_Driver/Src/stm32h7xx_hal.o
 .debug_abbrev  0x00001142      0x309 ./Drivers/STM32H7xx_HAL_Driver/Src/stm32h7xx_hal_adc.o
 .debug_abbrev  0x0000144b      0x346 ./Drivers/STM32H7xx_HAL_Driver/Src/stm32h7xx_hal_adc_ex.o
 .debug_abbrev  0x00001791      0x339 ./Drivers/STM32H7xx_HAL_Driver/Src/stm32h7xx_hal_cortex.o
 .debug_abbrev  0x00001aca      0x248 ./Drivers/STM32H7xx_HAL_Driver/Src/stm32h7xx_hal_dma.o
 .debug_abbrev  0x00001d12      0x1fe ./Drivers/STM32H7xx_HAL_Driver/Src/stm32h7xx_hal_gpio.o
 .debug_abbrev  0x00001f10      0x295 ./Drivers/STM32H7xx_HAL_Driver/Src/stm32h7xx_hal_pwr_ex.o
 .debug_abbrev  0x000021a5      0x2b1 ./Drivers/STM32H7xx_HAL_Driver/Src/stm32h7xx_hal_rcc.o
 .debug_abbrev  0x00002456      0x269 ./Drivers/STM32H7xx_HAL_Driver/Src/stm32h7xx_hal_rcc_ex.o
 .debug_abbrev  0x000026bf      0x2b1 ./Drivers/STM32H7xx_HAL_Driver/Src/stm32h7xx_hal_spi.o
 .debug_abbrev  0x00002970      0x276 ./Drivers/STM32H7xx_HAL_Driver/Src/stm32h7xx_hal_tim.o
 .debug_abbrev  0x00002be6      0x296 ./Drivers/STM32H7xx_HAL_Driver/Src/stm32h7xx_hal_tim_ex.o
 .debug_abbrev  0x00002e7c      0x33d ./Drivers/STM32H7xx_HAL_Driver/Src/stm32h7xx_hal_uart.o
 .debug_abbrev  0x000031b9      0x2d2 ./Drivers/STM32H7xx_HAL_Driver/Src/stm32h7xx_hal_uart_ex.o

.debug_aranges  0x00000000     0x18f0
 .debug_aranges
                0x00000000       0xc8 ./Core/Src/LoRa.o
 .debug_aranges
                0x000000c8       0x28 ./Core/Src/line_sensor.o
 .debug_aranges
                0x000000f0       0xe8 ./Core/Src/main.o
 .debug_aranges
                0x000001d8       0x20 ./Core/Src/modbus_crc.o
 .debug_aranges
                0x000001f8       0x48 ./Core/Src/rs485_driver.o
 .debug_aranges
                0x00000240       0x78 ./Core/Src/stm32h7xx_hal_msp.o
 .debug_aranges
                0x000002b8       0xd0 ./Core/Src/stm32h7xx_it.o
 .debug_aranges
                0x00000388       0x28 ./Core/Src/system_stm32h7xx.o
 .debug_aranges
                0x000003b0       0x28 ./Core/Startup/startup_stm32h723zgtx.o
 .debug_aranges
                0x000003d8      0x1c8 ./Drivers/STM32H7xx_HAL_Driver/Src/stm32h7xx_hal.o
 .debug_aranges
                0x000005a0      0x260 ./Drivers/STM32H7xx_HAL_Driver/Src/stm32h7xx_hal_adc.o
 .debug_aranges
                0x00000800      0x1f0 ./Drivers/STM32H7xx_HAL_Driver/Src/stm32h7xx_hal_adc_ex.o
 .debug_aranges
                0x000009f0      0x130 ./Drivers/STM32H7xx_HAL_Driver/Src/stm32h7xx_hal_cortex.o
 .debug_aranges
                0x00000b20       0xa0 ./Drivers/STM32H7xx_HAL_Driver/Src/stm32h7xx_hal_dma.o
 .debug_aranges
                0x00000bc0       0x58 ./Drivers/STM32H7xx_HAL_Driver/Src/stm32h7xx_hal_gpio.o
 .debug_aranges
                0x00000c18      0x148 ./Drivers/STM32H7xx_HAL_Driver/Src/stm32h7xx_hal_pwr_ex.o
 .debug_aranges
                0x00000d60       0x88 ./Drivers/STM32H7xx_HAL_Driver/Src/stm32h7xx_hal_rcc.o
 .debug_aranges
                0x00000de8       0xf8 ./Drivers/STM32H7xx_HAL_Driver/Src/stm32h7xx_hal_rcc_ex.o
 .debug_aranges
                0x00000ee0      0x1a8 ./Drivers/STM32H7xx_HAL_Driver/Src/stm32h7xx_hal_spi.o
 .debug_aranges
                0x00001088      0x3e0 ./Drivers/STM32H7xx_HAL_Driver/Src/stm32h7xx_hal_tim.o
 .debug_aranges
                0x00001468      0x198 ./Drivers/STM32H7xx_HAL_Driver/Src/stm32h7xx_hal_tim_ex.o
 .debug_aranges
                0x00001600      0x248 ./Drivers/STM32H7xx_HAL_Driver/Src/stm32h7xx_hal_uart.o
 .debug_aranges
                0x00001848       0xa8 ./Drivers/STM32H7xx_HAL_Driver/Src/stm32h7xx_hal_uart_ex.o

.debug_rnglists
                0x00000000     0x1377
 .debug_rnglists
                0x00000000       0x96 ./Core/Src/LoRa.o
 .debug_rnglists
                0x00000096       0x1b ./Core/Src/line_sensor.o
 .debug_rnglists
                0x000000b1       0xba ./Core/Src/main.o
 .debug_rnglists
                0x0000016b       0x13 ./Core/Src/modbus_crc.o
 .debug_rnglists
                0x0000017e       0x34 ./Core/Src/rs485_driver.o
 .debug_rnglists
                0x000001b2       0x5a ./Core/Src/stm32h7xx_hal_msp.o
 .debug_rnglists
                0x0000020c       0x97 ./Core/Src/stm32h7xx_it.o
 .debug_rnglists
                0x000002a3       0x1b ./Core/Src/system_stm32h7xx.o
 .debug_rnglists
                0x000002be       0x19 ./Core/Startup/startup_stm32h723zgtx.o
 .debug_rnglists
                0x000002d7      0x155 ./Drivers/STM32H7xx_HAL_Driver/Src/stm32h7xx_hal.o
 .debug_rnglists
                0x0000042c      0x1d5 ./Drivers/STM32H7xx_HAL_Driver/Src/stm32h7xx_hal_adc.o
 .debug_rnglists
                0x00000601      0x182 ./Drivers/STM32H7xx_HAL_Driver/Src/stm32h7xx_hal_adc_ex.o
 .debug_rnglists
                0x00000783       0xe0 ./Drivers/STM32H7xx_HAL_Driver/Src/stm32h7xx_hal_cortex.o
 .debug_rnglists
                0x00000863       0x82 ./Drivers/STM32H7xx_HAL_Driver/Src/stm32h7xx_hal_dma.o
 .debug_rnglists
                0x000008e5       0x3f ./Drivers/STM32H7xx_HAL_Driver/Src/stm32h7xx_hal_gpio.o
 .debug_rnglists
                0x00000924       0xf5 ./Drivers/STM32H7xx_HAL_Driver/Src/stm32h7xx_hal_pwr_ex.o
 .debug_rnglists
                0x00000a19       0x68 ./Drivers/STM32H7xx_HAL_Driver/Src/stm32h7xx_hal_rcc.o
 .debug_rnglists
                0x00000a81       0xc0 ./Drivers/STM32H7xx_HAL_Driver/Src/stm32h7xx_hal_rcc_ex.o
 .debug_rnglists
                0x00000b41      0x148 ./Drivers/STM32H7xx_HAL_Driver/Src/stm32h7xx_hal_spi.o
 .debug_rnglists
                0x00000c89      0x328 ./Drivers/STM32H7xx_HAL_Driver/Src/stm32h7xx_hal_tim.o
 .debug_rnglists
                0x00000fb1      0x14d ./Drivers/STM32H7xx_HAL_Driver/Src/stm32h7xx_hal_tim_ex.o
 .debug_rnglists
                0x000010fe      0x1fa ./Drivers/STM32H7xx_HAL_Driver/Src/stm32h7xx_hal_uart.o
 .debug_rnglists
                0x000012f8       0x7f ./Drivers/STM32H7xx_HAL_Driver/Src/stm32h7xx_hal_uart_ex.o

.debug_macro    0x00000000    0x3632f
 .debug_macro   0x00000000      0x2fd ./Core/Src/LoRa.o
 .debug_macro   0x000002fd      0xacc ./Core/Src/LoRa.o
 .debug_macro   0x00000dc9      0x244 ./Core/Src/LoRa.o
 .debug_macro   0x0000100d       0x2e ./Core/Src/LoRa.o
 .debug_macro   0x0000103b       0x3b ./Core/Src/LoRa.o
 .debug_macro   0x00001076       0x22 ./Core/Src/LoRa.o
 .debug_macro   0x00001098       0x8e ./Core/Src/LoRa.o
 .debug_macro   0x00001126       0x51 ./Core/Src/LoRa.o
 .debug_macro   0x00001177      0x103 ./Core/Src/LoRa.o
 .debug_macro   0x0000127a       0x6a ./Core/Src/LoRa.o
 .debug_macro   0x000012e4      0x1df ./Core/Src/LoRa.o
 .debug_macro   0x000014c3       0x1c ./Core/Src/LoRa.o
 .debug_macro   0x000014df       0x22 ./Core/Src/LoRa.o
 .debug_macro   0x00001501       0xfb ./Core/Src/LoRa.o
 .debug_macro   0x000015fc     0x1305 ./Core/Src/LoRa.o
 .debug_macro   0x00002901      0x11f ./Core/Src/LoRa.o
 .debug_macro   0x00002a20       0x27 ./Core/Src/LoRa.o
 .debug_macro   0x00002a47    0x2127f ./Core/Src/LoRa.o
 .debug_macro   0x00023cc6       0x6d ./Core/Src/LoRa.o
 .debug_macro   0x00023d33     0x3d64 ./Core/Src/LoRa.o
 .debug_macro   0x00027a97      0x189 ./Core/Src/LoRa.o
 .debug_macro   0x00027c20       0x61 ./Core/Src/LoRa.o
 .debug_macro   0x00027c81       0x29 ./Core/Src/LoRa.o
 .debug_macro   0x00027caa       0x43 ./Core/Src/LoRa.o
 .debug_macro   0x00027ced       0x34 ./Core/Src/LoRa.o
 .debug_macro   0x00027d21       0x16 ./Core/Src/LoRa.o
 .debug_macro   0x00027d37       0x43 ./Core/Src/LoRa.o
 .debug_macro   0x00027d7a       0x34 ./Core/Src/LoRa.o
 .debug_macro   0x00027dae       0x10 ./Core/Src/LoRa.o
 .debug_macro   0x00027dbe       0x58 ./Core/Src/LoRa.o
 .debug_macro   0x00027e16       0x8e ./Core/Src/LoRa.o
 .debug_macro   0x00027ea4       0x1c ./Core/Src/LoRa.o
 .debug_macro   0x00027ec0      0x177 ./Core/Src/LoRa.o
 .debug_macro   0x00028037      0x369 ./Core/Src/LoRa.o
 .debug_macro   0x000283a0      0x19b ./Core/Src/LoRa.o
 .debug_macro   0x0002853b       0x5d ./Core/Src/LoRa.o
 .debug_macro   0x00028598     0x2462 ./Core/Src/LoRa.o
 .debug_macro   0x0002a9fa     0x1079 ./Core/Src/LoRa.o
 .debug_macro   0x0002ba73      0x154 ./Core/Src/LoRa.o
 .debug_macro   0x0002bbc7      0x114 ./Core/Src/LoRa.o
 .debug_macro   0x0002bcdb      0x3fc ./Core/Src/LoRa.o
 .debug_macro   0x0002c0d7       0xac ./Core/Src/LoRa.o
 .debug_macro   0x0002c183      0x788 ./Core/Src/LoRa.o
 .debug_macro   0x0002c90b      0x228 ./Core/Src/LoRa.o
 .debug_macro   0x0002cb33       0x66 ./Core/Src/LoRa.o
 .debug_macro   0x0002cb99      0x3a6 ./Core/Src/LoRa.o
 .debug_macro   0x0002cf3f      0x3f9 ./Core/Src/LoRa.o
 .debug_macro   0x0002d338      0x275 ./Core/Src/LoRa.o
 .debug_macro   0x0002d5ad     0x1178 ./Core/Src/LoRa.o
 .debug_macro   0x0002e725      0x7c8 ./Core/Src/LoRa.o
 .debug_macro   0x0002eeed      0x39f ./Core/Src/LoRa.o
 .debug_macro   0x0002f28c      0x3ca ./Core/Src/LoRa.o
 .debug_macro   0x0002f656      0x45c ./Core/Src/LoRa.o
 .debug_macro   0x0002fab2       0x3c ./Core/Src/LoRa.o
 .debug_macro   0x0002faee       0x4a ./Core/Src/LoRa.o
 .debug_macro   0x0002fb38      0x22c ./Core/Src/LoRa.o
 .debug_macro   0x0002fd64       0x67 ./Core/Src/LoRa.o
 .debug_macro   0x0002fdcb       0xa5 ./Core/Src/LoRa.o
 .debug_macro   0x0002fe70      0x1c4 ./Core/Src/LoRa.o
 .debug_macro   0x00030034      0x22a ./Core/Src/LoRa.o
 .debug_macro   0x0003025e       0x35 ./Core/Src/LoRa.o
 .debug_macro   0x00030293      0x5e4 ./Core/Src/LoRa.o
 .debug_macro   0x00030877       0xc1 ./Core/Src/LoRa.o
 .debug_macro   0x00030938      0xb24 ./Core/Src/LoRa.o
 .debug_macro   0x0003145c      0x29f ./Core/Src/LoRa.o
 .debug_macro   0x000316fb      0x693 ./Core/Src/LoRa.o
 .debug_macro   0x00031d8e       0xa6 ./Core/Src/LoRa.o
 .debug_macro   0x00031e34      0x5e6 ./Core/Src/LoRa.o
 .debug_macro   0x0003241a       0xfa ./Core/Src/LoRa.o
 .debug_macro   0x00032514      0x172 ./Core/Src/LoRa.o
 .debug_macro   0x00032686      0x2fe ./Core/Src/line_sensor.o
 .debug_macro   0x00032984      0x366 ./Core/Src/main.o
 .debug_macro   0x00032cea       0x63 ./Core/Src/modbus_crc.o
 .debug_macro   0x00032d4d      0x308 ./Core/Src/rs485_driver.o
 .debug_macro   0x00033055      0x2f4 ./Core/Src/stm32h7xx_hal_msp.o
 .debug_macro   0x00033349      0x2fe ./Core/Src/stm32h7xx_it.o
 .debug_macro   0x00033647      0x2e5 ./Core/Src/system_stm32h7xx.o
 .debug_macro   0x0003392c      0x30f ./Drivers/STM32H7xx_HAL_Driver/Src/stm32h7xx_hal.o
 .debug_macro   0x00033c3b      0x310 ./Drivers/STM32H7xx_HAL_Driver/Src/stm32h7xx_hal_adc.o
 .debug_macro   0x00033f4b      0x2f1 ./Drivers/STM32H7xx_HAL_Driver/Src/stm32h7xx_hal_adc_ex.o
 .debug_macro   0x0003423c      0x2e5 ./Drivers/STM32H7xx_HAL_Driver/Src/stm32h7xx_hal_cortex.o
 .debug_macro   0x00034521      0x339 ./Drivers/STM32H7xx_HAL_Driver/Src/stm32h7xx_hal_dma.o
 .debug_macro   0x0003485a      0x2ec ./Drivers/STM32H7xx_HAL_Driver/Src/stm32h7xx_hal_gpio.o
 .debug_macro   0x00034b46      0x31e ./Drivers/STM32H7xx_HAL_Driver/Src/stm32h7xx_hal_pwr_ex.o
 .debug_macro   0x00034e64      0x309 ./Drivers/STM32H7xx_HAL_Driver/Src/stm32h7xx_hal_rcc.o
 .debug_macro   0x0003516d      0x303 ./Drivers/STM32H7xx_HAL_Driver/Src/stm32h7xx_hal_rcc_ex.o
 .debug_macro   0x00035470      0x2ed ./Drivers/STM32H7xx_HAL_Driver/Src/stm32h7xx_hal_spi.o
 .debug_macro   0x0003575d      0x2e6 ./Drivers/STM32H7xx_HAL_Driver/Src/stm32h7xx_hal_tim.o
 .debug_macro   0x00035a43      0x2eb ./Drivers/STM32H7xx_HAL_Driver/Src/stm32h7xx_hal_tim_ex.o
 .debug_macro   0x00035d2e      0x310 ./Drivers/STM32H7xx_HAL_Driver/Src/stm32h7xx_hal_uart.o
 .debug_macro   0x0003603e      0x2f1 ./Drivers/STM32H7xx_HAL_Driver/Src/stm32h7xx_hal_uart_ex.o

.debug_line     0x00000000    0x22944
 .debug_line    0x00000000      0xee1 ./Core/Src/LoRa.o
 .debug_line    0x00000ee1      0xbdc ./Core/Src/line_sensor.o
 .debug_line    0x00001abd     0x1561 ./Core/Src/main.o
 .debug_line    0x0000301e      0x433 ./Core/Src/modbus_crc.o
 .debug_line    0x00003451      0xb80 ./Core/Src/rs485_driver.o
 .debug_line    0x00003fd1      0xd23 ./Core/Src/stm32h7xx_hal_msp.o
 .debug_line    0x00004cf4      0xc5e ./Core/Src/stm32h7xx_it.o
 .debug_line    0x00005952      0xbfc ./Core/Src/system_stm32h7xx.o
 .debug_line    0x0000654e       0x7a ./Core/Startup/startup_stm32h723zgtx.o
 .debug_line    0x000065c8     0x108d ./Drivers/STM32H7xx_HAL_Driver/Src/stm32h7xx_hal.o
 .debug_line    0x00007655     0x2948 ./Drivers/STM32H7xx_HAL_Driver/Src/stm32h7xx_hal_adc.o
 .debug_line    0x00009f9d     0x241e ./Drivers/STM32H7xx_HAL_Driver/Src/stm32h7xx_hal_adc_ex.o
 .debug_line    0x0000c3bb     0x102b ./Drivers/STM32H7xx_HAL_Driver/Src/stm32h7xx_hal_cortex.o
 .debug_line    0x0000d3e6     0x2962 ./Drivers/STM32H7xx_HAL_Driver/Src/stm32h7xx_hal_dma.o
 .debug_line    0x0000fd48      0xec0 ./Drivers/STM32H7xx_HAL_Driver/Src/stm32h7xx_hal_gpio.o
 .debug_line    0x00010c08     0x107a ./Drivers/STM32H7xx_HAL_Driver/Src/stm32h7xx_hal_pwr_ex.o
 .debug_line    0x00011c82     0x1523 ./Drivers/STM32H7xx_HAL_Driver/Src/stm32h7xx_hal_rcc.o
 .debug_line    0x000131a5     0x1df2 ./Drivers/STM32H7xx_HAL_Driver/Src/stm32h7xx_hal_rcc_ex.o
 .debug_line    0x00014f97     0x251c ./Drivers/STM32H7xx_HAL_Driver/Src/stm32h7xx_hal_spi.o
 .debug_line    0x000174b3     0x421e ./Drivers/STM32H7xx_HAL_Driver/Src/stm32h7xx_hal_tim.o
 .debug_line    0x0001b6d1     0x20f0 ./Drivers/STM32H7xx_HAL_Driver/Src/stm32h7xx_hal_tim_ex.o
 .debug_line    0x0001d7c1     0x40e9 ./Drivers/STM32H7xx_HAL_Driver/Src/stm32h7xx_hal_uart.o
 .debug_line    0x000218aa     0x109a ./Drivers/STM32H7xx_HAL_Driver/Src/stm32h7xx_hal_uart_ex.o

.debug_str      0x00000000   0x167521
 .debug_str     0x00000000   0x15ec05 ./Core/Src/LoRa.o
                             0x15f345 (size before relaxing)
 .debug_str     0x0015ec05      0x1c5 ./Core/Src/line_sensor.o
                             0x15e7ef (size before relaxing)
 .debug_str     0x0015edca     0x23af ./Core/Src/main.o
                             0x161933 (size before relaxing)
 .debug_str     0x00161179       0x4e ./Core/Src/modbus_crc.o
                               0x3dc4 (size before relaxing)
 .debug_str     0x001611c7       0x6f ./Core/Src/rs485_driver.o
                             0x15f14f (size before relaxing)
 .debug_str     0x00161236      0x178 ./Core/Src/stm32h7xx_hal_msp.o
                             0x16041e (size before relaxing)
 .debug_str     0x001613ae      0x21c ./Core/Src/stm32h7xx_it.o
                             0x15f474 (size before relaxing)
 .debug_str     0x001615ca      0x2a4 ./Core/Src/system_stm32h7xx.o
                             0x15e678 (size before relaxing)
 .debug_str     0x0016186e       0x44 ./Core/Startup/startup_stm32h723zgtx.o
                                 0x7e (size before relaxing)
 .debug_str     0x001618b2      0x986 ./Drivers/STM32H7xx_HAL_Driver/Src/stm32h7xx_hal.o
                             0x15f702 (size before relaxing)
 .debug_str     0x00162238      0xc8d ./Drivers/STM32H7xx_HAL_Driver/Src/stm32h7xx_hal_adc.o
                             0x15f709 (size before relaxing)
 .debug_str     0x00162ec5      0x7d8 ./Drivers/STM32H7xx_HAL_Driver/Src/stm32h7xx_hal_adc_ex.o
                             0x15f629 (size before relaxing)
 .debug_str     0x0016369d      0x364 ./Drivers/STM32H7xx_HAL_Driver/Src/stm32h7xx_hal_cortex.o
                             0x15f01c (size before relaxing)
 .debug_str     0x00163a01      0x883 ./Drivers/STM32H7xx_HAL_Driver/Src/stm32h7xx_hal_dma.o
                             0x15ee2d (size before relaxing)
 .debug_str     0x00164284       0x97 ./Drivers/STM32H7xx_HAL_Driver/Src/stm32h7xx_hal_gpio.o
                             0x15e6c3 (size before relaxing)
 .debug_str     0x0016431b      0x5d0 ./Drivers/STM32H7xx_HAL_Driver/Src/stm32h7xx_hal_pwr_ex.o
                             0x15eacb (size before relaxing)
 .debug_str     0x001648eb      0x21a ./Drivers/STM32H7xx_HAL_Driver/Src/stm32h7xx_hal_rcc.o
                             0x15ea46 (size before relaxing)