Archive member included to satisfy reference by file (symbol)

D:/STM32CUBEIDE/STM32CubeIDE_1.13.2/STM32CubeIDE/plugins/com.st.stm32cube.ide.mcu.externaltools.gnu-tools-for-stm32.12.3.rel1.win32_1.0.200.202406191623/tools/bin/../lib/gcc/arm-none-eabi/12.3.1/../../../../arm-none-eabi/lib/thumb/v7e-m+dp/hard\libc_nano.a(libc_a-exit.o)
                              D:/STM32CUBEIDE/STM32CubeIDE_1.13.2/STM32CubeIDE/plugins/com.st.stm32cube.ide.mcu.externaltools.gnu-tools-for-stm32.12.3.rel1.win32_1.0.200.202406191623/tools/bin/../lib/gcc/arm-none-eabi/12.3.1/../../../../arm-none-eabi/lib/thumb/v7e-m+dp/hard/crt0.o (exit)
D:/STM32CUBEIDE/STM32CubeIDE_1.13.2/STM32CubeIDE/plugins/com.st.stm32cube.ide.mcu.externaltools.gnu-tools-for-stm32.12.3.rel1.win32_1.0.200.202406191623/tools/bin/../lib/gcc/arm-none-eabi/12.3.1/../../../../arm-none-eabi/lib/thumb/v7e-m+dp/hard\libc_nano.a(libc_a-findfp.o)
                              D:/STM32CUBEIDE/STM32CubeIDE_1.13.2/STM32CubeIDE/plugins/com.st.stm32cube.ide.mcu.externaltools.gnu-tools-for-stm32.12.3.rel1.win32_1.0.200.202406191623/tools/bin/../lib/gcc/arm-none-eabi/12.3.1/../../../../arm-none-eabi/lib/thumb/v7e-m+dp/hard\libc_nano.a(libc_a-exit.o) (__stdio_exit_handler)
D:/STM32CUBEIDE/STM32CubeIDE_1.13.2/STM32CubeIDE/plugins/com.st.stm32cube.ide.mcu.externaltools.gnu-tools-for-stm32.12.3.rel1.win32_1.0.200.202406191623/tools/bin/../lib/gcc/arm-none-eabi/12.3.1/../../../../arm-none-eabi/lib/thumb/v7e-m+dp/hard\libc_nano.a(libc_a-fwalk.o)
                              D:/STM32CUBEIDE/STM32CubeIDE_1.13.2/STM32CubeIDE/plugins/com.st.stm32cube.ide.mcu.externaltools.gnu-tools-for-stm32.12.3.rel1.win32_1.0.200.202406191623/tools/bin/../lib/gcc/arm-none-eabi/12.3.1/../../../../arm-none-eabi/lib/thumb/v7e-m+dp/hard\libc_nano.a(libc_a-findfp.o) (_fwalk_sglue)
D:/STM32CUBEIDE/STM32CubeIDE_1.13.2/STM32CubeIDE/plugins/com.st.stm32cube.ide.mcu.externaltools.gnu-tools-for-stm32.12.3.rel1.win32_1.0.200.202406191623/tools/bin/../lib/gcc/arm-none-eabi/12.3.1/../../../../arm-none-eabi/lib/thumb/v7e-m+dp/hard\libc_nano.a(libc_a-stdio.o)
                              D:/STM32CUBEIDE/STM32CubeIDE_1.13.2/STM32CubeIDE/plugins/com.st.stm32cube.ide.mcu.externaltools.gnu-tools-for-stm32.12.3.rel1.win32_1.0.200.202406191623/tools/bin/../lib/gcc/arm-none-eabi/12.3.1/../../../../arm-none-eabi/lib/thumb/v7e-m+dp/hard\libc_nano.a(libc_a-findfp.o) (__sread)
D:/STM32CUBEIDE/STM32CubeIDE_1.13.2/STM32CubeIDE/plugins/com.st.stm32cube.ide.mcu.externaltools.gnu-tools-for-stm32.12.3.rel1.win32_1.0.200.202406191623/tools/bin/../lib/gcc/arm-none-eabi/12.3.1/../../../../arm-none-eabi/lib/thumb/v7e-m+dp/hard\libc_nano.a(libc_a-memset.o)
                              D:/STM32CUBEIDE/STM32CubeIDE_1.13.2/STM32CubeIDE/plugins/com.st.stm32cube.ide.mcu.externaltools.gnu-tools-for-stm32.12.3.rel1.win32_1.0.200.202406191623/tools/bin/../lib/gcc/arm-none-eabi/12.3.1/../../../../arm-none-eabi/lib/thumb/v7e-m+dp/hard/crt0.o (memset)
D:/STM32CUBEIDE/STM32CubeIDE_1.13.2/STM32CubeIDE/plugins/com.st.stm32cube.ide.mcu.externaltools.gnu-tools-for-stm32.12.3.rel1.win32_1.0.200.202406191623/tools/bin/../lib/gcc/arm-none-eabi/12.3.1/../../../../arm-none-eabi/lib/thumb/v7e-m+dp/hard\libc_nano.a(libc_a-closer.o)
                              D:/STM32CUBEIDE/STM32CubeIDE_1.13.2/STM32CubeIDE/plugins/com.st.stm32cube.ide.mcu.externaltools.gnu-tools-for-stm32.12.3.rel1.win32_1.0.200.202406191623/tools/bin/../lib/gcc/arm-none-eabi/12.3.1/../../../../arm-none-eabi/lib/thumb/v7e-m+dp/hard\libc_nano.a(libc_a-stdio.o) (_close_r)
D:/STM32CUBEIDE/STM32CubeIDE_1.13.2/STM32CubeIDE/plugins/com.st.stm32cube.ide.mcu.externaltools.gnu-tools-for-stm32.12.3.rel1.win32_1.0.200.202406191623/tools/bin/../lib/gcc/arm-none-eabi/12.3.1/../../../../arm-none-eabi/lib/thumb/v7e-m+dp/hard\libc_nano.a(libc_a-reent.o)
                              D:/STM32CUBEIDE/STM32CubeIDE_1.13.2/STM32CubeIDE/plugins/com.st.stm32cube.ide.mcu.externaltools.gnu-tools-for-stm32.12.3.rel1.win32_1.0.200.202406191623/tools/bin/../lib/gcc/arm-none-eabi/12.3.1/../../../../arm-none-eabi/lib/thumb/v7e-m+dp/hard\libc_nano.a(libc_a-closer.o) (errno)
D:/STM32CUBEIDE/STM32CubeIDE_1.13.2/STM32CubeIDE/plugins/com.st.stm32cube.ide.mcu.externaltools.gnu-tools-for-stm32.12.3.rel1.win32_1.0.200.202406191623/tools/bin/../lib/gcc/arm-none-eabi/12.3.1/../../../../arm-none-eabi/lib/thumb/v7e-m+dp/hard\libc_nano.a(libc_a-impure.o)
                              D:/STM32CUBEIDE/STM32CubeIDE_1.13.2/STM32CubeIDE/plugins/com.st.stm32cube.ide.mcu.externaltools.gnu-tools-for-stm32.12.3.rel1.win32_1.0.200.202406191623/tools/bin/../lib/gcc/arm-none-eabi/12.3.1/../../../../arm-none-eabi/lib/thumb/v7e-m+dp/hard\libc_nano.a(libc_a-reent.o) (_impure_ptr)
[...]
Memory Configuration

Name             Origin             Length             Attributes
ITCMRAM          0x00000000         0x00010000         xrw
DTCMRAM          0x20000000         0x00020000         xrw
FLASH            0x08000000         0x00100000         xr
RAM_D1           0x24000000         0x00050000         xrw
RAM_D2           0x30000000         0x00008000         xrw
RAM_D3           0x38000000         0x00004000         xrw
*default*        0x00000000         0xffffffff

Linker script and memory map

LOAD D:/STM32CUBEIDE/STM32CubeIDE_1.13.2/STM32CubeIDE/plugins/com.st.stm32cube.ide.mcu.externaltools.gnu-tools-for-stm32.12.3.rel1.win32_1.0.200.202406191623/tools/bin/../lib/gcc/arm-none-eabi/12.3.1/thumb/v7e-m+dp/hard/crti.o
LOAD D:/STM32CUBEIDE/STM32CubeIDE_1.13.2/STM32CubeIDE/plugins/com.st.stm32cube.ide.mcu.externaltools.gnu-tools-for-stm32.12.3.rel1.win32_1.0.200.202406191623/tools/bin/../lib/gcc/arm-none-eabi/12.3.1/thumb/v7e-m+dp/hard/crtbegin.o
LOAD D:/STM32CUBEIDE/STM32CubeIDE_1.13.2/STM32CubeIDE/plugins/com.st.stm32cube.ide.mcu.externaltools.gnu-tools-for-stm32.12.3.rel1.win32_1.0.200.202406191623/tools/bin/../lib/gcc/arm-none-eabi/12.3.1/../../../../arm-none-eabi/lib/thumb/v7e-m+dp/hard/crt0.o
LOAD ./Core/Src/LoRa.o
LOAD ./Core/Src/line_sensor.o
LOAD ./Core/Src/main.o
LOAD ./Core/Src/modbus_crc.o
LOAD ./Core/Src/stm32h7xx_hal_msp.o
LOAD ./Core/Src/stm32h7xx_it.o
LOAD ./Core/Src/syscalls.o
LOAD ./Core/Src/sysmem.o
LOAD ./Core/Src/system_stm32h7xx.o
LOAD ./Core/Startup/startup_stm32h723zgtx.o
LOAD ./Drivers/STM32H7xx_HAL_Driver/Src/stm32h7xx_hal.o
LOAD ./Drivers/STM32H7xx_HAL_Driver/Src/stm32h7xx_hal_adc.o
LOAD ./Drivers/STM32H7xx_HAL_Driver/Src/stm32h7xx_hal_adc_ex.o
LOAD ./Drivers/STM32H7xx_HAL_Driver/Src/stm32h7xx_hal_cortex.o
LOAD ./Drivers/STM32H7xx_HAL_Driver/Src/stm32h7xx_hal_dma.o
LOAD ./Drivers/STM32H7xx_HAL_Driver/Src/stm32h7xx_hal_dma_ex.o
LOAD ./Drivers/STM32H7xx_HAL_Driver/Src/stm32h7xx_hal_exti.o
LOAD ./Drivers/STM32H7xx_HAL_Driver/Src/stm32h7xx_hal_flash.o
LOAD ./Drivers/STM32H7xx_HAL_Driver/Src/stm32h7xx_hal_flash_ex.o
LOAD ./Drivers/STM32H7xx_HAL_Driver/Src/stm32h7xx_hal_gpio.o
LOAD ./Drivers/STM32H7xx_HAL_Driver/Src/stm32h7xx_hal_hsem.o
LOAD ./Drivers/STM32H7xx_HAL_Driver/Src/stm32h7xx_hal_i2c.o
LOAD ./Drivers/STM32H7xx_HAL_Driver/Src/stm32h7xx_hal_i2c_ex.o
LOAD ./Drivers/STM32H7xx_HAL_Driver/Src/stm32h7xx_hal_mdma.o
LOAD ./Drivers/STM32H7xx_HAL_Driver/Src/stm32h7xx_hal_pwr.o
LOAD ./Drivers/STM32H7xx_HAL_Driver/Src/stm32h7xx_hal_pwr_ex.o
LOAD ./Drivers/STM32H7xx_HAL_Driver/Src/stm32h7xx_hal_rcc.o
LOAD ./Drivers/STM32H7xx_HAL_Driver/Src/stm32h7xx_hal_rcc_ex.o
LOAD ./Drivers/STM32H7xx_HAL_Driver/Src/stm32h7xx_hal_spi.o
LOAD ./Drivers/STM32H7xx_HAL_Driver/Src/stm32h7xx_hal_spi_ex.o
LOAD ./Drivers/STM32H7xx_HAL_Driver/Src/stm32h7xx_hal_tim.o
LOAD ./Drivers/STM32H7xx_HAL_Driver/Src/stm32h7xx_hal_tim_ex.o
LOAD ./Drivers/STM32H7xx_HAL_Driver/Src/stm32h7xx_hal_uart.o
LOAD ./Drivers/STM32H7xx_HAL_Driver/Src/stm32h7xx_hal_uart_ex.o
START GROUP
LOAD D:/STM32CUBEIDE/STM32CubeIDE_1.13.2/STM32CubeIDE/plugins/com.st.stm32cube.ide.mcu.externaltools.gnu-tools-for-stm32.12.3.rel1.win32_1.0.200.202406191623/tools/bin/../lib/gcc/arm-none-eabi/12.3.1/../../../../arm-none-eabi/lib/thumb/v7e-m+dp/hard\libc_nano.a
LOAD D:/STM32CUBEIDE/STM32CubeIDE_1.13.2/STM32CubeIDE/plugins/com.st.stm32cube.ide.mcu.externaltools.gnu-tools-for-stm32.12.3.rel1.win32_1.0.200.202406191623/tools/bin/../lib/gcc/arm-none-eabi/12.3.1/../../../../arm-none-eabi/lib/thumb/v7e-m+dp/hard\libm.a
END GROUP
START GROUP
LOAD D:/STM32CUBEIDE/STM32CubeIDE_1.13.2/STM32CubeIDE/plugins/com.st.stm32cube.ide.mcu.externaltools.gnu-tools-for-stm32.12.3.rel1.win32_1.0.200.202406191623/tools/bin/../lib/gcc/arm-none-eabi/12.3.1/thumb/v7e-m+dp/hard\libgcc.a
LOAD D:/STM32CUBEIDE/STM32CubeIDE_1.13.2/STM32CubeIDE/plugins/com.st.stm32cube.ide.mcu.externaltools.gnu-tools-for-stm32.12.3.rel1.win32_1.0.200.202406191623/tools/bin/../lib/gcc/arm-none-eabi/12.3.1/../../../../arm-none-eabi/lib/thumb/v7e-m+dp/hard\libc_nano.a
END GROUP
START GROUP
LOAD D:/STM32CUBEIDE/STM32CubeIDE_1.13.2/STM32CubeIDE/plugins/com.st.stm32cube.ide.mcu.externaltools.gnu-tools-for-stm32.12.3.rel1.win32_1.0.200.202406191623/tools/bin/../lib/gcc/arm-none-eabi/12.3.1/thumb/v7e-m+dp/hard\libgcc.a
LOAD D:/STM32CUBEIDE/STM32CubeIDE_1.13.2/STM32CubeIDE/plugins/com.st.stm32cube.ide.mcu.externaltools.gnu-tools-for-stm32.12.3.rel1.win32_1.0.200.202406191623/tools/bin/../lib/gcc/arm-none-eabi/12.3.1/../../../../arm-none-eabi/lib/thumb/v7e-m+dp/hard\libc_nano.a
LOAD D:/STM32CUBEIDE/STM32CubeIDE_1.13.2/STM32CubeIDE/plugins/com.st.stm32cube.ide.mcu.externaltools.gnu-tools-for-stm32.12.3.rel1.win32_1.0.200.202406191623/tools/bin/../lib/gcc/arm-none-eabi/12.3.1/../../../../arm-none-eabi/lib/thumb/v7e-m+dp/hard\libnosys.a
END GROUP
START GROUP
LOAD D:/STM32CUBEIDE/STM32CubeIDE_1.13.2/STM32CubeIDE/plugins/com.st.stm32cube.ide.mcu.externaltools.gnu-tools-for-stm32.12.3.rel1.win32_1.0.200.202406191623/tools/bin/../lib/gcc/arm-none-eabi/12.3.1/thumb/v7e-m+dp/hard\libgcc.a
LOAD D:/STM32CUBEIDE/STM32CubeIDE_1.13.2/STM32CubeIDE/plugins/com.st.stm32cube.ide.mcu.externaltools.gnu-tools-for-stm32.12.3.rel1.win32_1.0.200.202406191623/tools/bin/../lib/gcc/arm-none-eabi/12.3.1/../../../../arm-none-eabi/lib/thumb/v7e-m+dp/hard\libc_nano.a
LOAD D:/STM32CUBEIDE/STM32CubeIDE_1.13.2/STM32CubeIDE/plugins/com.st.stm32cube.ide.mcu.externaltools.gnu-tools-for-stm32.12.3.rel1.win32_1.0.200.202406191623/tools/bin/../lib/gcc/arm-none-eabi/12.3.1/../../../../arm-none-eabi/lib/thumb/v7e-m+dp/hard\libnosys.a
END GROUP
LOAD D:/STM32CUBEIDE/STM32CubeIDE_1.13.2/STM32CubeIDE/plugins/com.st.stm32cube.ide.mcu.externaltools.gnu-tools-for-stm32.12.3.rel1.win32_1.0.200.202406191623/tools/bin/../lib/gcc/arm-none-eabi/12.3.1/thumb/v7e-m+dp/hard/crtend.o
LOAD D:/STM32CUBEIDE/STM32CubeIDE_1.13.2/STM32CubeIDE/plugins/com.st.stm32cube.ide.mcu.externaltools.gnu-tools-for-stm32.12.3.rel1.win32_1.0.200.202406191623/tools/bin/../lib/gcc/arm-none-eabi/12.3.1/thumb/v7e-m+dp/hard/crtn.o
                0x24050000                        _estack = (ORIGIN (RAM_D1) + LENGTH (RAM_D1))
                0x00000200                        _Min_Heap_Size = 0x200
                0x00000400                        _Min_Stack_Size = 0x400

.isr_vector     0x08000000      0x2cc
                0x08000000                        . = ALIGN (0x4)
 *(.isr_vector)
 .isr_vector    0x08000000      0x2cc ./Core/Startup/startup_stm32h723zgtx.o
                0x08000000                g_pfnVectors
                0x080002cc                        . = ALIGN (0x4)

.text           0x080002cc     0xf6ec
                0x080002cc                        . = ALIGN (0x4)
 *(.text)
 .text          0x080002cc       0x40 D:/STM32CUBEIDE/STM32CubeIDE_1.13.2/STM32CubeIDE/plugins/com.st.stm32cube.ide.mcu.externaltools.gnu-tools-for-stm32.12.3.rel1.win32_1.0.200.202406191623/tools/bin/../lib/gcc/arm-none-eabi/12.3.1/thumb/v7e-m+dp/hard/crtbegin.o
 .text          0x0800030c       0x30 D:/STM32CUBEIDE/STM32CubeIDE_1.13.2/STM32CubeIDE/plugins/com.st.stm32cube.ide.mcu.externaltools.gnu-tools-for-stm32.12.3.rel1.win32_1.0.200.202406191623/tools/bin/../lib/gcc/arm-none-eabi/12.3.1/thumb/v7e-m+dp/hard\libgcc.a(_aeabi_uldivmod.o)
                0x0800030c                __aeabi_uldivmod
 .text          0x0800033c      0x2bc D:/STM32CUBEIDE/STM32CubeIDE_1.13.2/STM32CubeIDE/plugins/com.st.stm32cube.ide.mcu.externaltools.gnu-tools-for-stm32.12.3.rel1.win32_1.0.200.202406191623/tools/bin/../lib/gcc/arm-none-eabi/12.3.1/thumb/v7e-m+dp/hard\libgcc.a(_udivmoddi4.o)
                0x0800033c                __udivmoddi4
 .text          0x080005f8        0x4 D:/STM32CUBEIDE/STM32CubeIDE_1.13.2/STM32CubeIDE/plugins/com.st.stm32cube.ide.mcu.externaltools.gnu-tools-for-stm32.12.3.rel1.win32_1.0.200.202406191623/tools/bin/../lib/gcc/arm-none-eabi/12.3.1/thumb/v7e-m+dp/hard\libgcc.a(_dvmd_tls.o)
                0x080005f8                __aeabi_idiv0
                0x080005f8                __aeabi_ldiv0
 *(.text*)
 .text.newLoRa  0x080005fc       0x52 ./Core/Src/LoRa.o
                0x080005fc                newLoRa
 .text.LoRa_gotoMode
                0x0800064e       0xc2 ./Core/Src/LoRa.o
                0x0800064e                LoRa_gotoMode
 .text.LoRa_readReg
                0x08000710       0x7c ./Core/Src/LoRa.o
                0x08000710                LoRa_readReg
 .text.LoRa_writeReg
                0x0800078c       0x7c ./Core/Src/LoRa.o
                0x0800078c                LoRa_writeReg
 .text.LoRa_setLowDaraRateOptimization
                0x08000808       0x4a ./Core/Src/LoRa.o
                0x08000808                LoRa_setLowDaraRateOptimization
 *fill*         0x08000852        0x2 
 .text.LoRa_setAutoLDO
                0x08000854       0x68 ./Core/Src/LoRa.o
                0x08000854                LoRa_setAutoLDO
 .text.LoRa_setFrequency
                0x080008bc       0x60 ./Core/Src/LoRa.o
                0x080008bc                LoRa_setFrequency
 .text.LoRa_setSpreadingFactor
                0x0800091c       0x64 ./Core/Src/LoRa.o
                0x0800091c                LoRa_setSpreadingFactor
 .text.LoRa_setPower
                0x08000980       0x26 ./Core/Src/LoRa.o
                0x08000980                LoRa_setPower
 *fill*         0x080009a6        0x2 
 .text.LoRa_setOCP
                0x080009a8       0x7c ./Core/Src/LoRa.o
                0x080009a8                LoRa_setOCP
 .text.LoRa_setTOMsb_setCRCon
                0x08000a24       0x36 ./Core/Src/LoRa.o
                0x08000a24                LoRa_setTOMsb_setCRCon
 .text.LoRa_read
                0x08000a5a       0x34 ./Core/Src/LoRa.o
                0x08000a5a                LoRa_read
 .text.LoRa_write
                0x08000a8e       0x3a ./Core/Src/LoRa.o
                0x08000a8e                LoRa_write
 .text.LoRa_isvalid
                0x08000ac8       0x16 ./Core/Src/LoRa.o
                0x08000ac8                LoRa_isvalid
 .text.LoRa_startReceiving
                0x08000ade       0x18 ./Core/Src/LoRa.o
                0x08000ade                LoRa_startReceiving
 .text.LoRa_receive
                0x08000af6       0xc0 ./Core/Src/LoRa.o
                0x08000af6                LoRa_receive
 .text.LoRa_init
                0x08000bb6      0x14e ./Core/Src/LoRa.o
                0x08000bb6                LoRa_init
 .text.ir_array_init
                0x08000d04       0xca ./Core/Src/line_sensor.o
                0x08000d04                ir_array_init
 .text.Line_Sensor_Calculation
                0x08000dce      0x1a4 ./Core/Src/line_sensor.o
                0x08000dce                Line_Sensor_Calculation
 *fill*         0x08000f72        0x2 
 .text.HAL_GPIO_EXTI_Callback
                0x08000f74       0x8c ./Core/Src/main.o
                0x08000f74                HAL_GPIO_EXTI_Callback
 .text.HAL_UARTEx_RxEventCallback
                0x08001000       0x8c ./Core/Src/main.o
                0x08001000                HAL_UARTEx_RxEventCallback
 .text.rs485_send_data
                0x0800108c       0xac ./Core/Src/main.o
                0x0800108c                rs485_send_data
 .text.motor_enable_velocity_mode
                0x08001138       0xac ./Core/Src/main.o
                0x08001138                motor_enable_velocity_mode
 .text.main     0x080011e4      0x2d4 ./Core/Src/main.o
                0x080011e4                main
 .text.SystemClock_Config
                0x080014b8       0xe4 ./Core/Src/main.o
                0x080014b8                SystemClock_Config
 .text.PeriphCommonClock_Config
                0x0800159c       0x68 ./Core/Src/main.o
                0x0800159c                PeriphCommonClock_Config
 .text.MX_ADC1_Init
                0x08001604      0x224 ./Core/Src/main.o
 .text.MX_ADC3_Init
                0x08001828      0x20c ./Core/Src/main.o
 .text.MX_SPI1_Init
                0x08001a34       0xac ./Core/Src/main.o
 .text.MX_TIM2_Init
                0x08001ae0       0xc8 ./Core/Src/main.o
 .text.MX_USART1_UART_Init
                0x08001ba8       0x98 ./Core/Src/main.o
 .text.MX_DMA_Init
                0x08001c40       0x50 ./Core/Src/main.o
 .text.MX_GPIO_Init
                0x08001c90      0x2b0 ./Core/Src/main.o
 .text.Error_Handler
                0x08001f40        0xc ./Core/Src/main.o
                0x08001f40                Error_Handler
 .text.crc16    0x08001f4c       0x6c ./Core/Src/modbus_crc.o
                0x08001f4c                crc16
 .text.HAL_MspInit
                0x08001fb8       0x34 ./Core/Src/stm32h7xx_hal_msp.o
                0x08001fb8                HAL_MspInit
 .text.HAL_ADC_MspInit
                0x08001fec      0x2cc ./Core/Src/stm32h7xx_hal_msp.o
                0x08001fec                HAL_ADC_MspInit
 .text.HAL_SPI_MspInit
                0x080022b8      0x120 ./Core/Src/stm32h7xx_hal_msp.o
                0x080022b8                HAL_SPI_MspInit
 .text.HAL_TIM_PWM_MspInit
                0x080023d8       0x40 ./Core/Src/stm32h7xx_hal_msp.o
                0x080023d8                HAL_TIM_PWM_MspInit
 .text.HAL_TIM_MspPostInit
                0x08002418       0x70 ./Core/Src/stm32h7xx_hal_msp.o
                0x08002418                HAL_TIM_MspPostInit
 .text.HAL_UART_MspInit
                0x08002488       0xe4 ./Core/Src/stm32h7xx_hal_msp.o
                0x08002488                HAL_UART_MspInit
 .text.NMI_Handler
                0x0800256c        0x8 ./Core/Src/stm32h7xx_it.o
                0x0800256c                NMI_Handler
 .text.HardFault_Handler
                0x08002574        0x8 ./Core/Src/stm32h7xx_it.o
                0x08002574                HardFault_Handler
 .text.MemManage_Handler
                0x0800257c        0x8 ./Core/Src/stm32h7xx_it.o
                0x0800257c                MemManage_Handler
 .text.BusFault_Handler
                0x08002584        0x8 ./Core/Src/stm32h7xx_it.o
                0x08002584                BusFault_Handler
 .text.UsageFault_Handler
                0x0800258c        0x8 ./Core/Src/stm32h7xx_it.o
                0x0800258c                UsageFault_Handler
 .text.SVC_Handler
                0x08002594        0xe ./Core/Src/stm32h7xx_it.o
                0x08002594                SVC_Handler
 .text.DebugMon_Handler
                0x080025a2        0xe ./Core/Src/stm32h7xx_it.o
                0x080025a2                DebugMon_Handler
 .text.PendSV_Handler
                0x080025b0        0xe ./Core/Src/stm32h7xx_it.o
                0x080025b0                PendSV_Handler
 .text.SysTick_Handler
                0x080025be        0xc ./Core/Src/stm32h7xx_it.o
                0x080025be                SysTick_Handler
 .text.EXTI0_IRQHandler
                0x080025ca        0xe ./Core/Src/stm32h7xx_it.o
                0x080025ca                EXTI0_IRQHandler
 .text.EXTI1_IRQHandler
                0x080025d8        0xe ./Core/Src/stm32h7xx_it.o
                0x080025d8                EXTI1_IRQHandler
 .text.EXTI2_IRQHandler
                0x080025e6        0xe ./Core/Src/stm32h7xx_it.o
                0x080025e6                EXTI2_IRQHandler
 .text.EXTI3_IRQHandler
                0x080025f4        0xe ./Core/Src/stm32h7xx_it.o
                0x080025f4                EXTI3_IRQHandler
 *fill*         0x08002602        0x2 
 .text.DMA1_Stream0_IRQHandler
                0x08002604       0x14 ./Core/Src/stm32h7xx_it.o
                0x08002604                DMA1_Stream0_IRQHandler
 .text.DMA1_Stream1_IRQHandler
                0x08002618       0x14 ./Core/Src/stm32h7xx_it.o
                0x08002618                DMA1_Stream1_IRQHandler
 .text.ADC_IRQHandler
                0x0800262c       0x14 ./Core/Src/stm32h7xx_it.o
                0x0800262c                ADC_IRQHandler
 .text.USART1_IRQHandler
                0x08002640       0x14 ./Core/Src/stm32h7xx_it.o
                0x08002640                USART1_IRQHandler
 .text.EXTI15_10_IRQHandler
                0x08002654       0x10 ./Core/Src/stm32h7xx_it.o
                0x08002654                EXTI15_10_IRQHandler
 .text.ADC3_IRQHandler
                0x08002664       0x14 ./Core/Src/stm32h7xx_it.o
                0x08002664                ADC3_IRQHandler
 .text.SystemInit
                0x08002678       0xf0 ./Core/Src/system_stm32h7xx.o
                0x08002678                SystemInit
 .text.Reset_Handler
                0x08002768       0x50 ./Core/Startup/startup_stm32h723zgtx.o
                0x08002768                Reset_Handler
 .text.Default_Handler
                0x080027b8        0x2 ./Core/Startup/startup_stm32h723zgtx.o
                0x080027b8                RTC_Alarm_IRQHandler
                0x080027b8                TIM8_CC_IRQHandler
                0x080027b8                UART8_IRQHandler
                0x080027b8                SPI4_IRQHandler
                0x080027b8                FDCAN3_IT0_IRQHandler
                0x080027b8                TIM1_CC_IRQHandler
                0x080027b8                BDMA_Channel6_IRQHandler
                0x080027b8                DMA2_Stream5_IRQHandler
                0x080027b8                DMA1_Stream5_IRQHandler
                0x080027b8                CORDIC_IRQHandler
                0x080027b8                BDMA_Channel1_IRQHandler
                0x080027b8                TAMP_STAMP_IRQHandler
                0x080027b8                LPTIM4_IRQHandler
                0x080027b8                TIM8_TRG_COM_TIM14_IRQHandler
                0x080027b8                LPTIM2_IRQHandler
                0x080027b8                DFSDM1_FLT1_IRQHandler
                0x080027b8                DMAMUX2_OVR_IRQHandler
                0x080027b8                TIM8_UP_TIM13_IRQHandler
                0x080027b8                I2C3_ER_IRQHandler
                0x080027b8                DFSDM1_FLT2_IRQHandler
                0x080027b8                I2C5_EV_IRQHandler
                0x080027b8                USART10_IRQHandler
                0x080027b8                MDMA_IRQHandler
                0x080027b8                LPTIM3_IRQHandler
                0x080027b8                HSEM1_IRQHandler
                0x080027b8                I2C2_EV_IRQHandler
                0x080027b8                DMA1_Stream2_IRQHandler
                0x080027b8                FPU_IRQHandler
                0x080027b8                OTG_HS_WKUP_IRQHandler
                0x080027b8                FDCAN1_IT1_IRQHandler
                0x080027b8                LTDC_ER_IRQHandler
                0x080027b8                DMA2_Stream2_IRQHandler
                0x080027b8                SPI1_IRQHandler
                0x080027b8                OCTOSPI1_IRQHandler
                0x080027b8                TIM6_DAC_IRQHandler
                0x080027b8                DMA2_Stream3_IRQHandler
                0x080027b8                OCTOSPI2_IRQHandler
                0x080027b8                DFSDM1_FLT3_IRQHandler
                0x080027b8                TIM23_IRQHandler
                0x080027b8                USART6_IRQHandler
                0x080027b8                TIM17_IRQHandler
                0x080027b8                USART3_IRQHandler
                0x080027b8                BDMA_Channel7_IRQHandler
                0x080027b8                LPTIM5_IRQHandler
                0x080027b8                UART5_IRQHandler
                0x080027b8                DMA2_Stream0_IRQHandler
                0x080027b8                TIM4_IRQHandler
                0x080027b8                BDMA_Channel2_IRQHandler
                0x080027b8                I2C1_EV_IRQHandler
                0x080027b8                DMA1_Stream6_IRQHandler
                0x080027b8                DMAMUX1_OVR_IRQHandler
                0x080027b8                TIM16_IRQHandler
                0x080027b8                UART4_IRQHandler
                0x080027b8                BDMA_Channel5_IRQHandler
                0x080027b8                TIM3_IRQHandler
                0x080027b8                RCC_IRQHandler
                0x080027b8                UART9_IRQHandler
                0x080027b8                TIM8_BRK_TIM12_IRQHandler
                0x080027b8                TIM1_TRG_COM_IRQHandler
                0x080027b8                Default_Handler
                0x080027b8                ECC_IRQHandler
                0x080027b8                FMAC_IRQHandler
                0x080027b8                CEC_IRQHandler
                0x080027b8                BDMA_Channel0_IRQHandler
                0x080027b8                I2C5_ER_IRQHandler
                0x080027b8                DMA1_Stream7_IRQHandler
                0x080027b8                SPI5_IRQHandler
                0x080027b8                TIM7_IRQHandler
                0x080027b8                FDCAN3_IT1_IRQHandler
                0x080027b8                SDMMC1_IRQHandler
                0x080027b8                TIM5_IRQHandler
                0x080027b8                DMA2_Stream7_IRQHandler
                0x080027b8                TIM15_IRQHandler
                0x080027b8                PVD_AVD_IRQHandler
                0x080027b8                I2C3_EV_IRQHandler
                0x080027b8                EXTI9_5_IRQHandler
                0x080027b8                RTC_WKUP_IRQHandler
                0x080027b8                LTDC_IRQHandler
                0x080027b8                ETH_WKUP_IRQHandler
                0x080027b8                SPDIF_RX_IRQHandler
                0x080027b8                SPI2_IRQHandler
                0x080027b8                OTG_HS_EP1_IN_IRQHandler
                0x080027b8                TIM24_IRQHandler
                0x080027b8                CRS_IRQHandler
                0x080027b8                EXTI4_IRQHandler
                0x080027b8                RNG_IRQHandler
                0x080027b8                FDCAN2_IT1_IRQHandler
                0x080027b8                ETH_IRQHandler
                0x080027b8                TIM1_UP_IRQHandler
                0x080027b8                BDMA_Channel4_IRQHandler
                0x080027b8                OTG_HS_EP1_OUT_IRQHandler
                0x080027b8                WWDG_IRQHandler
                0x080027b8                SPI6_IRQHandler
                0x080027b8                MDIOS_IRQHandler
                0x080027b8                I2C4_EV_IRQHandler
                0x080027b8                FDCAN2_IT0_IRQHandler
                0x080027b8                LPUART1_IRQHandler
                0x080027b8                FDCAN1_IT0_IRQHandler
                0x080027b8                TIM2_IRQHandler
                0x080027b8                OTG_HS_IRQHandler
                0x080027b8                DMA2D_IRQHandler
                0x080027b8                TIM1_BRK_IRQHandler
                0x080027b8                SDMMC2_IRQHandler
                0x080027b8                BDMA_Channel3_IRQHandler
                0x080027b8                DTS_IRQHandler
                0x080027b8                UART7_IRQHandler
                0x080027b8                MDIOS_WKUP_IRQHandler
                0x080027b8                USART2_IRQHandler
                0x080027b8                DFSDM1_FLT0_IRQHandler
                0x080027b8                SAI4_IRQHandler
                0x080027b8                I2C2_ER_IRQHandler
                0x080027b8                DMA2_Stream1_IRQHandler
                0x080027b8                FLASH_IRQHandler
                0x080027b8                DMA2_Stream4_IRQHandler
                0x080027b8                SPI3_IRQHandler
                0x080027b8                WAKEUP_PIN_IRQHandler
                0x080027b8                DMA1_Stream4_IRQHandler
                0x080027b8                I2C1_ER_IRQHandler
                0x080027b8                FMC_IRQHandler
                0x080027b8                FDCAN_CAL_IRQHandler
                0x080027b8                SWPMI1_IRQHandler
                0x080027b8                COMP1_IRQHandler
                0x080027b8                LPTIM1_IRQHandler
                0x080027b8                DCMI_PSSI_IRQHandler
                0x080027b8                I2C4_ER_IRQHandler
                0x080027b8                DMA2_Stream6_IRQHandler
                0x080027b8                SAI1_IRQHandler
                0x080027b8                DMA1_Stream3_IRQHandler
 *fill*         0x080027ba        0x2 
 .text.HAL_Init
                0x080027bc       0x78 ./Drivers/STM32H7xx_HAL_Driver/Src/stm32h7xx_hal.o
                0x080027bc                HAL_Init
 .text.HAL_InitTick
                0x08002834       0x6c ./Drivers/STM32H7xx_HAL_Driver/Src/stm32h7xx_hal.o
                0x08002834                HAL_InitTick
 .text.HAL_IncTick
                0x080028a0       0x28 ./Drivers/STM32H7xx_HAL_Driver/Src/stm32h7xx_hal.o
                0x080028a0                HAL_IncTick
 .text.HAL_GetTick
                0x080028c8       0x18 ./Drivers/STM32H7xx_HAL_Driver/Src/stm32h7xx_hal.o
                0x080028c8                HAL_GetTick
 .text.HAL_Delay
                0x080028e0       0x48 ./Drivers/STM32H7xx_HAL_Driver/Src/stm32h7xx_hal.o
                0x080028e0                HAL_Delay
 .text.HAL_SYSCFG_AnalogSwitchConfig
                0x08002928       0x2c ./Drivers/STM32H7xx_HAL_Driver/Src/stm32h7xx_hal.o
                0x08002928                HAL_SYSCFG_AnalogSwitchConfig
 .text.LL_ADC_SetCommonClock
                0x08002954       0x26 ./Drivers/STM32H7xx_HAL_Driver/Src/stm32h7xx_hal_adc.o
 .text.LL_ADC_SetCommonPathInternalCh
                0x0800297a       0x26 ./Drivers/STM32H7xx_HAL_Driver/Src/stm32h7xx_hal_adc.o
 .text.LL_ADC_GetCommonPathInternalCh
                0x080029a0       0x1c ./Drivers/STM32H7xx_HAL_Driver/Src/stm32h7xx_hal_adc.o
 .text.LL_ADC_SetOffset
                0x080029bc       0x64 ./Drivers/STM32H7xx_HAL_Driver/Src/stm32h7xx_hal_adc.o
 .text.LL_ADC_GetOffsetChannel
                0x08002a20       0x2c ./Drivers/STM32H7xx_HAL_Driver/Src/stm32h7xx_hal_adc.o
 .text.LL_ADC_SetDataRightShift
                0x08002a4c       0x32 ./Drivers/STM32H7xx_HAL_Driver/Src/stm32h7xx_hal_adc.o
 *fill*         0x08002a7e        0x2 
 .text.LL_ADC_SetOffsetSignedSaturation
                0x08002a80       0x44 ./Drivers/STM32H7xx_HAL_Driver/Src/stm32h7xx_hal_adc.o
 .text.LL_ADC_SetOffsetSaturation
                0x08002ac4       0x44 ./Drivers/STM32H7xx_HAL_Driver/Src/stm32h7xx_hal_adc.o
 .text.LL_ADC_SetOffsetSign
                0x08002b08       0x44 ./Drivers/STM32H7xx_HAL_Driver/Src/stm32h7xx_hal_adc.o
 .text.LL_ADC_SetOffsetState
                0x08002b4c       0x54 ./Drivers/STM32H7xx_HAL_Driver/Src/stm32h7xx_hal_adc.o
 .text.LL_ADC_REG_IsTriggerSourceSWStart
                0x08002ba0       0x26 ./Drivers/STM32H7xx_HAL_Driver/Src/stm32h7xx_hal_adc.o
 .text.LL_ADC_REG_SetSequencerRanks
                0x08002bc6       0x58 ./Drivers/STM32H7xx_HAL_Driver/Src/stm32h7xx_hal_adc.o
 .text.LL_ADC_REG_SetDataTransferMode
                0x08002c1e       0x26 ./Drivers/STM32H7xx_HAL_Driver/Src/stm32h7xx_hal_adc.o
 .text.LL_ADC_EnableDMAReq
                0x08002c44       0x20 ./Drivers/STM32H7xx_HAL_Driver/Src/stm32h7xx_hal_adc.o
 .text.LL_ADC_REG_SetDMATransferMode
                0x08002c64       0x34 ./Drivers/STM32H7xx_HAL_Driver/Src/stm32h7xx_hal_adc.o
 .text.LL_ADC_INJ_IsTriggerSourceSWStart
                0x08002c98       0x26 ./Drivers/STM32H7xx_HAL_Driver/Src/stm32h7xx_hal_adc.o
 .text.LL_ADC_SetChannelSamplingTime
                0x08002cbe       0x56 ./Drivers/STM32H7xx_HAL_Driver/Src/stm32h7xx_hal_adc.o
 .text.LL_ADC_SetChannelSingleDiff
                0x08002d14       0x80 ./Drivers/STM32H7xx_HAL_Driver/Src/stm32h7xx_hal_adc.o
 .text.LL_ADC_GetMultimode
                0x08002d94       0x1c ./Drivers/STM32H7xx_HAL_Driver/Src/stm32h7xx_hal_adc.o
 .text.LL_ADC_GetMultiDMATransfer
                0x08002db0       0x1c ./Drivers/STM32H7xx_HAL_Driver/Src/stm32h7xx_hal_adc.o
 .text.LL_ADC_DisableDeepPowerDown
                0x08002dcc       0x24 ./Drivers/STM32H7xx_HAL_Driver/Src/stm32h7xx_hal_adc.o
 .text.LL_ADC_IsDeepPowerDownEnabled
                0x08002df0       0x28 ./Drivers/STM32H7xx_HAL_Driver/Src/stm32h7xx_hal_adc.o
 .text.LL_ADC_EnableInternalRegulator
                0x08002e18       0x28 ./Drivers/STM32H7xx_HAL_Driver/Src/stm32h7xx_hal_adc.o
 .text.LL_ADC_IsInternalRegulatorEnabled
                0x08002e40       0x28 ./Drivers/STM32H7xx_HAL_Driver/Src/stm32h7xx_hal_adc.o
 .text.LL_ADC_Enable
                0x08002e68       0x28 ./Drivers/STM32H7xx_HAL_Driver/Src/stm32h7xx_hal_adc.o
 .text.LL_ADC_IsEnabled
                0x08002e90       0x26 ./Drivers/STM32H7xx_HAL_Driver/Src/stm32h7xx_hal_adc.o
 *fill*         0x08002eb6        0x2 
 .text.LL_ADC_REG_StartConversion
                0x08002eb8       0x28 ./Drivers/STM32H7xx_HAL_Driver/Src/stm32h7xx_hal_adc.o
 .text.LL_ADC_REG_IsConversionOngoing
                0x08002ee0       0x26 ./Drivers/STM32H7xx_HAL_Driver/Src/stm32h7xx_hal_adc.o
 .text.LL_ADC_INJ_IsConversionOngoing
                0x08002f06       0x26 ./Drivers/STM32H7xx_HAL_Driver/Src/stm32h7xx_hal_adc.o
 .text.HAL_ADC_Init
                0x08002f2c      0x410 ./Drivers/STM32H7xx_HAL_Driver/Src/stm32h7xx_hal_adc.o
                0x08002f2c                HAL_ADC_Init
 .text.HAL_ADC_Start_DMA
                0x0800333c      0x1b8 ./Drivers/STM32H7xx_HAL_Driver/Src/stm32h7xx_hal_adc.o
                0x0800333c                HAL_ADC_Start_DMA
 .text.HAL_ADC_IRQHandler
                0x080034f4      0x474 ./Drivers/STM32H7xx_HAL_Driver/Src/stm32h7xx_hal_adc.o
                0x080034f4                HAL_ADC_IRQHandler
 .text.HAL_ADC_ConvCpltCallback
                0x08003968       0x14 ./Drivers/STM32H7xx_HAL_Driver/Src/stm32h7xx_hal_adc.o
                0x08003968                HAL_ADC_ConvCpltCallback
 .text.HAL_ADC_ConvHalfCpltCallback
                0x0800397c       0x14 ./Drivers/STM32H7xx_HAL_Driver/Src/stm32h7xx_hal_adc.o
                0x0800397c                HAL_ADC_ConvHalfCpltCallback
 .text.HAL_ADC_LevelOutOfWindowCallback
                0x08003990       0x14 ./Drivers/STM32H7xx_HAL_Driver/Src/stm32h7xx_hal_adc.o
                0x08003990                HAL_ADC_LevelOutOfWindowCallback
 .text.HAL_ADC_ErrorCallback
                0x080039a4       0x14 ./Drivers/STM32H7xx_HAL_Driver/Src/stm32h7xx_hal_adc.o
                0x080039a4                HAL_ADC_ErrorCallback
 .text.HAL_ADC_ConfigChannel
                0x080039b8      0xa60 ./Drivers/STM32H7xx_HAL_Driver/Src/stm32h7xx_hal_adc.o
                0x080039b8                HAL_ADC_ConfigChannel
 .text.ADC_Enable
                0x08004418      0x114 ./Drivers/STM32H7xx_HAL_Driver/Src/stm32h7xx_hal_adc.o
                0x08004418                ADC_Enable
 .text.ADC_DMAConvCplt
                0x0800452c       0xd8 ./Drivers/STM32H7xx_HAL_Driver/Src/stm32h7xx_hal_adc.o
                0x0800452c                ADC_DMAConvCplt
 .text.ADC_DMAHalfConvCplt
                0x08004604       0x1c ./Drivers/STM32H7xx_HAL_Driver/Src/stm32h7xx_hal_adc.o
                0x08004604                ADC_DMAHalfConvCplt
 .text.ADC_DMAError
                0x08004620       0x34 ./Drivers/STM32H7xx_HAL_Driver/Src/stm32h7xx_hal_adc.o
                0x08004620                ADC_DMAError
 .text.ADC_ConfigureBoostMode
                0x08004654      0x1dc ./Drivers/STM32H7xx_HAL_Driver/Src/stm32h7xx_hal_adc.o
                0x08004654                ADC_ConfigureBoostMode
 .text.LL_ADC_IsEnabled
                0x08004830       0x26 ./Drivers/STM32H7xx_HAL_Driver/Src/stm32h7xx_hal_adc_ex.o
 .text.LL_ADC_REG_IsConversionOngoing
                0x08004856       0x26 ./Drivers/STM32H7xx_HAL_Driver/Src/stm32h7xx_hal_adc_ex.o
 .text.HAL_ADCEx_InjectedConvCpltCallback
                0x0800487c       0x14 ./Drivers/STM32H7xx_HAL_Driver/Src/stm32h7xx_hal_adc_ex.o
                0x0800487c                HAL_ADCEx_InjectedConvCpltCallback
 .text.HAL_ADCEx_InjectedQueueOverflowCallback
                0x08004890       0x14 ./Drivers/STM32H7xx_HAL_Driver/Src/stm32h7xx_hal_adc_ex.o
                0x08004890                HAL_ADCEx_InjectedQueueOverflowCallback
 .text.HAL_ADCEx_LevelOutOfWindow2Callback
                0x080048a4       0x14 ./Drivers/STM32H7xx_HAL_Driver/Src/stm32h7xx_hal_adc_ex.o
                0x080048a4                HAL_ADCEx_LevelOutOfWindow2Callback
 .text.HAL_ADCEx_LevelOutOfWindow3Callback
                0x080048b8       0x14 ./Drivers/STM32H7xx_HAL_Driver/Src/stm32h7xx_hal_adc_ex.o
                0x080048b8                HAL_ADCEx_LevelOutOfWindow3Callback
 .text.HAL_ADCEx_EndOfSamplingCallback
                0x080048cc       0x14 ./Drivers/STM32H7xx_HAL_Driver/Src/stm32h7xx_hal_adc_ex.o
                0x080048cc                HAL_ADCEx_EndOfSamplingCallback
 .text.HAL_ADCEx_MultiModeConfigChannel
                0x080048e0      0x1c4 ./Drivers/STM32H7xx_HAL_Driver/Src/stm32h7xx_hal_adc_ex.o
                0x080048e0                HAL_ADCEx_MultiModeConfigChannel
 .text.__NVIC_SetPriorityGrouping
                0x08004aa4       0x48 ./Drivers/STM32H7xx_HAL_Driver/Src/stm32h7xx_hal_cortex.o
 .text.__NVIC_GetPriorityGrouping
                0x08004aec       0x1c ./Drivers/STM32H7xx_HAL_Driver/Src/stm32h7xx_hal_cortex.o
 .text.__NVIC_EnableIRQ
                0x08004b08       0x3c ./Drivers/STM32H7xx_HAL_Driver/Src/stm32h7xx_hal_cortex.o
 .text.__NVIC_SetPriority
                0x08004b44       0x54 ./Drivers/STM32H7xx_HAL_Driver/Src/stm32h7xx_hal_cortex.o
 .text.NVIC_EncodePriority
                0x08004b98       0x66 ./Drivers/STM32H7xx_HAL_Driver/Src/stm32h7xx_hal_cortex.o
 *fill*         0x08004bfe        0x2 
 .text.SysTick_Config
                0x08004c00       0x44 ./Drivers/STM32H7xx_HAL_Driver/Src/stm32h7xx_hal_cortex.o
 .text.HAL_NVIC_SetPriorityGrouping
                0x08004c44       0x16 ./Drivers/STM32H7xx_HAL_Driver/Src/stm32h7xx_hal_cortex.o
                0x08004c44                HAL_NVIC_SetPriorityGrouping
 .text.HAL_NVIC_SetPriority
                0x08004c5a       0x34 ./Drivers/STM32H7xx_HAL_Driver/Src/stm32h7xx_hal_cortex.o
                0x08004c5a                HAL_NVIC_SetPriority
 .text.HAL_NVIC_EnableIRQ
                0x08004c8e       0x1c ./Drivers/STM32H7xx_HAL_Driver/Src/stm32h7xx_hal_cortex.o
                0x08004c8e                HAL_NVIC_EnableIRQ
 .text.HAL_SYSTICK_Config
                0x08004caa       0x18 ./Drivers/STM32H7xx_HAL_Driver/Src/stm32h7xx_hal_cortex.o
                0x08004caa                HAL_SYSTICK_Config
 *fill*         0x08004cc2        0x2 
 .text.HAL_DMA_Init
                0x08004cc4      0x6b0 ./Drivers/STM32H7xx_HAL_Driver/Src/stm32h7xx_hal_dma.o
                0x08004cc4                HAL_DMA_Init
 .text.HAL_DMA_Start_IT
                0x08005374      0x4d4 ./Drivers/STM32H7xx_HAL_Driver/Src/stm32h7xx_hal_dma.o
                0x08005374                HAL_DMA_Start_IT
 .text.HAL_DMA_Abort
                0x08005848      0x63c ./Drivers/STM32H7xx_HAL_Driver/Src/stm32h7xx_hal_dma.o
                0x08005848                HAL_DMA_Abort
 .text.HAL_DMA_Abort_IT
                0x08005e84      0x48c ./Drivers/STM32H7xx_HAL_Driver/Src/stm32h7xx_hal_dma.o
                0x08005e84                HAL_DMA_Abort_IT
 .text.HAL_DMA_IRQHandler
                0x08006310      0xe54 ./Drivers/STM32H7xx_HAL_Driver/Src/stm32h7xx_hal_dma.o
                0x08006310                HAL_DMA_IRQHandler
 .text.DMA_SetConfig
                0x08007164      0x358 ./Drivers/STM32H7xx_HAL_Driver/Src/stm32h7xx_hal_dma.o
 .text.DMA_CalcBaseAndBitshift
                0x080074bc      0x164 ./Drivers/STM32H7xx_HAL_Driver/Src/stm32h7xx_hal_dma.o
 .text.DMA_CheckFifoParam
                0x08007620       0xf8 ./Drivers/STM32H7xx_HAL_Driver/Src/stm32h7xx_hal_dma.o
 .text.DMA_CalcDMAMUXChannelBaseAndMask
                0x08007718      0x134 ./Drivers/STM32H7xx_HAL_Driver/Src/stm32h7xx_hal_dma.o
 .text.DMA_CalcDMAMUXRequestGenBaseAndMask
                0x0800784c       0xe8 ./Drivers/STM32H7xx_HAL_Driver/Src/stm32h7xx_hal_dma.o
 .text.HAL_GPIO_Init
                0x08007934      0x350 ./Drivers/STM32H7xx_HAL_Driver/Src/stm32h7xx_hal_gpio.o
                0x08007934                HAL_GPIO_Init
 .text.HAL_GPIO_WritePin
                0x08007c84       0x32 ./Drivers/STM32H7xx_HAL_Driver/Src/stm32h7xx_hal_gpio.o
                0x08007c84                HAL_GPIO_WritePin
 .text.HAL_GPIO_TogglePin
                0x08007cb6       0x34 ./Drivers/STM32H7xx_HAL_Driver/Src/stm32h7xx_hal_gpio.o
                0x08007cb6                HAL_GPIO_TogglePin
 .text.HAL_GPIO_EXTI_IRQHandler
                0x08007cea       0x34 ./Drivers/STM32H7xx_HAL_Driver/Src/stm32h7xx_hal_gpio.o
                0x08007cea                HAL_GPIO_EXTI_IRQHandler
 *fill*         0x08007d1e        0x2 
 .text.HAL_PWREx_ConfigSupply
                0x08007d20       0x74 ./Drivers/STM32H7xx_HAL_Driver/Src/stm32h7xx_hal_pwr_ex.o
                0x08007d20                HAL_PWREx_ConfigSupply
 .text.HAL_RCC_OscConfig
                0x08007d94      0x7b4 ./Drivers/STM32H7xx_HAL_Driver/Src/stm32h7xx_hal_rcc.o
                0x08007d94                HAL_RCC_OscConfig
 .text.HAL_RCC_ClockConfig
                0x08008548      0x36c ./Drivers/STM32H7xx_HAL_Driver/Src/stm32h7xx_hal_rcc.o
                0x08008548                HAL_RCC_ClockConfig
 .text.HAL_RCC_GetSysClockFreq
                0x080088b4      0x2f4 ./Drivers/STM32H7xx_HAL_Driver/Src/stm32h7xx_hal_rcc.o
                0x080088b4                HAL_RCC_GetSysClockFreq
 .text.HAL_RCC_GetHCLKFreq
                0x08008ba8       0x60 ./Drivers/STM32H7xx_HAL_Driver/Src/stm32h7xx_hal_rcc.o
                0x08008ba8                HAL_RCC_GetHCLKFreq
 .text.HAL_RCC_GetPCLK1Freq
                0x08008c08       0x2c ./Drivers/STM32H7xx_HAL_Driver/Src/stm32h7xx_hal_rcc.o
                0x08008c08                HAL_RCC_GetPCLK1Freq
 .text.HAL_RCC_GetPCLK2Freq
                0x08008c34       0x2c ./Drivers/STM32H7xx_HAL_Driver/Src/stm32h7xx_hal_rcc.o
                0x08008c34                HAL_RCC_GetPCLK2Freq
 .text.HAL_RCCEx_PeriphCLKConfig
                0x08008c60     0x1340 ./Drivers/STM32H7xx_HAL_Driver/Src/stm32h7xx_hal_rcc_ex.o
                0x08008c60                HAL_RCCEx_PeriphCLKConfig
 .text.HAL_RCCEx_GetPeriphCLKFreq
                0x08009fa0      0x9a4 ./Drivers/STM32H7xx_HAL_Driver/Src/stm32h7xx_hal_rcc_ex.o
                0x08009fa0                HAL_RCCEx_GetPeriphCLKFreq
 .text.HAL_RCCEx_GetD3PCLK1Freq
                0x0800a944       0x2c ./Drivers/STM32H7xx_HAL_Driver/Src/stm32h7xx_hal_rcc_ex.o
                0x0800a944                HAL_RCCEx_GetD3PCLK1Freq
 .text.HAL_RCCEx_GetPLL2ClockFreq
                0x0800a970      0x2a8 ./Drivers/STM32H7xx_HAL_Driver/Src/stm32h7xx_hal_rcc_ex.o
                0x0800a970                HAL_RCCEx_GetPLL2ClockFreq
 .text.HAL_RCCEx_GetPLL3ClockFreq
                0x0800ac18      0x2a8 ./Drivers/STM32H7xx_HAL_Driver/Src/stm32h7xx_hal_rcc_ex.o
                0x0800ac18                HAL_RCCEx_GetPLL3ClockFreq
 .text.HAL_RCCEx_GetPLL1ClockFreq
                0x0800aec0      0x2a4 ./Drivers/STM32H7xx_HAL_Driver/Src/stm32h7xx_hal_rcc_ex.o
                0x0800aec0                HAL_RCCEx_GetPLL1ClockFreq
 .text.RCCEx_PLL2_Config
                0x0800b164      0x164 ./Drivers/STM32H7xx_HAL_Driver/Src/stm32h7xx_hal_rcc_ex.o
 .text.RCCEx_PLL3_Config
                0x0800b2c8      0x164 ./Drivers/STM32H7xx_HAL_Driver/Src/stm32h7xx_hal_rcc_ex.o
 .text.HAL_SPI_Init
                0x0800b42c      0x248 ./Drivers/STM32H7xx_HAL_Driver/Src/stm32h7xx_hal_spi.o
                0x0800b42c                HAL_SPI_Init
 .text.HAL_SPI_Transmit
                0x0800b674      0x3dc ./Drivers/STM32H7xx_HAL_Driver/Src/stm32h7xx_hal_spi.o
                0x0800b674                HAL_SPI_Transmit
 .text.HAL_SPI_Receive
                0x0800ba50      0x4e4 ./Drivers/STM32H7xx_HAL_Driver/Src/stm32h7xx_hal_spi.o
                0x0800ba50                HAL_SPI_Receive
 .text.HAL_SPI_GetState
                0x0800bf34       0x1c ./Drivers/STM32H7xx_HAL_Driver/Src/stm32h7xx_hal_spi.o
                0x0800bf34                HAL_SPI_GetState
 .text.SPI_CloseTransfer
                0x0800bf50      0x140 ./Drivers/STM32H7xx_HAL_Driver/Src/stm32h7xx_hal_spi.o
 .text.SPI_WaitOnFlagUntilTimeout
                0x0800c090       0x5c ./Drivers/STM32H7xx_HAL_Driver/Src/stm32h7xx_hal_spi.o
 .text.SPI_GetPacketSize
                0x0800c0ec       0x36 ./Drivers/STM32H7xx_HAL_Driver/Src/stm32h7xx_hal_spi.o
 .text.HAL_TIM_PWM_Init
                0x0800c122       0xae ./Drivers/STM32H7xx_HAL_Driver/Src/stm32h7xx_hal_tim.o
                0x0800c122                HAL_TIM_PWM_Init
 .text.HAL_TIM_PWM_Start
                0x0800c1d0      0x238 ./Drivers/STM32H7xx_HAL_Driver/Src/stm32h7xx_hal_tim.o
                0x0800c1d0                HAL_TIM_PWM_Start
 .text.HAL_TIM_PWM_ConfigChannel
                0x0800c408      0x228 ./Drivers/STM32H7xx_HAL_Driver/Src/stm32h7xx_hal_tim.o
                0x0800c408                HAL_TIM_PWM_ConfigChannel
 .text.TIM_Base_SetConfig
                0x0800c630      0x164 ./Drivers/STM32H7xx_HAL_Driver/Src/stm32h7xx_hal_tim.o
                0x0800c630                TIM_Base_SetConfig
 .text.TIM_OC1_SetConfig
                0x0800c794      0x120 ./Drivers/STM32H7xx_HAL_Driver/Src/stm32h7xx_hal_tim.o
 .text.TIM_OC2_SetConfig
                0x0800c8b4      0x114 ./Drivers/STM32H7xx_HAL_Driver/Src/stm32h7xx_hal_tim.o
                0x0800c8b4                TIM_OC2_SetConfig
 .text.TIM_OC3_SetConfig
                0x0800c9c8      0x110 ./Drivers/STM32H7xx_HAL_Driver/Src/stm32h7xx_hal_tim.o
 .text.TIM_OC4_SetConfig
                0x0800cad8       0xd4 ./Drivers/STM32H7xx_HAL_Driver/Src/stm32h7xx_hal_tim.o
 .text.TIM_OC5_SetConfig
                0x0800cbac       0xc8 ./Drivers/STM32H7xx_HAL_Driver/Src/stm32h7xx_hal_tim.o
 .text.TIM_OC6_SetConfig
                0x0800cc74       0xcc ./Drivers/STM32H7xx_HAL_Driver/Src/stm32h7xx_hal_tim.o
 .text.TIM_CCxChannelCmd
                0x0800cd40       0x4a ./Drivers/STM32H7xx_HAL_Driver/Src/stm32h7xx_hal_tim.o
                0x0800cd40                TIM_CCxChannelCmd
 *fill*         0x0800cd8a        0x2 
 .text.HAL_TIMEx_MasterConfigSynchronization
                0x0800cd8c      0x138 ./Drivers/STM32H7xx_HAL_Driver/Src/stm32h7xx_hal_tim_ex.o
                0x0800cd8c                HAL_TIMEx_MasterConfigSynchronization
 .text.HAL_UART_Init
                0x0800cec4       0xa0 ./Drivers/STM32H7xx_HAL_Driver/Src/stm32h7xx_hal_uart.o
                0x0800cec4                HAL_UART_Init
 .text.HAL_UART_Transmit
                0x0800cf64      0x11c ./Drivers/STM32H7xx_HAL_Driver/Src/stm32h7xx_hal_uart.o
                0x0800cf64                HAL_UART_Transmit
 .text.HAL_UART_IRQHandler
                0x0800d080      0x774 ./Drivers/STM32H7xx_HAL_Driver/Src/stm32h7xx_hal_uart.o
                0x0800d080                HAL_UART_IRQHandler
 .text.HAL_UART_TxCpltCallback
                0x0800d7f4       0x14 ./Drivers/STM32H7xx_HAL_Driver/Src/stm32h7xx_hal_uart.o
                0x0800d7f4                HAL_UART_TxCpltCallback
 .text.HAL_UART_RxCpltCallback
                0x0800d808       0x14 ./Drivers/STM32H7xx_HAL_Driver/Src/stm32h7xx_hal_uart.o
                0x0800d808                HAL_UART_RxCpltCallback
 .text.HAL_UART_ErrorCallback
                0x0800d81c       0x14 ./Drivers/STM32H7xx_HAL_Driver/Src/stm32h7xx_hal_uart.o
                0x0800d81c                HAL_UART_ErrorCallback
 .text.UART_SetConfig
                0x0800d830      0xcd8 ./Drivers/STM32H7xx_HAL_Driver/Src/stm32h7xx_hal_uart.o
                0x0800d830                UART_SetConfig
 .text.UART_AdvFeatureConfig
                0x0800e508      0x144 ./Drivers/STM32H7xx_HAL_Driver/Src/stm32h7xx_hal_uart.o
                0x0800e508                UART_AdvFeatureConfig
 .text.UART_CheckIdleState
                0x0800e64c      0x154 ./Drivers/STM32H7xx_HAL_Driver/Src/stm32h7xx_hal_uart.o
                0x0800e64c                UART_CheckIdleState
 .text.UART_WaitOnFlagUntilTimeout
                0x0800e7a0       0xda ./Drivers/STM32H7xx_HAL_Driver/Src/stm32h7xx_hal_uart.o
                0x0800e7a0                UART_WaitOnFlagUntilTimeout
 *fill*         0x0800e87a        0x2 
 .text.UART_Start_Receive_IT
                0x0800e87c      0x244 ./Drivers/STM32H7xx_HAL_Driver/Src/stm32h7xx_hal_uart.o
                0x0800e87c                UART_Start_Receive_IT
 .text.UART_EndRxTransfer
                0x0800eac0       0xcc ./Drivers/STM32H7xx_HAL_Driver/Src/stm32h7xx_hal_uart.o
 .text.UART_DMAAbortOnError
                0x0800eb8c       0x2c ./Drivers/STM32H7xx_HAL_Driver/Src/stm32h7xx_hal_uart.o
 .text.UART_EndTransmit_IT
                0x0800ebb8       0x56 ./Drivers/STM32H7xx_HAL_Driver/Src/stm32h7xx_hal_uart.o
 *fill*         0x0800ec0e        0x2 
 .text.UART_RxISR_8BIT
                0x0800ec10      0x1b8 ./Drivers/STM32H7xx_HAL_Driver/Src/stm32h7xx_hal_uart.o
 .text.UART_RxISR_16BIT
                0x0800edc8      0x1b8 ./Drivers/STM32H7xx_HAL_Driver/Src/stm32h7xx_hal_uart.o
 .text.UART_RxISR_8BIT_FIFOEN
                0x0800ef80      0x360 ./Drivers/STM32H7xx_HAL_Driver/Src/stm32h7xx_hal_uart.o
 .text.UART_RxISR_16BIT_FIFOEN
                0x0800f2e0      0x368 ./Drivers/STM32H7xx_HAL_Driver/Src/stm32h7xx_hal_uart.o
 .text.HAL_UARTEx_WakeupCallback
                0x0800f648       0x14 ./Drivers/STM32H7xx_HAL_Driver/Src/stm32h7xx_hal_uart_ex.o
                0x0800f648                HAL_UARTEx_WakeupCallback
 .text.HAL_UARTEx_RxFifoFullCallback
                0x0800f65c       0x14 ./Drivers/STM32H7xx_HAL_Driver/Src/stm32h7xx_hal_uart_ex.o
                0x0800f65c                HAL_UARTEx_RxFifoFullCallback
 .text.HAL_UARTEx_TxFifoEmptyCallback
                0x0800f670       0x14 ./Drivers/STM32H7xx_HAL_Driver/Src/stm32h7xx_hal_uart_ex.o
                0x0800f670                HAL_UARTEx_TxFifoEmptyCallback
 .text.HAL_UARTEx_DisableFifoMode
                0x0800f684       0x72 ./Drivers/STM32H7xx_HAL_Driver/Src/stm32h7xx_hal_uart_ex.o
                0x0800f684                HAL_UARTEx_DisableFifoMode
 .text.HAL_UARTEx_SetTxFifoThreshold
                0x0800f6f6       0x7c ./Drivers/STM32H7xx_HAL_Driver/Src/stm32h7xx_hal_uart_ex.o
                0x0800f6f6                HAL_UARTEx_SetTxFifoThreshold
 .text.HAL_UARTEx_SetRxFifoThreshold
                0x0800f772       0x7c ./Drivers/STM32H7xx_HAL_Driver/Src/stm32h7xx_hal_uart_ex.o
                0x0800f772                HAL_UARTEx_SetRxFifoThreshold
 .text.HAL_UARTEx_ReceiveToIdle_IT
                0x0800f7ee       0xa0 ./Drivers/STM32H7xx_HAL_Driver/Src/stm32h7xx_hal_uart_ex.o
                0x0800f7ee                HAL_UARTEx_ReceiveToIdle_IT
 *fill*         0x0800f88e        0x2 
 .text.UARTEx_SetNbDataToProcess
                0x0800f890       0x9c ./Drivers/STM32H7xx_HAL_Driver/Src/stm32h7xx_hal_uart_ex.o
 .text.memset   0x0800f92c       0x10 D:/STM32CUBEIDE/STM32CubeIDE_1.13.2/STM32CubeIDE/plugins/com.st.stm32cube.ide.mcu.externaltools.gnu-tools-for-stm32.12.3.rel1.win32_1.0.200.202406191623/tools/bin/../lib/gcc/arm-none-eabi/12.3.1/../../../../arm-none-eabi/lib/thumb/v7e-m+dp/hard\libc_nano.a(libc_a-memset.o)
                0x0800f92c                memset
 .text.__libc_init_array
                0x0800f93c       0x48 D:/STM32CUBEIDE/STM32CubeIDE_1.13.2/STM32CubeIDE/plugins/com.st.stm32cube.ide.mcu.externaltools.gnu-tools-for-stm32.12.3.rel1.win32_1.0.200.202406191623/tools/bin/../lib/gcc/arm-none-eabi/12.3.1/../../../../arm-none-eabi/lib/thumb/v7e-m+dp/hard\libc_nano.a(libc_a-init.o)
                0x0800f93c                __libc_init_array
 .text.memcpy   0x0800f984       0x1c D:/STM32CUBEIDE/STM32CubeIDE_1.13.2/STM32CubeIDE/plugins/com.st.stm32cube.ide.mcu.externaltools.gnu-tools-for-stm32.12.3.rel1.win32_1.0.200.202406191623/tools/bin/../lib/gcc/arm-none-eabi/12.3.1/../../../../arm-none-eabi/lib/thumb/v7e-m+dp/hard\libc_nano.a(libc_a-memcpy-stub.o)
                0x0800f984                memcpy
 *(.glue_7)
 .glue_7        0x0800f9a0        0x0 linker stubs
 *(.glue_7t)
 .glue_7t       0x0800f9a0        0x0 linker stubs
 *(.eh_frame)
 .eh_frame      0x0800f9a0        0x0 D:/STM32CUBEIDE/STM32CubeIDE_1.13.2/STM32CubeIDE/plugins/com.st.stm32cube.ide.mcu.externaltools.gnu-tools-for-stm32.12.3.rel1.win32_1.0.200.202406191623/tools/bin/../lib/gcc/arm-none-eabi/12.3.1/thumb/v7e-m+dp/hard/crtbegin.o
 *(.init)
 .init          0x0800f9a0        0x4 D:/STM32CUBEIDE/STM32CubeIDE_1.13.2/STM32CubeIDE/plugins/com.st.stm32cube.ide.mcu.externaltools.gnu-tools-for-stm32.12.3.rel1.win32_1.0.200.202406191623/tools/bin/../lib/gcc/arm-none-eabi/12.3.1/thumb/v7e-m+dp/hard/crti.o
                0x0800f9a0                _init
 .init          0x0800f9a4        0x8 D:/STM32CUBEIDE/STM32CubeIDE_1.13.2/STM32CubeIDE/plugins/com.st.stm32cube.ide.mcu.externaltools.gnu-tools-for-stm32.12.3.rel1.win32_1.0.200.202406191623/tools/bin/../lib/gcc/arm-none-eabi/12.3.1/thumb/v7e-m+dp/hard/crtn.o
 *(.fini)
 .fini          0x0800f9ac        0x4 D:/STM32CUBEIDE/STM32CubeIDE_1.13.2/STM32CubeIDE/plugins/com.st.stm32cube.ide.mcu.externaltools.gnu-tools-for-stm32.12.3.rel1.win32_1.0.200.202406191623/tools/bin/../lib/gcc/arm-none-eabi/12.3.1/thumb/v7e-m+dp/hard/crti.o
                0x0800f9ac                _fini
 .fini          0x0800f9b0        0x8 D:/STM32CUBEIDE/STM32CubeIDE_1.13.2/STM32CubeIDE/plugins/com.st.stm32cube.ide.mcu.externaltools.gnu-tools-for-stm32.12.3.rel1.win32_1.0.200.202406191623/tools/bin/../lib/gcc/arm-none-eabi/12.3.1/thumb/v7e-m+dp/hard/crtn.o
                0x0800f9b8                        . = ALIGN (0x4)
                0x0800f9b8                        _etext = .

.vfp11_veneer   0x0800f9b8        0x0
 .vfp11_veneer  0x0800f9b8        0x0 linker stubs

.v4_bx          0x0800f9b8        0x0
 .v4_bx         0x0800f9b8        0x0 linker stubs

.iplt           0x0800f9b8        0x0
 .iplt          0x0800f9b8        0x0 D:/STM32CUBEIDE/STM32CubeIDE_1.13.2/STM32CubeIDE/plugins/com.st.stm32cube.ide.mcu.externaltools.gnu-tools-for-stm32.12.3.rel1.win32_1.0.200.202406191623/tools/bin/../lib/gcc/arm-none-eabi/12.3.1/thumb/v7e-m+dp/hard/crtbegin.o

.rodata         0x0800f9b8      0x298
                0x0800f9b8                        . = ALIGN (0x4)
 *(.rodata)
 .rodata        0x0800f9b8       0x50 ./Core/Src/LoRa.o
 *(.rodata*)
 .rodata.line_sensor_front_channel_number
                0x0800fa08        0x1 ./Core/Src/main.o
                0x0800fa08                line_sensor_front_channel_number
 .rodata.line_sensor_back_channel_number
                0x0800fa09        0x1 ./Core/Src/main.o
                0x0800fa09                line_sensor_back_channel_number
 .rodata.line_sensor_front_threshold
                0x0800fa0a        0x2 ./Core/Src/main.o
                0x0800fa0a                line_sensor_front_threshold
 .rodata.line_sensor_back_threshold
                0x0800fa0c        0x2 ./Core/Src/main.o
                0x0800fa0c                line_sensor_back_threshold
 *fill*         0x0800fa0e        0x2 
 .rodata.table_crc_hi
                0x0800fa10      0x100 ./Core/Src/modbus_crc.o
 .rodata.table_crc_lo
                0x0800fb10      0x100 ./Core/Src/modbus_crc.o
 .rodata.D1CorePrescTable
                0x0800fc10       0x10 ./Core/Src/system_stm32h7xx.o
                0x0800fc10                D1CorePrescTable
 .rodata.flagBitshiftOffset.0
                0x0800fc20        0x8 ./Drivers/STM32H7xx_HAL_Driver/Src/stm32h7xx_hal_dma.o
 .rodata.UARTPrescTable
                0x0800fc28       0x18 ./Drivers/STM32H7xx_HAL_Driver/Src/stm32h7xx_hal_uart.o
                0x0800fc28                UARTPrescTable
 .rodata.numerator.1
                0x0800fc40        0x8 ./Drivers/STM32H7xx_HAL_Driver/Src/stm32h7xx_hal_uart_ex.o
 .rodata.denominator.0
                0x0800fc48        0x8 ./Drivers/STM32H7xx_HAL_Driver/Src/stm32h7xx_hal_uart_ex.o
                0x0800fc50                        . = ALIGN (0x4)

.ARM.extab
 *(.ARM.extab* .gnu.linkonce.armextab.*)

.ARM            0x0800fc50        0x8
                0x0800fc50                        __exidx_start = .
 *(.ARM.exidx*)
 .ARM.exidx     0x0800fc50        0x8 D:/STM32CUBEIDE/STM32CubeIDE_1.13.2/STM32CubeIDE/plugins/com.st.stm32cube.ide.mcu.externaltools.gnu-tools-for-stm32.12.3.rel1.win32_1.0.200.202406191623/tools/bin/../lib/gcc/arm-none-eabi/12.3.1/thumb/v7e-m+dp/hard\libgcc.a(_udivmoddi4.o)
                0x0800fc58                        __exidx_end = .

.rel.dyn        0x0800fc58        0x0
 .rel.iplt      0x0800fc58        0x0 D:/STM32CUBEIDE/STM32CubeIDE_1.13.2/STM32CubeIDE/plugins/com.st.stm32cube.ide.mcu.externaltools.gnu-tools-for-stm32.12.3.rel1.win32_1.0.200.202406191623/tools/bin/../lib/gcc/arm-none-eabi/12.3.1/thumb/v7e-m+dp/hard/crtbegin.o

.preinit_array  0x0800fc58        0x0
                0x0800fc58                        PROVIDE (__preinit_array_start = .)
 *(.preinit_array*)
                0x0800fc58                        PROVIDE (__preinit_array_end = .)

.init_array     0x0800fc58        0x4
                0x0800fc58                        PROVIDE (__init_array_start = .)
 *(SORT_BY_NAME(.init_array.*))
 *(.init_array*)
 .init_array    0x0800fc58        0x4 D:/STM32CUBEIDE/STM32CubeIDE_1.13.2/STM32CubeIDE/plugins/com.st.stm32cube.ide.mcu.externaltools.gnu-tools-for-stm32.12.3.rel1.win32_1.0.200.202406191623/tools/bin/../lib/gcc/arm-none-eabi/12.3.1/thumb/v7e-m+dp/hard/crtbegin.o
                0x0800fc5c                        PROVIDE (__init_array_end = .)

.fini_array     0x0800fc5c        0x4
                [!provide]                        PROVIDE (__fini_array_start = .)
 *(SORT_BY_NAME(.fini_array.*))
 *(.fini_array*)
 .fini_array    0x0800fc5c        0x4 D:/STM32CUBEIDE/STM32CubeIDE_1.13.2/STM32CubeIDE/plugins/com.st.stm32cube.ide.mcu.externaltools.gnu-tools-for-stm32.12.3.rel1.win32_1.0.200.202406191623/tools/bin/../lib/gcc/arm-none-eabi/12.3.1/thumb/v7e-m+dp/hard/crtbegin.o
                [!provide]                        PROVIDE (__fini_array_end = .)
                0x0800fc60                        _sidata = LOADADDR (.data)

.data           0x24000000       0x64 load address 0x0800fc60
                0x24000000                        . = ALIGN (0x4)
                0x24000000                        _sdata = .
 *(.data)
 *(.data*)
 .data.line_sensor_front_max_sensor_vales
                0x24000000       0x14 ./Core/Src/main.o
                0x24000000                line_sensor_front_max_sensor_vales
 .data.line_sensor_front_min_sensor_vales
                0x24000014       0x14 ./Core/Src/main.o
                0x24000014                line_sensor_front_min_sensor_vales
 .data.line_sensor_back_max_sensor_vales
                0x24000028       0x14 ./Core/Src/main.o
                0x24000028                line_sensor_back_max_sensor_vales
 .data.line_sensor_back_min_sensor_vales
                0x2400003c       0x14 ./Core/Src/main.o
                0x2400003c                line_sensor_back_min_sensor_vales
 .data.agv_orientation
                0x24000050        0x2 ./Core/Src/main.o
                0x24000050                agv_orientation
 *fill*         0x24000052        0x2 
 .data.SystemCoreClock
                0x24000054        0x4 ./Core/Src/system_stm32h7xx.o
                0x24000054                SystemCoreClock
 .data.SystemD2Clock
                0x24000058        0x4 ./Core/Src/system_stm32h7xx.o
                0x24000058                SystemD2Clock
 .data.uwTickPrio
                0x2400005c        0x4 ./Drivers/STM32H7xx_HAL_Driver/Src/stm32h7xx_hal.o
                0x2400005c                uwTickPrio
 .data.uwTickFreq
                0x24000060        0x1 ./Drivers/STM32H7xx_HAL_Driver/Src/stm32h7xx_hal.o
                0x24000060                uwTickFreq
 *(.RamFunc)
 *(.RamFunc*)
                0x24000064                        . = ALIGN (0x4)
 *fill*         0x24000061        0x3 
                0x24000064                        _edata = .

.igot.plt       0x24000064        0x0 load address 0x0800fcc4
 .igot.plt      0x24000064        0x0 D:/STM32CUBEIDE/STM32CubeIDE_1.13.2/STM32CubeIDE/plugins/com.st.stm32cube.ide.mcu.externaltools.gnu-tools-for-stm32.12.3.rel1.win32_1.0.200.202406191623/tools/bin/../lib/gcc/arm-none-eabi/12.3.1/thumb/v7e-m+dp/hard/crtbegin.o
                0x24000064                        . = ALIGN (0x4)

.bss            0x24000064      0x5b0 load address 0x0800fcc4
                0x24000064                        _sbss = .
                0x24000064                        __bss_start__ = _sbss
 *(.bss)
 .bss           0x24000064       0x1c D:/STM32CUBEIDE/STM32CubeIDE_1.13.2/STM32CubeIDE/plugins/com.st.stm32cube.ide.mcu.externaltools.gnu-tools-for-stm32.12.3.rel1.win32_1.0.200.202406191623/tools/bin/../lib/gcc/arm-none-eabi/12.3.1/thumb/v7e-m+dp/hard/crtbegin.o
 *(.bss*)
 .bss.hadc1     0x24000080       0x70 ./Core/Src/main.o
                0x24000080                hadc1
 .bss.hadc3     0x240000f0       0x70 ./Core/Src/main.o
                0x240000f0                hadc3
 .bss.hdma_adc1
                0x24000160       0x78 ./Core/Src/main.o
                0x24000160                hdma_adc1
 .bss.hdma_adc3
                0x240001d8       0x78 ./Core/Src/main.o
                0x240001d8                hdma_adc3
 .bss.hspi1     0x24000250       0x88 ./Core/Src/main.o
                0x24000250                hspi1
 .bss.htim2     0x240002d8       0x4c ./Core/Src/main.o
                0x240002d8                htim2
 .bss.huart1    0x24000324       0x94 ./Core/Src/main.o
                0x24000324                huart1
 .bss.rs485_RxData
                0x240003b8       0x10 ./Core/Src/main.o
                0x240003b8                rs485_RxData
 .bss.rs485_TxData
                0x240003c8        0x8 ./Core/Src/main.o
                0x240003c8                rs485_TxData
 .bss.rs485_isbusy
                0x240003d0        0x1 ./Core/Src/main.o
                0x240003d0                rs485_isbusy
 *fill*         0x240003d1        0x1 
 .bss.rs485_reg_address
                0x240003d2        0x2 ./Core/Src/main.o
                0x240003d2                rs485_reg_address
 .bss.rs485_reg_number
                0x240003d4        0x2 ./Core/Src/main.o
                0x240003d4                rs485_reg_number
 .bss.rs485_rx_num_bytes
                0x240003d6        0x1 ./Core/Src/main.o
                0x240003d6                rs485_rx_num_bytes
 *fill*         0x240003d7        0x1 
 .bss.rs485_fail_check
                0x240003d8        0x2 ./Core/Src/main.o
                0x240003d8                rs485_fail_check
 .bss.rs485_last_fail_check
                0x240003da        0x2 ./Core/Src/main.o
                0x240003da                rs485_last_fail_check
 .bss.line_sensor_front_read_line_old_value
                0x240003dc        0x4 ./Core/Src/main.o
                0x240003dc                line_sensor_front_read_line_old_value
 .bss.line_sensor_back_read_line_old_value
                0x240003e0        0x4 ./Core/Src/main.o
                0x240003e0                line_sensor_back_read_line_old_value
 .bss.line_sensor_front_values_calibrated
                0x240003e4       0x14 ./Core/Src/main.o
                0x240003e4                line_sensor_front_values_calibrated
 .bss.line_sensor_back_values_calibrated
                0x240003f8       0x14 ./Core/Src/main.o
                0x240003f8                line_sensor_back_values_calibrated
 .bss.line_sensor_front_on_line_left_number
                0x2400040c        0x1 ./Core/Src/main.o
                0x2400040c                line_sensor_front_on_line_left_number
 .bss.line_sensor_front_on_line_middle_number
                0x2400040d        0x1 ./Core/Src/main.o
                0x2400040d                line_sensor_front_on_line_middle_number
 .bss.line_sensor_front_on_line_right_number
                0x2400040e        0x1 ./Core/Src/main.o
                0x2400040e                line_sensor_front_on_line_right_number
 .bss.line_sensor_front_on_line_total_number
                0x2400040f        0x1 ./Core/Src/main.o
                0x2400040f                line_sensor_front_on_line_total_number
 .bss.line_sensor_back_on_line_left_number
                0x24000410        0x1 ./Core/Src/main.o
                0x24000410                line_sensor_back_on_line_left_number
 .bss.line_sensor_back_on_line_middle_number
                0x24000411        0x1 ./Core/Src/main.o
                0x24000411                line_sensor_back_on_line_middle_number
 .bss.line_sensor_back_on_line_right_number
                0x24000412        0x1 ./Core/Src/main.o
                0x24000412                line_sensor_back_on_line_right_number
 .bss.line_sensor_back_on_line_total_number
                0x24000413        0x1 ./Core/Src/main.o
                0x24000413                line_sensor_back_on_line_total_number
 .bss.line_sensor_front_read_line_value
                0x24000414        0x2 ./Core/Src/main.o
                0x24000414                line_sensor_front_read_line_value
 .bss.line_sensor_back_read_line_value
                0x24000416        0x2 ./Core/Src/main.o
                0x24000416                line_sensor_back_read_line_value
 .bss.front_array
                0x24000418       0x60 ./Core/Src/main.o
                0x24000418                front_array
 .bss.back_array
                0x24000478       0x60 ./Core/Src/main.o
                0x24000478                back_array
 .bss.Station   0x240004d8        0x1 ./Core/Src/main.o
                0x240004d8                Station
 *fill*         0x240004d9        0x3 
 .bss.myLoRa    0x240004dc       0x2c ./Core/Src/main.o
                0x240004dc                myLoRa
 .bss.LoRa_stat
                0x24000508        0x2 ./Core/Src/main.o
                0x24000508                LoRa_stat
 *fill*         0x2400050a        0x2 
 .bss.LoraTxBuffer
                0x2400050c       0x80 ./Core/Src/main.o
                0x2400050c                LoraTxBuffer
 .bss.LoraRxBuffer
                0x2400058c       0x80 ./Core/Src/main.o
                0x2400058c                LoraRxBuffer
 .bss.lora_receive_toggle
                0x2400060c        0x1 ./Core/Src/main.o
                0x2400060c                lora_receive_toggle
 *fill*         0x2400060d        0x3 
 .bss.uwTick    0x24000610        0x4 ./Drivers/STM32H7xx_HAL_Driver/Src/stm32h7xx_hal.o
                0x24000610                uwTick
 *(COMMON)
                0x24000614                        . = ALIGN (0x4)
                0x24000614                        _ebss = .
                0x24000614                        __bss_end__ = _ebss

._user_heap_stack
                0x24000614      0x604 load address 0x0800fcc4
                0x24000618                        . = ALIGN (0x8)
 *fill*         0x24000614        0x4 
                [!provide]                        PROVIDE (end = .)
                0x24000618                        PROVIDE (_end = .)
                0x24000818                        . = (. + _Min_Heap_Size)
 *fill*         0x24000618      0x200 
                0x24000c18                        . = (. + _Min_Stack_Size)
 *fill*         0x24000818      0x400 
                0x24000c18                        . = ALIGN (0x8)

/DISCARD/
 libc.a(*)
 libm.a(*)
 libgcc.a(*)

.ARM.attributes
                0x00000000       0x2e
 *(.ARM.attributes)
 .ARM.attributes
                0x00000000       0x20 D:/STM32CUBEIDE/STM32CubeIDE_1.13.2/STM32CubeIDE/plugins/com.st.stm32cube.ide.mcu.externaltools.gnu-tools-for-stm32.12.3.rel1.win32_1.0.200.202406191623/tools/bin/../lib/gcc/arm-none-eabi/12.3.1/thumb/v7e-m+dp/hard/crti.o
 .ARM.attributes
                0x00000020       0x32 D:/STM32CUBEIDE/STM32CubeIDE_1.13.2/STM32CubeIDE/plugins/com.st.stm32cube.ide.mcu.externaltools.gnu-tools-for-stm32.12.3.rel1.win32_1.0.200.202406191623/tools/bin/../lib/gcc/arm-none-eabi/12.3.1/thumb/v7e-m+dp/hard/crtbegin.o
 .ARM.attributes
                0x00000052       0x32 ./Core/Src/LoRa.o
 .ARM.attributes
                0x00000084       0x32 ./Core/Src/line_sensor.o
 .ARM.attributes
                0x000000b6       0x32 ./Core/Src/main.o
 .ARM.attributes
                0x000000e8       0x32 ./Core/Src/modbus_crc.o
 .ARM.attributes
                0x0000011a       0x32 ./Core/Src/stm32h7xx_hal_msp.o
 .ARM.attributes
                0x0000014c       0x32 ./Core/Src/stm32h7xx_it.o
 .ARM.attributes
                0x0000017e       0x32 ./Core/Src/system_stm32h7xx.o
 .ARM.attributes
                0x000001b0       0x21 ./Core/Startup/startup_stm32h723zgtx.o
 .ARM.attributes
                0x000001d1       0x32 ./Drivers/STM32H7xx_HAL_Driver/Src/stm32h7xx_hal.o
 .ARM.attributes
                0x00000203       0x32 ./Drivers/STM32H7xx_HAL_Driver/Src/stm32h7xx_hal_adc.o
 .ARM.attributes
                0x00000235       0x32 ./Drivers/STM32H7xx_HAL_Driver/Src/stm32h7xx_hal_adc_ex.o
 .ARM.attributes
                0x00000267       0x32 ./Drivers/STM32H7xx_HAL_Driver/Src/stm32h7xx_hal_cortex.o
 .ARM.attributes
                0x00000299       0x32 ./Drivers/STM32H7xx_HAL_Driver/Src/stm32h7xx_hal_dma.o
 .ARM.attributes
                0x000002cb       0x32 ./Drivers/STM32H7xx_HAL_Driver/Src/stm32h7xx_hal_gpio.o
 .ARM.attributes
                0x000002fd       0x32 ./Drivers/STM32H7xx_HAL_Driver/Src/stm32h7xx_hal_pwr_ex.o
 .ARM.attributes
                0x0000032f       0x32 ./Drivers/STM32H7xx_HAL_Driver/Src/stm32h7xx_hal_rcc.o
 .ARM.attributes
                0x00000361       0x32 ./Drivers/STM32H7xx_HAL_Driver/Src/stm32h7xx_hal_rcc_ex.o
 .ARM.attributes
                0x00000393       0x32 ./Drivers/STM32H7xx_HAL_Driver/Src/stm32h7xx_hal_spi.o
 .ARM.attributes
                0x000003c5       0x32 ./Drivers/STM32H7xx_HAL_Driver/Src/stm32h7xx_hal_tim.o
 .ARM.attributes
                0x000003f7       0x32 ./Drivers/STM32H7xx_HAL_Driver/Src/stm32h7xx_hal_tim_ex.o
 .ARM.attributes
                0x00000429       0x32 ./Drivers/STM32H7xx_HAL_Driver/Src/stm32h7xx_hal_uart.o
 .ARM.attributes
                0x0000045b       0x32 ./Drivers/STM32H7xx_HAL_Driver/Src/stm32h7xx_hal_uart_ex.o
 .ARM.attributes
                0x0000048d       0x32 D:/STM32CUBEIDE/STM32CubeIDE_1.13.2/STM32CubeIDE/plugins/com.st.stm32cube.ide.mcu.externaltools.gnu-tools-for-stm32.12.3.rel1.win32_1.0.200.202406191623/tools/bin/../lib/gcc/arm-none-eabi/12.3.1/../../../../arm-none-eabi/lib/thumb/v7e-m+dp/hard\libc_nano.a(libc_a-memset.o)
 .ARM.attributes
                0x000004bf       0x32 D:/STM32CUBEIDE/STM32CubeIDE_1.13.2/STM32CubeIDE/plugins/com.st.stm32cube.ide.mcu.externaltools.gnu-tools-for-stm32.12.3.rel1.win32_1.0.200.202406191623/tools/bin/../lib/gcc/arm-none-eabi/12.3.1/../../../../arm-none-eabi/lib/thumb/v7e-m+dp/hard\libc_nano.a(libc_a-init.o)
 .ARM.attributes
                0x000004f1       0x32 D:/STM32CUBEIDE/STM32CubeIDE_1.13.2/STM32CubeIDE/plugins/com.st.stm32cube.ide.mcu.externaltools.gnu-tools-for-stm32.12.3.rel1.win32_1.0.200.202406191623/tools/bin/../lib/gcc/arm-none-eabi/12.3.1/../../../../arm-none-eabi/lib/thumb/v7e-m+dp/hard\libc_nano.a(libc_a-memcpy-stub.o)
 .ARM.attributes
                0x00000523       0x20 D:/STM32CUBEIDE/STM32CubeIDE_1.13.2/STM32CubeIDE/plugins/com.st.stm32cube.ide.mcu.externaltools.gnu-tools-for-stm32.12.3.rel1.win32_1.0.200.202406191623/tools/bin/../lib/gcc/arm-none-eabi/12.3.1/thumb/v7e-m+dp/hard\libgcc.a(_aeabi_uldivmod.o)
 .ARM.attributes
                0x00000543       0x32 D:/STM32CUBEIDE/STM32CubeIDE_1.13.2/STM32CubeIDE/plugins/com.st.stm32cube.ide.mcu.externaltools.gnu-tools-for-stm32.12.3.rel1.win32_1.0.200.202406191623/tools/bin/../lib/gcc/arm-none-eabi/12.3.1/thumb/v7e-m+dp/hard\libgcc.a(_udivmoddi4.o)
 .ARM.attributes
                0x00000575       0x20 D:/STM32CUBEIDE/STM32CubeIDE_1.13.2/STM32CubeIDE/plugins/com.st.stm32cube.ide.mcu.externaltools.gnu-tools-for-stm32.12.3.rel1.win32_1.0.200.202406191623/tools/bin/../lib/gcc/arm-none-eabi/12.3.1/thumb/v7e-m+dp/hard\libgcc.a(_dvmd_tls.o)
 .ARM.attributes
                0x00000595       0x20 D:/STM32CUBEIDE/STM32CubeIDE_1.13.2/STM32CubeIDE/plugins/com.st.stm32cube.ide.mcu.externaltools.gnu-tools-for-stm32.12.3.rel1.win32_1.0.200.202406191623/tools/bin/../lib/gcc/arm-none-eabi/12.3.1/thumb/v7e-m+dp/hard/crtn.o
OUTPUT(GENZERO_AGV_VH7.elf elf32-littlearm)
LOAD linker stubs
LOAD D:/STM32CUBEIDE/STM32CubeIDE_1.13.2/STM32CubeIDE/plugins/com.st.stm32cube.ide.mcu.externaltools.gnu-tools-for-stm32.12.3.rel1.win32_1.0.200.202406191623/tools/bin/../lib/gcc/arm-none-eabi/12.3.1/../../../../arm-none-eabi/lib/thumb/v7e-m+dp/hard\libc.a
LOAD D:/STM32CUBEIDE/STM32CubeIDE_1.13.2/STM32CubeIDE/plugins/com.st.stm32cube.ide.mcu.externaltools.gnu-tools-for-stm32.12.3.rel1.win32_1.0.200.202406191623/tools/bin/../lib/gcc/arm-none-eabi/12.3.1/../../../../arm-none-eabi/lib/thumb/v7e-m+dp/hard\libm.a
LOAD D:/STM32CUBEIDE/STM32CubeIDE_1.13.2/STM32CubeIDE/plugins/com.st.stm32cube.ide.mcu.externaltools.gnu-tools-for-stm32.12.3.rel1.win32_1.0.200.202406191623/tools/bin/../lib/gcc/arm-none-eabi/12.3.1/thumb/v7e-m+dp/hard\libgcc.a

.debug_info     0x00000000    0x1ed31
 .debug_info    0x00000000     0x104d ./Core/Src/LoRa.o
 .debug_info    0x0000104d      0x363 ./Core/Src/line_sensor.o
 .debug_info    0x000013b0     0x33b4 ./Core/Src/main.o
 .debug_info    0x00004764      0x143 ./Core/Src/modbus_crc.o
 .debug_info    0x000048a7     0x2332 ./Core/Src/stm32h7xx_hal_msp.o
 .debug_info    0x00006bd9      0xdba ./Core/Src/stm32h7xx_it.o
 .debug_info    0x00007993      0xb2e ./Core/Src/system_stm32h7xx.o
 .debug_info    0x000084c1       0x30 ./Core/Startup/startup_stm32h723zgtx.o
 .debug_info    0x000084f1     0x1698 ./Drivers/STM32H7xx_HAL_Driver/Src/stm32h7xx_hal.o
 .debug_info    0x00009b89     0x245f ./Drivers/STM32H7xx_HAL_Driver/Src/stm32h7xx_hal_adc.o
 .debug_info    0x0000bfe8     0x2432 ./Drivers/STM32H7xx_HAL_Driver/Src/stm32h7xx_hal_adc_ex.o
 .debug_info    0x0000e41a     0x10a0 ./Drivers/STM32H7xx_HAL_Driver/Src/stm32h7xx_hal_cortex.o
 .debug_info    0x0000f4ba      0xb67 ./Drivers/STM32H7xx_HAL_Driver/Src/stm32h7xx_hal_dma.o
 .debug_info    0x00010021      0xc5c ./Drivers/STM32H7xx_HAL_Driver/Src/stm32h7xx_hal_gpio.o
 .debug_info    0x00010c7d      0xdc4 ./Drivers/STM32H7xx_HAL_Driver/Src/stm32h7xx_hal_pwr_ex.o
 .debug_info    0x00011a41      0xd73 ./Drivers/STM32H7xx_HAL_Driver/Src/stm32h7xx_hal_rcc.o
 .debug_info    0x000127b4     0x11fc ./Drivers/STM32H7xx_HAL_Driver/Src/stm32h7xx_hal_rcc_ex.o
 .debug_info    0x000139b0     0x1440 ./Drivers/STM32H7xx_HAL_Driver/Src/stm32h7xx_hal_spi.o
 .debug_info    0x00014df0     0x2bae ./Drivers/STM32H7xx_HAL_Driver/Src/stm32h7xx_hal_tim.o
 .debug_info    0x0001799e     0x18c1 ./Drivers/STM32H7xx_HAL_Driver/Src/stm32h7xx_hal_tim_ex.o
 .debug_info    0x0001925f     0x4b13 ./Drivers/STM32H7xx_HAL_Driver/Src/stm32h7xx_hal_uart.o
 .debug_info    0x0001dd72      0xfbf ./Drivers/STM32H7xx_HAL_Driver/Src/stm32h7xx_hal_uart_ex.o

.debug_abbrev   0x00000000     0x334f
 .debug_abbrev  0x00000000      0x273 ./Core/Src/LoRa.o
 .debug_abbrev  0x00000273       0xe6 ./Core/Src/line_sensor.o
 .debug_abbrev  0x00000359      0x3bc ./Core/Src/main.o
 .debug_abbrev  0x00000715       0xaf ./Core/Src/modbus_crc.o
 .debug_abbrev  0x000007c4      0x296 ./Core/Src/stm32h7xx_hal_msp.o
 .debug_abbrev  0x00000a5a      0x1b0 ./Core/Src/stm32h7xx_it.o
 .debug_abbrev  0x00000c0a      0x13a ./Core/Src/system_stm32h7xx.o
 .debug_abbrev  0x00000d44       0x24 ./Core/Startup/startup_stm32h723zgtx.o
 .debug_abbrev  0x00000d68      0x29e ./Drivers/STM32H7xx_HAL_Driver/Src/stm32h7xx_hal.o
 .debug_abbrev  0x00001006      0x309 ./Drivers/STM32H7xx_HAL_Driver/Src/stm32h7xx_hal_adc.o
 .debug_abbrev  0x0000130f      0x346 ./Drivers/STM32H7xx_HAL_Driver/Src/stm32h7xx_hal_adc_ex.o
 .debug_abbrev  0x00001655      0x339 ./Drivers/STM32H7xx_HAL_Driver/Src/stm32h7xx_hal_cortex.o
 .debug_abbrev  0x0000198e      0x248 ./Drivers/STM32H7xx_HAL_Driver/Src/stm32h7xx_hal_dma.o
 .debug_abbrev  0x00001bd6      0x1fe ./Drivers/STM32H7xx_HAL_Driver/Src/stm32h7xx_hal_gpio.o
 .debug_abbrev  0x00001dd4      0x295 ./Drivers/STM32H7xx_HAL_Driver/Src/stm32h7xx_hal_pwr_ex.o
 .debug_abbrev  0x00002069      0x2b1 ./Drivers/STM32H7xx_HAL_Driver/Src/stm32h7xx_hal_rcc.o
 .debug_abbrev  0x0000231a      0x269 ./Drivers/STM32H7xx_HAL_Driver/Src/stm32h7xx_hal_rcc_ex.o
 .debug_abbrev  0x00002583      0x2b1 ./Drivers/STM32H7xx_HAL_Driver/Src/stm32h7xx_hal_spi.o
 .debug_abbrev  0x00002834      0x276 ./Drivers/STM32H7xx_HAL_Driver/Src/stm32h7xx_hal_tim.o
 .debug_abbrev  0x00002aaa      0x296 ./Drivers/STM32H7xx_HAL_Driver/Src/stm32h7xx_hal_tim_ex.o
 .debug_abbrev  0x00002d40      0x33d ./Drivers/STM32H7xx_HAL_Driver/Src/stm32h7xx_hal_uart.o
 .debug_abbrev  0x0000307d      0x2d2 ./Drivers/STM32H7xx_HAL_Driver/Src/stm32h7xx_hal_uart_ex.o

.debug_aranges  0x00000000     0x1868
 .debug_aranges
                0x00000000       0xc8 ./Core/Src/LoRa.o
 .debug_aranges
                0x000000c8       0x28 ./Core/Src/line_sensor.o
 .debug_aranges
                0x000000f0       0xd8 ./Core/Src/main.o
 .debug_aranges
                0x000001c8       0x20 ./Core/Src/modbus_crc.o
 .debug_aranges
                0x000001e8       0x68 ./Core/Src/stm32h7xx_hal_msp.o
 .debug_aranges
                0x00000250       0xb0 ./Core/Src/stm32h7xx_it.o
 .debug_aranges
                0x00000300       0x28 ./Core/Src/system_stm32h7xx.o
 .debug_aranges
                0x00000328       0x28 ./Core/Startup/startup_stm32h723zgtx.o
 .debug_aranges
                0x00000350      0x1c8 ./Drivers/STM32H7xx_HAL_Driver/Src/stm32h7xx_hal.o
 .debug_aranges
                0x00000518      0x260 ./Drivers/STM32H7xx_HAL_Driver/Src/stm32h7xx_hal_adc.o
 .debug_aranges
                0x00000778      0x1f0 ./Drivers/STM32H7xx_HAL_Driver/Src/stm32h7xx_hal_adc_ex.o
 .debug_aranges
                0x00000968      0x130 ./Drivers/STM32H7xx_HAL_Driver/Src/stm32h7xx_hal_cortex.o
 .debug_aranges
                0x00000a98       0xa0 ./Drivers/STM32H7xx_HAL_Driver/Src/stm32h7xx_hal_dma.o
 .debug_aranges
                0x00000b38       0x58 ./Drivers/STM32H7xx_HAL_Driver/Src/stm32h7xx_hal_gpio.o
 .debug_aranges
                0x00000b90      0x148 ./Drivers/STM32H7xx_HAL_Driver/Src/stm32h7xx_hal_pwr_ex.o
 .debug_aranges
                0x00000cd8       0x88 ./Drivers/STM32H7xx_HAL_Driver/Src/stm32h7xx_hal_rcc.o
 .debug_aranges
                0x00000d60       0xf8 ./Drivers/STM32H7xx_HAL_Driver/Src/stm32h7xx_hal_rcc_ex.o
 .debug_aranges
                0x00000e58      0x1a8 ./Drivers/STM32H7xx_HAL_Driver/Src/stm32h7xx_hal_spi.o
 .debug_aranges
                0x00001000      0x3e0 ./Drivers/STM32H7xx_HAL_Driver/Src/stm32h7xx_hal_tim.o
 .debug_aranges
                0x000013e0      0x198 ./Drivers/STM32H7xx_HAL_Driver/Src/stm32h7xx_hal_tim_ex.o
 .debug_aranges
                0x00001578      0x248 ./Drivers/STM32H7xx_HAL_Driver/Src/stm32h7xx_hal_uart.o
 .debug_aranges
                0x000017c0       0xa8 ./Drivers/STM32H7xx_HAL_Driver/Src/stm32h7xx_hal_uart_ex.o

.debug_rnglists
                0x00000000     0x1314
 .debug_rnglists
                0x00000000       0x96 ./Core/Src/LoRa.o
 .debug_rnglists
                0x00000096       0x1b ./Core/Src/line_sensor.o
 .debug_rnglists
                0x000000b1       0xb0 ./Core/Src/main.o
 .debug_rnglists
                0x00000161       0x13 ./Core/Src/modbus_crc.o
 .debug_rnglists
                0x00000174       0x4d ./Core/Src/stm32h7xx_hal_msp.o
 .debug_rnglists
                0x000001c1       0x7f ./Core/Src/stm32h7xx_it.o
 .debug_rnglists
                0x00000240       0x1b ./Core/Src/system_stm32h7xx.o
 .debug_rnglists
                0x0000025b       0x19 ./Core/Startup/startup_stm32h723zgtx.o
 .debug_rnglists
                0x00000274      0x155 ./Drivers/STM32H7xx_HAL_Driver/Src/stm32h7xx_hal.o
 .debug_rnglists
                0x000003c9      0x1d5 ./Drivers/STM32H7xx_HAL_Driver/Src/stm32h7xx_hal_adc.o
 .debug_rnglists
                0x0000059e      0x182 ./Drivers/STM32H7xx_HAL_Driver/Src/stm32h7xx_hal_adc_ex.o
 .debug_rnglists
                0x00000720       0xe0 ./Drivers/STM32H7xx_HAL_Driver/Src/stm32h7xx_hal_cortex.o
 .debug_rnglists
                0x00000800       0x82 ./Drivers/STM32H7xx_HAL_Driver/Src/stm32h7xx_hal_dma.o
 .debug_rnglists
                0x00000882       0x3f ./Drivers/STM32H7xx_HAL_Driver/Src/stm32h7xx_hal_gpio.o
 .debug_rnglists
                0x000008c1       0xf5 ./Drivers/STM32H7xx_HAL_Driver/Src/stm32h7xx_hal_pwr_ex.o
 .debug_rnglists
                0x000009b6       0x68 ./Drivers/STM32H7xx_HAL_Driver/Src/stm32h7xx_hal_rcc.o
 .debug_rnglists
                0x00000a1e       0xc0 ./Drivers/STM32H7xx_HAL_Driver/Src/stm32h7xx_hal_rcc_ex.o
 .debug_rnglists
                0x00000ade      0x148 ./Drivers/STM32H7xx_HAL_Driver/Src/stm32h7xx_hal_spi.o
 .debug_rnglists
                0x00000c26      0x328 ./Drivers/STM32H7xx_HAL_Driver/Src/stm32h7xx_hal_tim.o
 .debug_rnglists
                0x00000f4e      0x14d ./Drivers/STM32H7xx_HAL_Driver/Src/stm32h7xx_hal_tim_ex.o
 .debug_rnglists
                0x0000109b      0x1fa ./Drivers/STM32H7xx_HAL_Driver/Src/stm32h7xx_hal_uart.o
 .debug_rnglists
                0x00001295       0x7f ./Drivers/STM32H7xx_HAL_Driver/Src/stm32h7xx_hal_uart_ex.o

.debug_macro    0x00000000    0x35f7c
 .debug_macro   0x00000000      0x2fd ./Core/Src/LoRa.o
 .debug_macro   0x000002fd      0xacc ./Core/Src/LoRa.o
 .debug_macro   0x00000dc9      0x244 ./Core/Src/LoRa.o
 .debug_macro   0x0000100d       0x2e ./Core/Src/LoRa.o
 .debug_macro   0x0000103b       0x3b ./Core/Src/LoRa.o
 .debug_macro   0x00001076       0x22 ./Core/Src/LoRa.o
 .debug_macro   0x00001098       0x8e ./Core/Src/LoRa.o
 .debug_macro   0x00001126       0x51 ./Core/Src/LoRa.o
 .debug_macro   0x00001177      0x103 ./Core/Src/LoRa.o
 .debug_macro   0x0000127a       0x6a ./Core/Src/LoRa.o
 .debug_macro   0x000012e4      0x1df ./Core/Src/LoRa.o
 .debug_macro   0x000014c3       0x1c ./Core/Src/LoRa.o
 .debug_macro   0x000014df       0x22 ./Core/Src/LoRa.o
 .debug_macro   0x00001501       0xfb ./Core/Src/LoRa.o
 .debug_macro   0x000015fc     0x1305 ./Core/Src/LoRa.o
 .debug_macro   0x00002901      0x11f ./Core/Src/LoRa.o
 .debug_macro   0x00002a20       0x27 ./Core/Src/LoRa.o
 .debug_macro   0x00002a47    0x2127f ./Core/Src/LoRa.o
 .debug_macro   0x00023cc6       0x6d ./Core/Src/LoRa.o
 .debug_macro   0x00023d33     0x3d64 ./Core/Src/LoRa.o
 .debug_macro   0x00027a97      0x189 ./Core/Src/LoRa.o
 .debug_macro   0x00027c20       0x61 ./Core/Src/LoRa.o
 .debug_macro   0x00027c81       0x29 ./Core/Src/LoRa.o
 .debug_macro   0x00027caa       0x43 ./Core/Src/LoRa.o
 .debug_macro   0x00027ced       0x34 ./Core/Src/LoRa.o
 .debug_macro   0x00027d21       0x16 ./Core/Src/LoRa.o
 .debug_macro   0x00027d37       0x43 ./Core/Src/LoRa.o
 .debug_macro   0x00027d7a       0x34 ./Core/Src/LoRa.o
 .debug_macro   0x00027dae       0x10 ./Core/Src/LoRa.o
 .debug_macro   0x00027dbe       0x58 ./Core/Src/LoRa.o
 .debug_macro   0x00027e16       0x8e ./Core/Src/LoRa.o
 .debug_macro   0x00027ea4       0x1c ./Core/Src/LoRa.o
 .debug_macro   0x00027ec0      0x177 ./Core/Src/LoRa.o
 .debug_macro   0x00028037      0x369 ./Core/Src/LoRa.o
 .debug_macro   0x000283a0      0x19b ./Core/Src/LoRa.o
 .debug_macro   0x0002853b       0x5d ./Core/Src/LoRa.o
 .debug_macro   0x00028598     0x2462 ./Core/Src/LoRa.o
 .debug_macro   0x0002a9fa     0x1079 ./Core/Src/LoRa.o
 .debug_macro   0x0002ba73      0x154 ./Core/Src/LoRa.o
 .debug_macro   0x0002bbc7      0x114 ./Core/Src/LoRa.o
 .debug_macro   0x0002bcdb      0x3fc ./Core/Src/LoRa.o
 .debug_macro   0x0002c0d7       0xac ./Core/Src/LoRa.o
 .debug_macro   0x0002c183      0x788 ./Core/Src/LoRa.o
 .debug_macro   0x0002c90b      0x228 ./Core/Src/LoRa.o
 .debug_macro   0x0002cb33       0x66 ./Core/Src/LoRa.o
 .debug_macro   0x0002cb99      0x3a6 ./Core/Src/LoRa.o
 .debug_macro   0x0002cf3f      0x3f9 ./Core/Src/LoRa.o
 .debug_macro   0x0002d338      0x275 ./Core/Src/LoRa.o
 .debug_macro   0x0002d5ad     0x1178 ./Core/Src/LoRa.o
 .debug_macro   0x0002e725      0x7c8 ./Core/Src/LoRa.o
 .debug_macro   0x0002eeed      0x39f ./Core/Src/LoRa.o
 .debug_macro   0x0002f28c      0x3ca ./Core/Src/LoRa.o
 .debug_macro   0x0002f656      0x45c ./Core/Src/LoRa.o
 .debug_macro   0x0002fab2       0x3c ./Core/Src/LoRa.o
 .debug_macro   0x0002faee       0x4a ./Core/Src/LoRa.o
 .debug_macro   0x0002fb38      0x22c ./Core/Src/LoRa.o
 .debug_macro   0x0002fd64       0x67 ./Core/Src/LoRa.o
 .debug_macro   0x0002fdcb       0xa5 ./Core/Src/LoRa.o
 .debug_macro   0x0002fe70      0x1c4 ./Core/Src/LoRa.o
 .debug_macro   0x00030034      0x22a ./Core/Src/LoRa.o
 .debug_macro   0x0003025e       0x35 ./Core/Src/LoRa.o
 .debug_macro   0x00030293      0x5e4 ./Core/Src/LoRa.o
 .debug_macro   0x00030877       0xc1 ./Core/Src/LoRa.o
 .debug_macro   0x00030938      0xb24 ./Core/Src/LoRa.o
 .debug_macro   0x0003145c      0x29f ./Core/Src/LoRa.o
 .debug_macro   0x000316fb      0x693 ./Core/Src/LoRa.o
 .debug_macro   0x00031d8e       0xa6 ./Core/Src/LoRa.o
 .debug_macro   0x00031e34      0x5e6 ./Core/Src/LoRa.o
 .debug_macro   0x0003241a       0x8e ./Core/Src/LoRa.o
 .debug_macro   0x000324a8      0x172 ./Core/Src/LoRa.o
 .debug_macro   0x0003261a      0x2fe ./Core/Src/line_sensor.o
 .debug_macro   0x00032918      0x327 ./Core/Src/main.o
 .debug_macro   0x00032c3f       0x63 ./Core/Src/modbus_crc.o
 .debug_macro   0x00032ca2      0x2f4 ./Core/Src/stm32h7xx_hal_msp.o
 .debug_macro   0x00032f96      0x2fe ./Core/Src/stm32h7xx_it.o
 .debug_macro   0x00033294      0x2e5 ./Core/Src/system_stm32h7xx.o
 .debug_macro   0x00033579      0x30f ./Drivers/STM32H7xx_HAL_Driver/Src/stm32h7xx_hal.o
 .debug_macro   0x00033888      0x310 ./Drivers/STM32H7xx_HAL_Driver/Src/stm32h7xx_hal_adc.o
 .debug_macro   0x00033b98      0x2f1 ./Drivers/STM32H7xx_HAL_Driver/Src/stm32h7xx_hal_adc_ex.o
 .debug_macro   0x00033e89      0x2e5 ./Drivers/STM32H7xx_HAL_Driver/Src/stm32h7xx_hal_cortex.o
 .debug_macro   0x0003416e      0x339 ./Drivers/STM32H7xx_HAL_Driver/Src/stm32h7xx_hal_dma.o
 .debug_macro   0x000344a7      0x2ec ./Drivers/STM32H7xx_HAL_Driver/Src/stm32h7xx_hal_gpio.o
 .debug_macro   0x00034793      0x31e ./Drivers/STM32H7xx_HAL_Driver/Src/stm32h7xx_hal_pwr_ex.o
 .debug_macro   0x00034ab1      0x309 ./Drivers/STM32H7xx_HAL_Driver/Src/stm32h7xx_hal_rcc.o
 .debug_macro   0x00034dba      0x303 ./Drivers/STM32H7xx_HAL_Driver/Src/stm32h7xx_hal_rcc_ex.o
 .debug_macro   0x000350bd      0x2ed ./Drivers/STM32H7xx_HAL_Driver/Src/stm32h7xx_hal_spi.o
 .debug_macro   0x000353aa      0x2e6 ./Drivers/STM32H7xx_HAL_Driver/Src/stm32h7xx_hal_tim.o
 .debug_macro   0x00035690      0x2eb ./Drivers/STM32H7xx_HAL_Driver/Src/stm32h7xx_hal_tim_ex.o
 .debug_macro   0x0003597b      0x310 ./Drivers/STM32H7xx_HAL_Driver/Src/stm32h7xx_hal_uart.o
 .debug_macro   0x00035c8b      0x2f1 ./Drivers/STM32H7xx_HAL_Driver/Src/stm32h7xx_hal_uart_ex.o

.debug_line     0x00000000    0x21ae0
 .debug_line    0x00000000      0xee1 ./Core/Src/LoRa.o
 .debug_line    0x00000ee1      0xbca ./Core/Src/line_sensor.o
 .debug_line    0x00001aab     0x1394 ./Core/Src/main.o
 .debug_line    0x00002e3f      0x433 ./Core/Src/modbus_crc.o
 .debug_line    0x00003272      0xc7e ./Core/Src/stm32h7xx_hal_msp.o
 .debug_line    0x00003ef0      0xbfe ./Core/Src/stm32h7xx_it.o
 .debug_line    0x00004aee      0xbfc ./Core/Src/system_stm32h7xx.o
 .debug_line    0x000056ea       0x7a ./Core/Startup/startup_stm32h723zgtx.o
 .debug_line    0x00005764     0x108d ./Drivers/STM32H7xx_HAL_Driver/Src/stm32h7xx_hal.o
 .debug_line    0x000067f1     0x2948 ./Drivers/STM32H7xx_HAL_Driver/Src/stm32h7xx_hal_adc.o
 .debug_line    0x00009139     0x241e ./Drivers/STM32H7xx_HAL_Driver/Src/stm32h7xx_hal_adc_ex.o
 .debug_line    0x0000b557     0x102b ./Drivers/STM32H7xx_HAL_Driver/Src/stm32h7xx_hal_cortex.o
 .debug_line    0x0000c582     0x2962 ./Drivers/STM32H7xx_HAL_Driver/Src/stm32h7xx_hal_dma.o
 .debug_line    0x0000eee4      0xec0 ./Drivers/STM32H7xx_HAL_Driver/Src/stm32h7xx_hal_gpio.o
 .debug_line    0x0000fda4     0x107a ./Drivers/STM32H7xx_HAL_Driver/Src/stm32h7xx_hal_pwr_ex.o
 .debug_line    0x00010e1e     0x1523 ./Drivers/STM32H7xx_HAL_Driver/Src/stm32h7xx_hal_rcc.o
 .debug_line    0x00012341     0x1df2 ./Drivers/STM32H7xx_HAL_Driver/Src/stm32h7xx_hal_rcc_ex.o
 .debug_line    0x00014133     0x251c ./Drivers/STM32H7xx_HAL_Driver/Src/stm32h7xx_hal_spi.o
 .debug_line    0x0001664f     0x421e ./Drivers/STM32H7xx_HAL_Driver/Src/stm32h7xx_hal_tim.o
 .debug_line    0x0001a86d     0x20f0 ./Drivers/STM32H7xx_HAL_Driver/Src/stm32h7xx_hal_tim_ex.o
 .debug_line    0x0001c95d     0x40e9 ./Drivers/STM32H7xx_HAL_Driver/Src/stm32h7xx_hal_uart.o
 .debug_line    0x00020a46     0x109a ./Drivers/STM32H7xx_HAL_Driver/Src/stm32h7xx_hal_uart_ex.o

.debug_str      0x00000000   0x166f42
 .debug_str     0x00000000   0x15e9b2 ./Core/Src/LoRa.o
                             0x15f0eb (size before relaxing)
 .debug_str     0x0015e9b2      0x196 ./Core/Src/line_sensor.o
                             0x15e566 (size before relaxing)
 .debug_str     0x0015eb48     0x207c ./Core/Src/main.o
                             0x161385 (size before relaxing)
 .debug_str     0x00160bc4       0x48 ./Core/Src/modbus_crc.o
                               0x3dc4 (size before relaxing)
 .debug_str     0x00160c0c      0x147 ./Core/Src/stm32h7xx_hal_msp.o
                             0x16018e (size before relaxing)
 .debug_str     0x00160d53      0x1c7 ./Core/Src/stm32h7xx_it.o
                             0x15ee7d (size before relaxing)
 .debug_str     0x00160f1a      0x2a4 ./Core/Src/system_stm32h7xx.o
                             0x15e678 (size before relaxing)
 .debug_str     0x001611be       0x44 ./Core/Startup/startup_stm32h723zgtx.o
                                 0x7e (size before relaxing)
 .debug_str     0x00161202      0x986 ./Drivers/STM32H7xx_HAL_Driver/Src/stm32h7xx_hal.o
                             0x15f702 (size before relaxing)
 .debug_str     0x00161b88      0xc8d ./Drivers/STM32H7xx_HAL_Driver/Src/stm32h7xx_hal_adc.o
                             0x15f709 (size before relaxing)
 .debug_str     0x00162815      0x7d8 ./Drivers/STM32H7xx_HAL_Driver/Src/stm32h7xx_hal_adc_ex.o
                             0x15f629 (size before relaxing)
 .debug_str     0x00162fed      0x364 ./Drivers/STM32H7xx_HAL_Driver/Src/stm32h7xx_hal_cortex.o
                             0x15f01c (size before relaxing)
 .debug_str     0x00163351      0x883 ./Drivers/STM32H7xx_HAL_Driver/Src/stm32h7xx_hal_dma.o
                             0x15ee2d (size before relaxing)
 .debug_str     0x00163bd4       0x97 ./Drivers/STM32H7xx_HAL_Driver/Src/stm32h7xx_hal_gpio.o
                             0x15e6c3 (size before relaxing)
 .debug_str     0x00163c6b      0x5d0 ./Drivers/STM32H7xx_HAL_Driver/Src/stm32h7xx_hal_pwr_ex.o
                             0x15eacb (size before relaxing)
 .debug_str     0x0016423b      0x21a ./Drivers/STM32H7xx_HAL_Driver/Src/stm32h7xx_hal_rcc.o
                             0x15ea46 (size before relaxing)
 .debug_str     0x00164455      0x626 ./Drivers/STM32H7xx_HAL_Driver/Src/stm32h7xx_hal_rcc_ex.o
                             0x15ef5e (size before relaxing)
 .debug_str     0x00164a7b      0x511 ./Drivers/STM32H7xx_HAL_Driver/Src/stm32h7xx_hal_spi.o
                             0x15edc9 (size before relaxing)
 .debug_str     0x00164f8c      0xdf3 ./Drivers/STM32H7xx_HAL_Driver/Src/stm32h7xx_hal_tim.o
                             0x15f844 (size before relaxing)
 .debug_str     0x00165d7f      0x5f6 ./Drivers/STM32H7xx_HAL_Driver/Src/stm32h7xx_hal_tim_ex.o
                             0x15f1f1 (size before relaxing)
 .debug_str     0x00166375      0x98f ./Drivers/STM32H7xx_HAL_Driver/Src/stm32h7xx_hal_uart.o
                             0x15f5e6 (size before relaxing)
 .debug_str     0x00166d04      0x23e ./Drivers/STM32H7xx_HAL_Driver/Src/stm32h7xx_hal_uart_ex.o
                             0x15eba6 (size before relaxing)

.comment        0x00000000       0x43
 .comment       0x00000000       0x43 ./Core/Src/LoRa.o
                                 0x44 (size before relaxing)
 .comment       0x00000043       0x44 ./Core/Src/line_sensor.o
 .comment       0x00000043       0x44 ./Core/Src/main.o
 .comment       0x00000043       0x44 ./Core/Src/modbus_crc.o
 .comment       0x00000043       0x44 ./Core/Src/stm32h7xx_hal_msp.o
 .comment       0x00000043       0x44 ./Core/Src/stm32h7xx_it.o
 .comment       0x00000043       0x44 ./Core/Src/system_stm32h7xx.o
 .comment       0x00000043       0x44 ./Drivers/STM32H7xx_HAL_Driver/Src/stm32h7xx_hal.o
 .comment       0x00000043       0x44 ./Drivers/STM32H7xx_HAL_Driver/Src/stm32h7xx_hal_adc.o
 .comment       0x00000043       0x44 ./Drivers/STM32H7xx_HAL_Driver/Src/stm32h7xx_hal_adc_ex.o
 .comment       0x00000043       0x44 ./Drivers/STM32H7xx_HAL_Driver/Src/stm32h7xx_hal_cortex.o
 .comment       0x00000043       0x44 ./Drivers/STM32H7xx_HAL_Driver/Src/stm32h7xx_hal_dma.o
 .comment       0x00000043       0x44 ./Drivers/STM32H7xx_HAL_Driver/Src/stm32h7xx_hal_gpio.o
 .comment       0x00000043       0x44 ./Drivers/STM32H7xx_HAL_Driver/Src/stm32h7xx_hal_pwr_ex.o
 .comment       0x00000043       0x44 ./Drivers/STM32H7xx_HAL_Driver/Src/stm32h7xx_hal_rcc.o
 .comment       0x00000043       0x44 ./Drivers/STM32H7xx_HAL_Driver/Src/stm32h7xx_hal_rcc_ex.o
 .comment       0x00000043       0x44 ./Drivers/STM32H7xx_HAL_Driver/Src/stm32h7xx_hal_spi.o
 .comment       0x00000043       0x44 ./Drivers/STM32H7xx_HAL_Driver/Src/stm32h7xx_hal_tim.o
 .comment       0x00000043       0x44 ./Drivers/STM32H7xx_HAL_Driver/Src/stm32h7xx_hal_tim_ex.o
 .comment       0x00000043       0x44 ./Drivers/STM32H7xx_HAL_Driver/Src/stm32h7xx_hal_uart.o
 .comment       0x00000043       0x44 ./Drivers/STM32H7xx_HAL_Driver/Src/stm32h7xx_hal_uart_ex.o

.debug_frame    0x00000000     0x6a38
 .debug_frame   0x00000000      0x338 ./Core/Src/LoRa.o
 .debug_frame   0x00000338       0x60 ./Core/Src/line_sensor.o
 .debug_frame   0x00000398      0x358 ./Core/Src/main.o
 .debug_frame   0x000006f0       0x38 ./Core/Src/modbus_crc.o
 .debug_frame   0x00000728      0x190 ./Core/Src/stm32h7xx_hal_msp.o
 .debug_frame   0x000008b8      0x21c ./Core/Src/stm32h7xx_it.o
 .debug_frame   0x00000ad4       0x58 ./Core/Src/system_stm32h7xx.o
 .debug_frame   0x00000b2c      0x760 ./Drivers/STM32H7xx_HAL_Driver/Src/stm32h7xx_hal.o
 .debug_frame   0x0000128c      0xb40 ./Drivers/STM32H7xx_HAL_Driver/Src/stm32h7xx_hal_adc.o
 .debug_frame   0x00001dcc      0x904 ./Drivers/STM32H7xx_HAL_Driver/Src/stm32h7xx_hal_adc_ex.o
 .debug_frame   0x000026d0      0x508 ./Drivers/STM32H7xx_HAL_Driver/Src/stm32h7xx_hal_cortex.o
 .debug_frame   0x00002bd8      0x2b4 ./Drivers/STM32H7xx_HAL_Driver/Src/stm32h7xx_hal_dma.o
 .debug_frame   0x00002e8c      0x14c ./Drivers/STM32H7xx_HAL_Driver/Src/stm32h7xx_hal_gpio.o
 .debug_frame   0x00002fd8      0x540 ./Drivers/STM32H7xx_HAL_Driver/Src/stm32h7xx_hal_pwr_ex.o
 .debug_frame   0x00003518      0x1fc ./Drivers/STM32H7xx_HAL_Driver/Src/stm32h7xx_hal_rcc.o
 .debug_frame   0x00003714      0x414 ./Drivers/STM32H7xx_HAL_Driver/Src/stm32h7xx_hal_rcc_ex.o
 .debug_frame   0x00003b28      0x7a8 ./Drivers/STM32H7xx_HAL_Driver/Src/stm32h7xx_hal_spi.o
 .debug_frame   0x000042d0     0x121c ./Drivers/STM32H7xx_HAL_Driver/Src/stm32h7xx_hal_tim.o
 .debug_frame   0x000054ec      0x724 ./Drivers/STM32H7xx_HAL_Driver/Src/stm32h7xx_hal_tim_ex.o
 .debug_frame   0x00005c10      0xa94 ./Drivers/STM32H7xx_HAL_Driver/Src/stm32h7xx_hal_uart.o
 .debug_frame   0x000066a4      0x2c0 ./Drivers/STM32H7xx_HAL_Driver/Src/stm32h7xx_hal_uart_ex.o
 .debug_frame   0x00006964       0x20 D:/STM32CUBEIDE/STM32CubeIDE_1.13.2/STM32CubeIDE/plugins/com.st.stm32cube.ide.mcu.externaltools.gnu-tools-for-stm32.12.3.rel1.win32_1.0.200.202406191623/tools/bin/../lib/gcc/arm-none-eabi/12.3.1/../../../../arm-none-eabi/lib/thumb/v7e-m+dp/hard\libc_nano.a(libc_a-memset.o)
 .debug_frame   0x00006984       0x2c D:/STM32CUBEIDE/STM32CubeIDE_1.13.2/STM32CubeIDE/plugins/com.st.stm32cube.ide.mcu.externaltools.gnu-tools-for-stm32.12.3.rel1.win32_1.0.200.202406191623/tools/bin/../lib/gcc/arm-none-eabi/12.3.1/../../../../arm-none-eabi/lib/thumb/v7e-m+dp/hard\libc_nano.a(libc_a-init.o)
 .debug_frame   0x000069b0       0x28 D:/STM32CUBEIDE/STM32CubeIDE_1.13.2/STM32CubeIDE/plugins/com.st.stm32cube.ide.mcu.externaltools.gnu-tools-for-stm32.12.3.rel1.win32_1.0.200.202406191623/tools/bin/../lib/gcc/arm-none-eabi/12.3.1/../../../../arm-none-eabi/lib/thumb/v7e-m+dp/hard\libc_nano.a(libc_a-memcpy-stub.o)
 .debug_frame   0x000069d8       0x2c D:/STM32CUBEIDE/STM32CubeIDE_1.13.2/STM32CubeIDE/plugins/com.st.stm32cube.ide.mcu.externaltools.gnu-tools-for-stm32.12.3.rel1.win32_1.0.200.202406191623/tools/bin/../lib/gcc/arm-none-eabi/12.3.1/thumb/v7e-m+dp/hard\libgcc.a(_aeabi_uldivmod.o)
 .debug_frame   0x00006a04       0x34 D:/STM32CUBEIDE/STM32CubeIDE_1.13.2/STM32CubeIDE/plugins/com.st.stm32cube.ide.mcu.externaltools.gnu-tools-for-stm32.12.3.rel1.win32_1.0.200.202406191623/tools/bin/../lib/gcc/arm-none-eabi/12.3.1/thumb/v7e-m+dp/hard\libgcc.a(_udivmoddi4.o)

.debug_line_str
                0x00000000       0x62
 .debug_line_str
                0x00000000       0x62 ./Core/Startup/startup_stm32h723zgtx.o